Archive member included because of file (symbol)

c:/program files (x86)/gnu tools arm embedded/4.9 2015q1/bin/../lib/gcc/arm-none-eabi/4.9.3/../../../../arm-none-eabi/lib/armv7-m\libc.a(lib_a-errno.o)
                              Lb_Util.o (__errno)
c:/program files (x86)/gnu tools arm embedded/4.9 2015q1/bin/../lib/gcc/arm-none-eabi/4.9.3/../../../../arm-none-eabi/lib/armv7-m\libc.a(lib_a-impure.o)
                              c:/program files (x86)/gnu tools arm embedded/4.9 2015q1/bin/../lib/gcc/arm-none-eabi/4.9.3/../../../../arm-none-eabi/lib/armv7-m\libc.a(lib_a-errno.o) (_impure_ptr)
c:/program files (x86)/gnu tools arm embedded/4.9 2015q1/bin/../lib/gcc/arm-none-eabi/4.9.3/../../../../arm-none-eabi/lib/armv7-m\libc.a(lib_a-strtok.o)
                              Lb_Util.o (strtok)
c:/program files (x86)/gnu tools arm embedded/4.9 2015q1/bin/../lib/gcc/arm-none-eabi/4.9.3/../../../../arm-none-eabi/lib/armv7-m\libc.a(lib_a-strtok_r.o)
                              c:/program files (x86)/gnu tools arm embedded/4.9 2015q1/bin/../lib/gcc/arm-none-eabi/4.9.3/../../../../arm-none-eabi/lib/armv7-m\libc.a(lib_a-strtok.o) (__strtok_r)

Allocating common symbols
Common symbol       size              file

SaveRState          0x2               usb_int.o
Hw_Si47xx_LastResp  0x10              Hw_Si47xx.o
Hw_N5110G_TxFrameBuf
                    0x1f8             Hw_N5110G.o
SaveState           0x2               usb_init.o
Hw_ISR_VectorTable  0x190             Hw_ISR.o
Hw_Uart_Q_Buffer    0xe7              Hw_Uart_Q.o
Hw_N5110G_Frame_Index
                    0x2               Hw_N5110G.o
wIstr               0x2               usb_istr.o
pProperty           0x4               usb_init.o
EPindex             0x1               usb_init.o
Hw_Uart_Ch          0x3c              Hw_Uart.o
SaveTState          0x2               usb_int.o
Device_Info         0x1c              usb_init.o
pUser_Standard_Requests
                    0x4               usb_init.o
USB_Rx_Buffer       0x40              usb_endp.o
USART_Rx_Buffer     0x800             hw_config.o
StatusInfo          0x2               usb_core.o
pInformation        0x4               usb_init.o
ResumeS             0x2               usb_pwr.o
Hw_Uart_Q_Size      0xe               Hw_Uart_Q.o
Ap_Radio_Log        0x16              Ap_Radio.o
Hw_N5110G_Frame_DrawReq
                    0x4               Hw_N5110G.o
pStrPrintBuf        0x4               Lb_Printf.o
Hw_Uart_Q_End       0xe               Hw_Uart_Q.o
EP                  0x20              usb_pwr.o
Hw_N5110G_RxFrameBuf
                    0x1f8             Hw_N5110G.o
wInterrupt_Mask     0x2               usb_init.o
Hw_Uart_Q_Start     0xe               Hw_Uart_Q.o

Discarded input sections

 .text          0x00000000        0x0 main.o
 .data          0x00000000        0x0 main.o
 .bss           0x00000000        0x0 main.o
 .text          0x00000000        0x0 Ap.o
 .data          0x00000000        0x0 Ap.o
 .bss           0x00000000        0x0 Ap.o
 .text          0x00000000        0x0 Ap_RadioMenu.o
 .data          0x00000000        0x0 Ap_RadioMenu.o
 .bss           0x00000000        0x0 Ap_RadioMenu.o
 .text.TimerDebug_Tick
                0x00000000       0x14 Ap_RadioMenu.o
 .text.Ap_RadioMenu_ShowMenu
                0x00000000       0x84 Ap_RadioMenu.o
 .text.Ap_RadioMenu_GetCmd
                0x00000000       0xb4 Ap_RadioMenu.o
 .text.Ap_RadioMenu_ExeCmd
                0x00000000      0x358 Ap_RadioMenu.o
 .rodata.FM_Freq.4452
                0x00000000       0x38 Ap_RadioMenu.o
 .bss.AM_Freq_Index.4453
                0x00000000        0x2 Ap_RadioMenu.o
 .rodata.str1.4
                0x00000000      0x400 Ap_RadioMenu.o
 .bss.FM_Freq_Index.4451
                0x00000000        0x2 Ap_RadioMenu.o
 .bss.Band_Mode.4450
                0x00000000        0x1 Ap_RadioMenu.o
 .rodata.AM_Freq.4454
                0x00000000       0x14 Ap_RadioMenu.o
 .debug_info    0x00000000      0x5c9 Ap_RadioMenu.o
 .debug_abbrev  0x00000000      0x149 Ap_RadioMenu.o
 .debug_loc     0x00000000      0x1b4 Ap_RadioMenu.o
 .debug_aranges
                0x00000000       0x38 Ap_RadioMenu.o
 .debug_ranges  0x00000000       0x28 Ap_RadioMenu.o
 .debug_line    0x00000000      0x13f Ap_RadioMenu.o
 .debug_str     0x00000000      0x237 Ap_RadioMenu.o
 .comment       0x00000000       0x71 Ap_RadioMenu.o
 .debug_frame   0x00000000       0xac Ap_RadioMenu.o
 .ARM.attributes
                0x00000000       0x33 Ap_RadioMenu.o
 .text          0x00000000        0x0 Ap_Radio.o
 .data          0x00000000        0x0 Ap_Radio.o
 .bss           0x00000000        0x0 Ap_Radio.o
 .text.Ap_Radio_ApiStart
                0x00000000        0xc Ap_Radio.o
 .text.Ap_Radio_BandSetFM
                0x00000000       0x24 Ap_Radio.o
 .text.Ap_Radio_BandSetAM
                0x00000000       0x24 Ap_Radio.o
 .text.Ap_Radio_BandGet
                0x00000000       0x10 Ap_Radio.o
 .text.Ap_Radio_VolumeSet
[...]
Memory Configuration

Name             Origin             Length             Attributes
RAM              0x20000000         0x00005000         xrw
EXTSRAM          0x68000000         0x00000000         xrw
FLASH            0x08000000         0x0001f800         xr
EEMUL            0x0801f800         0x00000800         xrw
*default*        0x00000000         0xffffffff

Linker script and memory map

LOAD main.o
LOAD Ap.o
LOAD Ap_RadioMenu.o
LOAD Ap_Radio.o
LOAD Ap_GLcdMenu.o
LOAD Lb_Util.o
LOAD Lb_Printf.o
LOAD Hw_StartUp.o
LOAD Hw.o
LOAD Hw_Uart.o
LOAD Hw_PLL.o
LOAD Hw_Led.o
LOAD Hw_Uart_Q.o
LOAD Hw_ISR.o
LOAD Hw_Timer.o
LOAD Hw_VCom.o
LOAD Hw_I2C.o
LOAD Hw_I2C_SW.o
LOAD Hw_I2C_HW.o
LOAD Hw_Si47xx.o
LOAD Hw_SPI.o
LOAD Hw_N5110G.o
LOAD Hw_DMA.o
LOAD Hw_I2C_IMU.o
LOAD Hw_MPU6050.o
LOAD usb_desc.o
LOAD usb_endp.o
LOAD usb_istr.o
LOAD usb_prop.o
LOAD usb_pwr.o
LOAD hw_config.o
LOAD usb_core.o
LOAD usb_init.o
LOAD usb_mem.o
LOAD usb_regs.o
LOAD usb_sil.o
LOAD usb_int.o
LOAD c:/program files (x86)/gnu tools arm embedded/4.9 2015q1/bin/../lib/gcc/arm-none-eabi/4.9.3/../../../../arm-none-eabi/lib/armv7-m\libc.a
LOAD c:/program files (x86)/gnu tools arm embedded/4.9 2015q1/bin/../lib/gcc/arm-none-eabi/4.9.3/../../../../arm-none-eabi/lib/armv7-m\libm.a
LOAD c:/program files (x86)/gnu tools arm embedded/4.9 2015q1/bin/../lib/gcc/arm-none-eabi/4.9.3/../../../../arm-none-eabi/lib/armv7-m\libc.a
LOAD c:/program files (x86)/gnu tools arm embedded/4.9 2015q1/bin/../lib/gcc/arm-none-eabi/4.9.3/armv7-m\libgcc.a
                0x20005000                _estack = (ORIGIN (RAM) + 0x5000)
                0x0801f800                _seemul = ORIGIN (EEMUL)
                0x00000100                _Minimum_Stack_Size = 0x100
                0x00000001                ASSERT ((ORIGIN (FLASH) == ALIGN (ORIGIN (FLASH), 0x80)), Start of memory region flash not aligned for startup vector table)

.text           0x08000000     0x3860
                0x08000000                . = ALIGN (0x80)
                0x00000000                _isr_vectorsflash_offs = (. - 0x8000000)
 *(.isr_vectorsflash)
 .isr_vectorsflash
                0x08000000        0x8 Hw_StartUp.o
                0x08000000                g_pfnVectors
                0x08000008                . = ALIGN (0x4)
 *(.text)
 *(.text.*)
 .text.LED_Tick
                0x08000008       0x10 main.o
                0x08000008                LED_Tick
 .text.startup.main
                0x08000018       0x44 main.o
                0x08000018                main
 .text.Ap_Init  0x0800005c        0x4 Ap.o
                0x0800005c                Ap_Init
 .text.Ap_GLcdMenu_ShowMenu
                0x08000060       0x84 Ap_GLcdMenu.o
                0x08000060                Ap_GLcdMenu_ShowMenu
 .text.Ap_GLcdMenu_GetCmd
                0x080000e4       0x28 Ap_GLcdMenu.o
                0x080000e4                Ap_GLcdMenu_GetCmd
 .text.Ap_GLcdMenu_ExeCmd
                0x0800010c      0x190 Ap_GLcdMenu.o
                0x0800010c                Ap_GLcdMenu_ExeCmd
 .text.print_byte_out
                0x0800029c       0x38 Lb_Printf.o
                0x0800029c                print_byte_out
 .text.PrintString
                0x080002d4       0x20 Lb_Printf.o
 .text.DecToLong
                0x080002f4       0x4c Lb_Printf.o
                0x080002f4                DecToLong
 .text.PrintDec
                0x08000340      0x1bc Lb_Printf.o
 .text.PrintHex
                0x080004fc      0x1d0 Lb_Printf.o
 .text.Lb_printf
                0x080006cc       0xe4 Lb_Printf.o
                0x080006cc                Lb_printf
 .text.Lb_vsprintf
                0x080007b0       0xf4 Lb_Printf.o
                0x080007b0                Lb_vsprintf
 .text.Hw_StartUp_Init
                0x080008a4       0xa4 Hw_StartUp.o
                0x080008a4                Hw_StartUp_Init
 .text.Hw_Init  0x08000948       0x94 Hw.o
                0x08000948                Hw_Init
 .text.Hw_Wait  0x080009dc       0x1c Hw.o
                0x080009dc                Hw_Wait
 .text.Hw_Wait_ms
                0x080009f8       0x24 Hw.o
                0x080009f8                Hw_Wait_ms
 .text.Hw_ISR_UART1_Handler
                0x08000a1c       0x24 Hw_Uart.o
                0x08000a1c                Hw_ISR_UART1_Handler
 .text.Hw_Uart_Open_COM1
                0x08000a40       0x84 Hw_Uart.o
                0x08000a40                Hw_Uart_Open_COM1
 .text.Hw_Uart_Init
                0x08000ac4       0x30 Hw_Uart.o
                0x08000ac4                Hw_Uart_Init
 .text.Hw_Uart_Getch
                0x08000af4       0x30 Hw_Uart.o
                0x08000af4                Hw_Uart_Getch
 .text.print_byte
                0x08000b24       0x2c Hw_Uart.o
                0x08000b24                print_byte
 .text.get_byte
                0x08000b50       0x10 Hw_Uart.o
                0x08000b50                get_byte
 .text.get_byte_check
                0x08000b60       0x14 Hw_Uart.o
                0x08000b60                get_byte_check
 .text.Hw_PLL_Init
                0x08000b74       0x88 Hw_PLL.o
                0x08000b74                Hw_PLL_Init
 .text.Hw_Led_Init
                0x08000bfc       0x40 Hw_Led.o
                0x08000bfc                Hw_Led_Init
 .text.Hw_Led_Toggle
                0x08000c3c       0x14 Hw_Led.o
                0x08000c3c                Hw_Led_Toggle
 .text.Hw_Uart_Q_Init
                0x08000c50       0x20 Hw_Uart_Q.o
                0x08000c50                Hw_Uart_Q_Init
 .text.HW_UART_Q_VAILD
                0x08000c70       0x30 Hw_Uart_Q.o
                0x08000c70                HW_UART_Q_VAILD
 .text.Hw_Uart_Q_Push
                0x08000ca0       0x78 Hw_Uart_Q.o
                0x08000ca0                Hw_Uart_Q_Push
 .text.Hw_Uart_Q_Pop
                0x08000d18       0x74 Hw_Uart_Q.o
                0x08000d18                Hw_Uart_Q_Pop
 .text.Hw_ISR_Init
                0x08000d8c       0x10 Hw_ISR.o
                0x08000d8c                Hw_ISR_Init
 .text.Hw_ISR_SetIRQFunc
                0x08000d9c       0x10 Hw_ISR.o
                0x08000d9c                Hw_ISR_SetIRQFunc
 .text.Hw_ISR_SetIRQFuncByAddr
                0x08000dac       0x10 Hw_ISR.o
                0x08000dac                Hw_ISR_SetIRQFuncByAddr
 .text.Hw_Timer_Init
                0x08000dbc       0x78 Hw_Timer.o
                0x08000dbc                Hw_Timer_Init
 .text.Hw_Timer_Tick
                0x08000e34       0x70 Hw_Timer.o
                0x08000e34                Hw_Timer_Tick
 .text.Hw_Timer_ISR
                0x08000ea4        0xc Hw_Timer.o
                0x08000ea4                Hw_Timer_ISR
 .text.Hw_Timer_Set
                0x08000eb0       0x1c Hw_Timer.o
                0x08000eb0                Hw_Timer_Set
 .text.Hw_Timer_Start
                0x08000ecc       0x14 Hw_Timer.o
                0x08000ecc                Hw_Timer_Start
 .text.Hw_Timer_Delay_ms
                0x08000ee0       0x14 Hw_Timer.o
                0x08000ee0                Hw_Timer_Delay_ms
 .text.Hw_VCom_Init
                0x08000ef4       0x24 Hw_VCom.o
                0x08000ef4                Hw_VCom_Init
 .text.Hw_I2C_Init
                0x08000f18        0xc Hw_I2C.o
                0x08000f18                Hw_I2C_Init
 .text.Hw_I2C_HW_IO_Setup
                0x08000f24       0x48 Hw_I2C_HW.o
                0x08000f24                Hw_I2C_HW_IO_Setup
 .text.Hw_I2C_HW_Init
                0x08000f6c       0x68 Hw_I2C_HW.o
                0x08000f6c                Hw_I2C_HW_Init
 .text.Hw_Si47xx_Reset
                0x08000fd4       0x3c Hw_Si47xx.o
                0x08000fd4                Hw_Si47xx_Reset
 .text.Hw_Si47xx_Init
                0x08001010       0x30 Hw_Si47xx.o
                0x08001010                Hw_Si47xx_Init
 .text.Hw_SPI_Ch2_Init
                0x08001040       0x74 Hw_SPI.o
                0x08001040                Hw_SPI_Ch2_Init
 .text.Hw_SPI_Init
                0x080010b4       0x2c Hw_SPI.o
                0x080010b4                Hw_SPI_Init
 .text.Hw_SPI_StartDMA
                0x080010e0       0x1c Hw_SPI.o
                0x080010e0                Hw_SPI_StartDMA
 .text.Hw_SPI_Write8Bit
                0x080010fc       0x50 Hw_SPI.o
                0x080010fc                Hw_SPI_Write8Bit
 .text.Hw_N5100G_FrameTick
                0x0800114c       0x50 Hw_N5110G.o
                0x0800114c                Hw_N5100G_FrameTick
 .text.Hw_N5110G_Reset
                0x0800119c       0x24 Hw_N5110G.o
                0x0800119c                Hw_N5110G_Reset
 .text.Hw_N5110G_WriteCmd
                0x080011c0       0x28 Hw_N5110G.o
                0x080011c0                Hw_N5110G_WriteCmd
 .text.Hw_N5110G_Goto
                0x080011e8       0x20 Hw_N5110G.o
                0x080011e8                Hw_N5110G_Goto
 .text.Hw_N5110G_Init
                0x08001208       0xdc Hw_N5110G.o
                0x08001208                Hw_N5110G_Init
 .text.Hw_N5110G_Clear
                0x080012e4       0x24 Hw_N5110G.o
                0x080012e4                Hw_N5110G_Clear
 .text.Hw_N5110G_WriteStr
                0x08001308       0x70 Hw_N5110G.o
                0x08001308                Hw_N5110G_WriteStr
 .text.Hw_N5110G_Print
                0x08001378       0x58 Hw_N5110G.o
                0x08001378                Hw_N5110G_Print
 .text.Hw_N5110G_DrawRequest
                0x080013d0       0x10 Hw_N5110G.o
                0x080013d0                Hw_N5110G_DrawRequest
 .text.Hw_N5110G_DrawCircle
                0x080013e0      0x370 Hw_N5110G.o
                0x080013e0                Hw_N5110G_DrawCircle
 .text.Hw_DMA_Init
                0x08001750       0x20 Hw_DMA.o
                0x08001750                Hw_DMA_Init
 .text.Hw_DMA_SPI2_Setup
                0x08001770       0x74 Hw_DMA.o
                0x08001770                Hw_DMA_SPI2_Setup
 .text.Hw_DMA_SPI2_IsTransFinished
                0x080017e4       0x20 Hw_DMA.o
                0x080017e4                Hw_DMA_SPI2_IsTransFinished
 .text.Hw_I2C_IMU_IO_Setup
                0x08001804       0x48 Hw_I2C_IMU.o
                0x08001804                Hw_I2C_IMU_IO_Setup
 .text.Hw_I2C_IMU_Init
                0x0800184c       0x78 Hw_I2C_IMU.o
                0x0800184c                Hw_I2C_IMU_Init
 .text.Hw_I2C_IMU_GetErrStatus
                0x080018c4       0x34 Hw_I2C_IMU.o
                0x080018c4                Hw_I2C_IMU_GetErrStatus
 .text.Hw_I2C_IMU_WriteRegs
                0x080018f8      0x104 Hw_I2C_IMU.o
                0x080018f8                Hw_I2C_IMU_WriteRegs
 .text.Hw_I2C_IMU_MPU6050_WriteReg
                0x080019fc       0x1c Hw_I2C_IMU.o
                0x080019fc                Hw_I2C_IMU_MPU6050_WriteReg
 .text.Hw_I2C_IMU_ReadRegs
                0x08001a18      0x18c Hw_I2C_IMU.o
                0x08001a18                Hw_I2C_IMU_ReadRegs
 .text.Hw_I2C_IMU_MPU6050_ReadReg
                0x08001ba4       0x18 Hw_I2C_IMU.o
                0x08001ba4                Hw_I2C_IMU_MPU6050_ReadReg
 .text.Hw_I2C_IMU_MPU6050_ReadRegs
                0x08001bbc       0x18 Hw_I2C_IMU.o
                0x08001bbc                Hw_I2C_IMU_MPU6050_ReadRegs
 .text.Hw_MPU6050_Init
                0x08001bd4       0x70 Hw_MPU6050.o
                0x08001bd4                Hw_MPU6050_Init
 .text.Hw_MPU6050_GetData
                0x08001c44       0x98 Hw_MPU6050.o
                0x08001c44                Hw_MPU6050_GetData
 .text.EP1_IN_Callback
                0x08001cdc       0x74 usb_endp.o
                0x08001cdc                EP1_IN_Callback
 .text.EP3_OUT_Callback
                0x08001d50       0x2c usb_endp.o
                0x08001d50                EP3_OUT_Callback
 .text.SOF_Callback
                0x08001d7c       0x34 usb_endp.o
                0x08001d7c                SOF_Callback
 .text.USB_Istr
                0x08001db0      0x1a4 usb_istr.o
                0x08001db0                USB_Istr
 .text.Virtual_Com_Port_SetConfiguration
                0x08001f54       0x18 usb_prop.o
                0x08001f54                Virtual_Com_Port_SetConfiguration
 .text.Virtual_Com_Port_SetDeviceAddress
                0x08001f6c        0xc usb_prop.o
                0x08001f6c                Virtual_Com_Port_SetDeviceAddress
 .text.Virtual_Com_Port_Status_In
                0x08001f78       0x14 usb_prop.o
                0x08001f78                Virtual_Com_Port_Status_In
 .text.Virtual_Com_Port_Status_Out
                0x08001f8c        0x4 usb_prop.o
                0x08001f8c                Virtual_Com_Port_Status_Out
 .text.Virtual_Com_Port_Data_Setup
                0x08001f90       0x5c usb_prop.o
                0x08001f90                Virtual_Com_Port_Data_Setup
 .text.Virtual_Com_Port_NoData_Setup
                0x08001fec       0x24 usb_prop.o
                0x08001fec                Virtual_Com_Port_NoData_Setup
 .text.Virtual_Com_Port_Get_Interface_Setting
                0x08002010       0x10 usb_prop.o
                0x08002010                Virtual_Com_Port_Get_Interface_Setting
 .text.Virtual_Com_Port_GetLineCoding
                0x08002020       0x18 usb_prop.o
                0x08002020                Virtual_Com_Port_GetLineCoding
 .text.Virtual_Com_Port_SetLineCoding
                0x08002038       0x18 usb_prop.o
                0x08002038                Virtual_Com_Port_SetLineCoding
 .text.Virtual_Com_Port_init
                0x08002050       0x30 usb_prop.o
                0x08002050                Virtual_Com_Port_init
 .text.Virtual_Com_Port_Reset
                0x08002080       0xfc usb_prop.o
                0x08002080                Virtual_Com_Port_Reset
 .text.Virtual_Com_Port_GetDeviceDescriptor
                0x0800217c       0x14 usb_prop.o
                0x0800217c                Virtual_Com_Port_GetDeviceDescriptor
 .text.Virtual_Com_Port_GetConfigDescriptor
                0x08002190       0x14 usb_prop.o
                0x08002190                Virtual_Com_Port_GetConfigDescriptor
 .text.Virtual_Com_Port_GetStringDescriptor
                0x080021a4       0x28 usb_prop.o
                0x080021a4                Virtual_Com_Port_GetStringDescriptor
 .text.PowerOn  0x080021cc       0x34 usb_pwr.o
                0x080021cc                PowerOn
 .text.Suspend  0x08002200       0xe8 usb_pwr.o
                0x08002200                Suspend
 .text.Resume   0x080022e8       0xdc usb_pwr.o
                0x080022e8                Resume
 .text.USBWakeUp_IRQHandler
                0x080023c4       0x10 hw_config.o
                0x080023c4                USBWakeUp_IRQHandler
 .text.IntToUnicode
                0x080023d4       0x34 hw_config.o
 .text.USB_LP_IRQHandler
                0x08002408        0xc hw_config.o
                0x08002408                USB_LP_IRQHandler
 .text.Set_System
                0x08002414       0x1c hw_config.o
                0x08002414                Set_System
 .text.Set_USBClock
                0x08002430       0x20 hw_config.o
                0x08002430                Set_USBClock
 .text.Leave_LowPowerMode
                0x08002450       0x20 hw_config.o
                0x08002450                Leave_LowPowerMode
 .text.USB_Interrupts_Config
                0x08002470       0x94 hw_config.o
                0x08002470                USB_Interrupts_Config
 .text.USB_Cable_Config
                0x08002504       0x1c hw_config.o
                0x08002504                USB_Cable_Config
 .text.USB_To_USART_Send_Data
                0x08002520       0x2c hw_config.o
                0x08002520                USB_To_USART_Send_Data
 .text.Handle_USBAsynchXfer
                0x0800254c       0xa4 hw_config.o
                0x0800254c                Handle_USBAsynchXfer
 .text.Get_SerialNum
                0x080025f0       0x38 hw_config.o
                0x080025f0                Get_SerialNum
 .text.__WFI    0x08002628        0x4 hw_config.o
                0x08002628                __WFI
 .text.Standard_GetConfiguration
                0x0800262c       0x28 usb_core.o
                0x0800262c                Standard_GetConfiguration
 .text.Standard_GetInterface
                0x08002654       0x28 usb_core.o
                0x08002654                Standard_GetInterface
 .text.Standard_GetStatus
                0x0800267c       0x8c usb_core.o
                0x0800267c                Standard_GetStatus
 .text.DataStageIn
                0x08002708       0xbc usb_core.o
 .text.Standard_SetConfiguration
                0x080027c4       0x3c usb_core.o
                0x080027c4                Standard_SetConfiguration
 .text.Standard_SetInterface
                0x08002800       0x50 usb_core.o
                0x08002800                Standard_SetInterface
 .text.Standard_ClearFeature
                0x08002850       0xe8 usb_core.o
                0x08002850                Standard_ClearFeature
 .text.Standard_SetEndPointFeature
                0x08002938       0x98 usb_core.o
                0x08002938                Standard_SetEndPointFeature
 .text.Standard_GetDescriptorData
                0x080029d0       0x1c usb_core.o
                0x080029d0                Standard_GetDescriptorData
 .text.Post0_Process
                0x080029ec       0x48 usb_core.o
                0x080029ec                Post0_Process
 .text.Setup0_Process
                0x08002a34      0x3a0 usb_core.o
                0x08002a34                Setup0_Process
 .text.Out0_Process
                0x08002dd4       0xf4 usb_core.o
                0x08002dd4                Out0_Process
 .text.SetDeviceAddress
                0x08002ec8       0x40 usb_core.o
                0x08002ec8                SetDeviceAddress
 .text.In0_Process
                0x08002f08       0x78 usb_core.o
                0x08002f08                In0_Process
 .text.NOP_Process
                0x08002f80        0x4 usb_core.o
                0x08002f80                NOP_Process
 .text.USB_Init
                0x08002f84       0x38 usb_init.o
                0x08002f84                USB_Init
 .text.UserToPMABufferCopy
                0x08002fbc       0x34 usb_mem.o
                0x08002fbc                UserToPMABufferCopy
 .text.PMAToUserBufferCopy
                0x08002ff0       0x20 usb_mem.o
                0x08002ff0                PMAToUserBufferCopy
 .text.SetBTABLE
                0x08003010       0x10 usb_regs.o
                0x08003010                SetBTABLE
 .text.SetEPType
                0x08003020       0x1c usb_regs.o
                0x08003020                SetEPType
 .text.SetEPTxStatus
                0x0800303c       0x34 usb_regs.o
                0x0800303c                SetEPTxStatus
 .text.SetEPRxStatus
                0x08003070       0x34 usb_regs.o
                0x08003070                SetEPRxStatus
 .text.SetEPTxValid
                0x080030a4       0x28 usb_regs.o
                0x080030a4                SetEPTxValid
 .text.SetEPRxValid
                0x080030cc       0x28 usb_regs.o
                0x080030cc                SetEPRxValid
 .text.Clear_Status_Out
                0x080030f4       0x20 usb_regs.o
                0x080030f4                Clear_Status_Out
 .text.ClearDTOG_RX
                0x08003114       0x24 usb_regs.o
                0x08003114                ClearDTOG_RX
 .text.ClearDTOG_TX
                0x08003138       0x24 usb_regs.o
                0x08003138                ClearDTOG_TX
 .text.SetEPTxAddr
                0x0800315c       0x20 usb_regs.o
                0x0800315c                SetEPTxAddr
 .text.SetEPRxAddr
                0x0800317c       0x20 usb_regs.o
                0x0800317c                SetEPRxAddr
 .text.GetEPTxAddr
                0x0800319c       0x20 usb_regs.o
                0x0800319c                GetEPTxAddr
 .text.GetEPRxAddr
                0x080031bc       0x20 usb_regs.o
                0x080031bc                GetEPRxAddr
 .text.SetEPTxCount
                0x080031dc       0x1c usb_regs.o
                0x080031dc                SetEPTxCount
 .text.SetEPRxCount
                0x080031f8       0x44 usb_regs.o
                0x080031f8                SetEPRxCount
 .text.GetEPRxCount
                0x0800323c       0x20 usb_regs.o
                0x0800323c                GetEPRxCount
 .text.ByteSwap
                0x0800325c        0xc usb_regs.o
                0x0800325c                ByteSwap
 .text.USB_SIL_Init
                0x08003268       0x28 usb_sil.o
                0x08003268                USB_SIL_Init
 .text.USB_SIL_Read
                0x08003290       0x30 usb_sil.o
                0x08003290                USB_SIL_Read
 .text.CTR_LP   0x080032c0      0x180 usb_int.o
                0x080032c0                CTR_LP
 *(.stub .gnu.linkonce.t.*)
 *(.rodata .rodata.* .gnu.linkonce.r.*)
 .rodata.str1.4
                0x08003440      0x326 Ap_GLcdMenu.o
                                0x32c (size before relaxing)
 *fill*         0x08003766        0x2 
 .rodata.str1.4
                0x08003768       0x40 Hw_MPU6050.o
 .rodata.Virtual_Com_Port_StringVendor
                0x080037a8       0x28 usb_desc.o
                0x080037a8                Virtual_Com_Port_StringVendor
 .rodata.Virtual_Com_Port_DeviceDescriptor
                0x080037d0       0x14 usb_desc.o
                0x080037d0                Virtual_Com_Port_DeviceDescriptor
 .rodata.Virtual_Com_Port_StringLangID
                0x080037e4        0x4 usb_desc.o
                0x080037e4                Virtual_Com_Port_StringLangID
 .rodata.Virtual_Com_Port_StringProduct
                0x080037e8       0x34 usb_desc.o
                0x080037e8                Virtual_Com_Port_StringProduct
 .rodata.Virtual_Com_Port_ConfigDescriptor
                0x0800381c       0x44 usb_desc.o
                0x0800381c                Virtual_Com_Port_ConfigDescriptor
 *(.glue_7 .glue_7t)
 .glue_7        0x00000000        0x0 linker stubs
 .glue_7t       0x00000000        0x0 linker stubs
                0x08003860                . = ALIGN (0x4)

.vfp11_veneer   0x08003860        0x0
 .vfp11_veneer  0x00000000        0x0 linker stubs

.v4_bx          0x08003860        0x0
 .v4_bx         0x00000000        0x0 linker stubs

.iplt           0x08003860        0x0
 .iplt          0x00000000        0x0 main.o

.rel.dyn        0x08003860        0x0
 .rel.iplt      0x00000000        0x0 main.o

.ARM.extab
 *(.ARM.extab* .gnu.linkonce.armextab.*)

.ARM            0x08003860        0x0
                0x08003860                __exidx_start = .
 *(.ARM.exidx*)
                0x08003860                __exidx_end = .
                0x08003860                _etext = .
                0x08003860                _sidata = _etext

.data           0x20000000      0x30c load address 0x08003860
                0x20000000                . = .
                0x20000000                . = ALIGN (0x4)
                0x20000000                _sdata = .
                0x20000000                . = ALIGN (0x80)
                0x00000000                _isr_vectorsram_offs = (. - 0x20000000)
 *(.isr_vectorsram)
                0x20000000                . = ALIGN (0x4)
 *(.ramfunc*)
                0x20000000                . = ALIGN (0x4)
 *(.data .data.* .gnu.linkonce.d.*)
 .data.Hw_N5110G_Font6_8
                0x20000000      0x228 Hw_N5110G.o
                0x20000000                Hw_N5110G_Font6_8
 .data.Virtual_Com_Port_StringSerial
                0x20000228       0x1c usb_desc.o
                0x20000228                Virtual_Com_Port_StringSerial
 .data.pEpInt_IN
                0x20000244       0x1c usb_istr.o
                0x20000244                pEpInt_IN
 .data.pEpInt_OUT
                0x20000260       0x1c usb_istr.o
                0x20000260                pEpInt_OUT
 .data.Config_Descriptor
                0x2000027c        0x8 usb_prop.o
                0x2000027c                Config_Descriptor
 .data.Device_Property
                0x20000284       0x30 usb_prop.o
                0x20000284                Device_Property
 .data.User_Standard_Requests
                0x200002b4       0x24 usb_prop.o
                0x200002b4                User_Standard_Requests
 .data.Device_Descriptor
                0x200002d8        0x8 usb_prop.o
                0x200002d8                Device_Descriptor
 .data.String_Descriptor
                0x200002e0       0x20 usb_prop.o
                0x200002e0                String_Descriptor
 .data.linecoding
                0x20000300        0x8 usb_prop.o
                0x20000300                linecoding
 .data.Device_Table
                0x20000308        0x4 usb_prop.o
                0x20000308                Device_Table
                0x2000030c                . = ALIGN (0x4)
                0x2000030c                _edata = .

.igot.plt       0x2000030c        0x0 load address 0x08003b6c
 .igot.plt      0x00000000        0x0 main.o

.bss            0x20000400     0x122c load address 0x08003e00
                0x20000400                . = ALIGN (0x4)
                0x20000400                _sbss = .
 *(.bss .bss.*)
 .bss.StrPrintBufIndex
                0x20000400        0x4 Lb_Printf.o
                0x20000400                StrPrintBufIndex
 .bss.StrPrintMode
                0x20000404        0x1 Lb_Printf.o
                0x20000404                StrPrintMode
 *fill*         0x20000405        0x3 
 .bss.Timer_Tbl
                0x20000408       0x70 Hw_Timer.o
 .bss.Excute.4389
                0x20000478        0x1 Hw_Timer.o
 *fill*         0x20000479        0x3 
 .bss.Hw_Timer_Counter
                0x2000047c        0x4 Hw_Timer.o
 .bss.Tmr_Ctn   0x20000480        0x2 Hw_Timer.o
 .bss.Called.4381
                0x20000482        0x1 Hw_SPI.o
 .bss.Called.4377
                0x20000483        0x1 Hw_DMA.o
 .bss.power_on.4385
                0x20000484        0x1 Hw_I2C_IMU.o
 .bss.power_on.4396
                0x20000485        0x1 Hw_MPU6050.o
 *fill*         0x20000486        0x2 
 .bss.FrameCount.4837
                0x20000488        0x4 usb_endp.o
 .bss.wCNTR     0x2000048c        0x4 usb_istr.o
                0x2000048c                wCNTR
 .bss.bIntPackSOF
                0x20000490        0x1 usb_istr.o
                0x20000490                bIntPackSOF
 *fill*         0x20000491        0x3 
 .bss.esof_counter
                0x20000494        0x4 usb_istr.o
                0x20000494                esof_counter
 .bss.Request   0x20000498        0x1 usb_prop.o
                0x20000498                Request
 *fill*         0x20000499        0x3 
 .bss.bDeviceState
                0x2000049c        0x4 usb_pwr.o
                0x2000049c                bDeviceState
 .bss.fSuspendEnabled
                0x200004a0        0x1 usb_pwr.o
                0x200004a0                fSuspendEnabled
 *fill*         0x200004a1        0x3 
 .bss.remotewakeupon
                0x200004a4        0x4 usb_pwr.o
                0x200004a4                remotewakeupon
 .bss.USB_Tx_State
                0x200004a8        0x1 hw_config.o
                0x200004a8                USB_Tx_State
 *fill*         0x200004a9        0x3 
 .bss.USART_Rx_ptr_in
                0x200004ac        0x4 hw_config.o
                0x200004ac                USART_Rx_ptr_in
 .bss.USART_Rx_ptr_out
                0x200004b0        0x4 hw_config.o
                0x200004b0                USART_Rx_ptr_out
 .bss.USART_Rx_length
                0x200004b4        0x4 hw_config.o
                0x200004b4                USART_Rx_length
 .bss.Data_Mul_MaxPacketSize
                0x200004b8        0x1 usb_core.o
                0x200004b8                Data_Mul_MaxPacketSize
 *(COMMON)
 *fill*         0x200004b9        0x3 
 COMMON         0x200004bc        0x4 Lb_Printf.o
                0x200004bc                pStrPrintBuf
 COMMON         0x200004c0       0x3c Hw_Uart.o
                0x200004c0                Hw_Uart_Ch
 COMMON         0x200004fc      0x116 Hw_Uart_Q.o
                0x200004fc                Hw_Uart_Q_Buffer
                0x200005e4                Hw_Uart_Q_Size
                0x200005f4                Hw_Uart_Q_End
                0x20000604                Hw_Uart_Q_Start
 *fill*         0x20000612      0x1ee 
 COMMON         0x20000800      0x190 Hw_ISR.o
                0x20000800                Hw_ISR_VectorTable
 COMMON         0x20000990      0x3f8 Hw_N5110G.o
                0x20000990                Hw_N5110G_TxFrameBuf
                0x20000b88                Hw_N5110G_Frame_Index
                0x20000b8c                Hw_N5110G_Frame_DrawReq
                0x20000b90                Hw_N5110G_RxFrameBuf
 COMMON         0x20000d88       0x40 usb_endp.o
                0x20000d88                USB_Rx_Buffer
 COMMON         0x20000dc8        0x2 usb_istr.o
                0x20000dc8                wIstr
 *fill*         0x20000dca        0x2 
 COMMON         0x20000dcc       0x24 usb_pwr.o
                0x20000dcc                ResumeS
                0x20000dd0                EP
 COMMON         0x20000df0      0x800 hw_config.o
                0x20000df0                USART_Rx_Buffer
 COMMON         0x200015f0        0x2 usb_core.o
                0x200015f0                StatusInfo
 *fill*         0x200015f2        0x2 
 COMMON         0x200015f4       0x32 usb_init.o
                0x200015f4                SaveState
                0x200015f8                pProperty
                0x200015fc                EPindex
                0x20001600                Device_Info
                0x2000161c                pUser_Standard_Requests
                0x20001620                pInformation
                0x20001624                wInterrupt_Mask
 COMMON         0x20001626        0x4 usb_int.o
                0x20001626                SaveRState
                0x20001628                SaveTState
                0x2000162c                . = ALIGN (0x4)
 *fill*         0x2000162a        0x2 
                0x2000162c                _ebss = .
                0x2000162c                PROVIDE (end, _ebss)
                0x2000162c                PROVIDE (_end, _ebss)
                0x2000162c                . = ALIGN (0x4)
                0x20001700                . = ALIGN (0x100)

._usrstack      0x2000162c      0x100 load address 0x0800502c
                0x2000162c                . = ALIGN (0x4)
                0x2000162c                _susrstack = .
                0x2000172c                . = (. + _Minimum_Stack_Size)
 *fill*         0x2000162c      0x100 
                0x2000172c                . = ALIGN (0x4)
                0x2000172c                _eusrstack = .

.ARM.attributes
                0x00000000       0x33
 *(.ARM.attributes)
 .ARM.attributes
                0x00000000       0x33 main.o
 .ARM.attributes
                0x00000033       0x33 Ap.o
 .ARM.attributes
                0x00000066       0x33 Ap_GLcdMenu.o
 .ARM.attributes
                0x00000099       0x33 Lb_Printf.o
 .ARM.attributes
                0x000000cc       0x33 Hw_StartUp.o
 .ARM.attributes
                0x000000ff       0x33 Hw.o
 .ARM.attributes
                0x00000132       0x33 Hw_Uart.o
 .ARM.attributes
                0x00000165       0x33 Hw_PLL.o
 .ARM.attributes
                0x00000198       0x33 Hw_Led.o
 .ARM.attributes
                0x000001cb       0x33 Hw_Uart_Q.o
 .ARM.attributes
                0x000001fe       0x33 Hw_ISR.o
 .ARM.attributes
                0x00000231       0x33 Hw_Timer.o
 .ARM.attributes
                0x00000264       0x33 Hw_VCom.o
 .ARM.attributes
                0x00000297       0x33 Hw_I2C.o
 .ARM.attributes
                0x000002ca       0x33 Hw_I2C_HW.o
 .ARM.attributes
                0x000002fd       0x33 Hw_Si47xx.o
 .ARM.attributes
                0x00000330       0x33 Hw_SPI.o
 .ARM.attributes
                0x00000363       0x33 Hw_N5110G.o
 .ARM.attributes
                0x00000396       0x33 Hw_DMA.o
 .ARM.attributes
                0x000003c9       0x33 Hw_I2C_IMU.o
 .ARM.attributes
                0x000003fc       0x33 Hw_MPU6050.o
 .ARM.attributes
                0x0000042f       0x33 usb_desc.o
 .ARM.attributes
                0x00000462       0x33 usb_endp.o
 .ARM.attributes
                0x00000495       0x33 usb_istr.o
 .ARM.attributes
                0x000004c8       0x33 usb_prop.o
 .ARM.attributes
                0x000004fb       0x33 usb_pwr.o
 .ARM.attributes
                0x0000052e       0x33 hw_config.o
 .ARM.attributes
                0x00000561       0x33 usb_core.o
 .ARM.attributes
                0x00000594       0x33 usb_init.o
 .ARM.attributes
                0x000005c7       0x33 usb_mem.o
 .ARM.attributes
                0x000005fa       0x33 usb_regs.o
 .ARM.attributes
                0x0000062d       0x33 usb_sil.o
 .ARM.attributes
                0x00000660       0x33 usb_int.o
                0x00000400                __Stack_Size = 0x400
                0x00000400                PROVIDE (_Stack_Size, __Stack_Size)
                0x20004c00                __Stack_Init = (_estack - __Stack_Size)
                0x20004c00                PROVIDE (_Stack_Init, __Stack_Init)
OUTPUT(main.elf elf32-littlearm)

.debug_info     0x00000000     0xa125
 .debug_info    0x00000000      0x13d main.o
 .debug_info    0x0000013d       0x7e Ap.o
 .debug_info    0x000001bb      0x51b Ap_GLcdMenu.o
 .debug_info    0x000006d6      0x924 Lb_Printf.o
 .debug_info    0x00000ffa      0x14e Hw_StartUp.o
 .debug_info    0x00001148      0x243 Hw.o
 .debug_info    0x0000138b      0x572 Hw_Uart.o
 .debug_info    0x000018fd       0x7e Hw_PLL.o
 .debug_info    0x0000197b      0x194 Hw_Led.o
 .debug_info    0x00001b0f      0x282 Hw_Uart_Q.o
 .debug_info    0x00001d91      0x160 Hw_ISR.o
 .debug_info    0x00001ef1      0x3d5 Hw_Timer.o
 .debug_info    0x000022c6      0x14a Hw_VCom.o
 .debug_info    0x00002410      0x175 Hw_I2C.o
 .debug_info    0x00002585      0x958 Hw_I2C_HW.o
 .debug_info    0x00002edd      0xfca Hw_Si47xx.o
 .debug_info    0x00003ea7      0x28e Hw_SPI.o
 .debug_info    0x00004135     0x129f Hw_N5110G.o
 .debug_info    0x000053d4      0x118 Hw_DMA.o
 .debug_info    0x000054ec      0x88e Hw_I2C_IMU.o
 .debug_info    0x00005d7a      0x315 Hw_MPU6050.o
 .debug_info    0x0000608f      0x154 usb_desc.o
 .debug_info    0x000061e3      0x22f usb_endp.o
 .debug_info    0x00006412      0x372 usb_istr.o
 .debug_info    0x00006784      0xad3 usb_prop.o
 .debug_info    0x00007257      0x391 usb_pwr.o
 .debug_info    0x000075e8      0x61d hw_config.o
 .debug_info    0x00007c05      0xe46 usb_core.o
 .debug_info    0x00008a4b      0x46c usb_init.o
 .debug_info    0x00008eb7      0x19b usb_mem.o
 .debug_info    0x00009052      0xd8e usb_regs.o
 .debug_info    0x00009de0      0x1b9 usb_sil.o
 .debug_info    0x00009f99      0x18c usb_int.o

.debug_abbrev   0x00000000     0x32fd
 .debug_abbrev  0x00000000       0xd3 main.o
 .debug_abbrev  0x000000d3       0x44 Ap.o
 .debug_abbrev  0x00000117      0x184 Ap_GLcdMenu.o
 .debug_abbrev  0x0000029b      0x312 Lb_Printf.o
 .debug_abbrev  0x000005ad       0xd0 Hw_StartUp.o
 .debug_abbrev  0x0000067d      0x112 Hw.o
 .debug_abbrev  0x0000078f      0x296 Hw_Uart.o
 .debug_abbrev  0x00000a25       0x44 Hw_PLL.o
 .debug_abbrev  0x00000a69      0x11c Hw_Led.o
 .debug_abbrev  0x00000b85      0x130 Hw_Uart_Q.o
 .debug_abbrev  0x00000cb5       0xd1 Hw_ISR.o
 .debug_abbrev  0x00000d86      0x238 Hw_Timer.o
 .debug_abbrev  0x00000fbe       0xe6 Hw_VCom.o
 .debug_abbrev  0x000010a4      0x10b Hw_I2C.o
 .debug_abbrev  0x000011af      0x258 Hw_I2C_HW.o
 .debug_abbrev  0x00001407      0x2cc Hw_Si47xx.o
 .debug_abbrev  0x000016d3      0x1cc Hw_SPI.o
 .debug_abbrev  0x0000189f      0x3b9 Hw_N5110G.o
 .debug_abbrev  0x00001c58       0xc3 Hw_DMA.o
 .debug_abbrev  0x00001d1b      0x294 Hw_I2C_IMU.o
 .debug_abbrev  0x00001faf      0x11a Hw_MPU6050.o
 .debug_abbrev  0x000020c9       0x5d usb_desc.o
 .debug_abbrev  0x00002126       0xf2 usb_endp.o
 .debug_abbrev  0x00002218      0x138 usb_istr.o
 .debug_abbrev  0x00002350      0x214 usb_prop.o
 .debug_abbrev  0x00002564      0x1f0 usb_pwr.o
 .debug_abbrev  0x00002754      0x2ae hw_config.o
 .debug_abbrev  0x00002a02      0x391 usb_core.o
 .debug_abbrev  0x00002d93      0x107 usb_init.o
 .debug_abbrev  0x00002e9a       0xa3 usb_mem.o
 .debug_abbrev  0x00002f3d      0x21a usb_regs.o
 .debug_abbrev  0x00003157       0xc7 usb_sil.o
 .debug_abbrev  0x0000321e       0xdf usb_int.o

.debug_loc      0x00000000     0x9917
 .debug_loc     0x00000000       0x4c main.o
 .debug_loc     0x0000004c      0x11c Ap_GLcdMenu.o
 .debug_loc     0x00000168     0x16e1 Lb_Printf.o
 .debug_loc     0x00001849       0xc3 Hw_StartUp.o
 .debug_loc     0x0000190c      0x15e Hw.o
 .debug_loc     0x00001a6a      0x3cb Hw_Uart.o
 .debug_loc     0x00001e35       0x40 Hw_Led.o
 .debug_loc     0x00001e75      0x215 Hw_Uart_Q.o
 .debug_loc     0x0000208a       0x42 Hw_ISR.o
 .debug_loc     0x000020cc      0x1bc Hw_Timer.o
 .debug_loc     0x00002288       0x99 Hw_VCom.o
 .debug_loc     0x00002321       0xe5 Hw_I2C.o
 .debug_loc     0x00002406      0xf84 Hw_I2C_HW.o
 .debug_loc     0x0000338a      0xb02 Hw_Si47xx.o
 .debug_loc     0x00003e8c      0x18c Hw_SPI.o
 .debug_loc     0x00004018     0x21a6 Hw_N5110G.o
 .debug_loc     0x000061be       0x8d Hw_DMA.o
 .debug_loc     0x0000624b      0xee9 Hw_I2C_IMU.o
 .debug_loc     0x00007134      0x10c Hw_MPU6050.o
 .debug_loc     0x00007240       0xb1 usb_endp.o
 .debug_loc     0x000072f1       0x86 usb_istr.o
 .debug_loc     0x00007377      0x2cd usb_prop.o
 .debug_loc     0x00007644      0x271 usb_pwr.o
 .debug_loc     0x000078b5      0x2b5 hw_config.o
 .debug_loc     0x00007b6a      0xc5e usb_core.o
 .debug_loc     0x000087c8       0x2c usb_init.o
 .debug_loc     0x000087f4      0x2a3 usb_mem.o
 .debug_loc     0x00008a97      0xc33 usb_regs.o
 .debug_loc     0x000096ca      0x157 usb_sil.o
 .debug_loc     0x00009821       0xf6 usb_int.o

.debug_aranges  0x00000000      0xb28
 .debug_aranges
                0x00000000       0x28 main.o
 .debug_aranges
                0x00000028       0x20 Ap.o
 .debug_aranges
                0x00000048       0x30 Ap_GLcdMenu.o
 .debug_aranges
                0x00000078       0x68 Lb_Printf.o
 .debug_aranges
                0x000000e0       0x20 Hw_StartUp.o
 .debug_aranges
                0x00000100       0x40 Hw.o
 .debug_aranges
                0x00000140       0x78 Hw_Uart.o
 .debug_aranges
                0x000001b8       0x20 Hw_PLL.o
 .debug_aranges
                0x000001d8       0x40 Hw_Led.o
 .debug_aranges
                0x00000218       0x48 Hw_Uart_Q.o
 .debug_aranges
                0x00000260       0x30 Hw_ISR.o
 .debug_aranges
                0x00000290       0x78 Hw_Timer.o
 .debug_aranges
                0x00000308       0x30 Hw_VCom.o
 .debug_aranges
                0x00000338       0x30 Hw_I2C.o
 .debug_aranges
                0x00000368       0x50 Hw_I2C_HW.o
 .debug_aranges
                0x000003b8       0xb8 Hw_Si47xx.o
 .debug_aranges
                0x00000470       0x60 Hw_SPI.o
 .debug_aranges
                0x000004d0       0xb0 Hw_N5110G.o
 .debug_aranges
                0x00000580       0x30 Hw_DMA.o
 .debug_aranges
                0x000005b0       0x68 Hw_I2C_IMU.o
 .debug_aranges
                0x00000618       0x28 Hw_MPU6050.o
 .debug_aranges
                0x00000640       0x18 usb_desc.o
 .debug_aranges
                0x00000658       0x30 usb_endp.o
 .debug_aranges
                0x00000688       0x20 usb_istr.o
 .debug_aranges
                0x000006a8       0x88 usb_prop.o
 .debug_aranges
                0x00000730       0x40 usb_pwr.o
 .debug_aranges
                0x00000770       0x90 hw_config.o
 .debug_aranges
                0x00000800       0x98 usb_core.o
 .debug_aranges
                0x00000898       0x20 usb_init.o
 .debug_aranges
                0x000008b8       0x28 usb_mem.o
 .debug_aranges
                0x000008e0      0x1f0 usb_regs.o
 .debug_aranges
                0x00000ad0       0x30 usb_sil.o
 .debug_aranges
                0x00000b00       0x28 usb_int.o

.debug_ranges   0x00000000     0x1390
 .debug_ranges  0x00000000       0x30 main.o
 .debug_ranges  0x00000030       0x10 Ap.o
 .debug_ranges  0x00000040       0x58 Ap_GLcdMenu.o
 .debug_ranges  0x00000098      0x108 Lb_Printf.o
 .debug_ranges  0x000001a0       0x10 Hw_StartUp.o
 .debug_ranges  0x000001b0       0x88 Hw.o
 .debug_ranges  0x00000238       0x68 Hw_Uart.o
 .debug_ranges  0x000002a0       0x10 Hw_PLL.o
 .debug_ranges  0x000002b0       0x48 Hw_Led.o
 .debug_ranges  0x000002f8       0x80 Hw_Uart_Q.o
 .debug_ranges  0x00000378       0x20 Hw_ISR.o
 .debug_ranges  0x00000398       0x80 Hw_Timer.o
 .debug_ranges  0x00000418       0x20 Hw_VCom.o
 .debug_ranges  0x00000438       0x20 Hw_I2C.o
 .debug_ranges  0x00000458      0x148 Hw_I2C_HW.o
 .debug_ranges  0x000005a0       0xd8 Hw_Si47xx.o
 .debug_ranges  0x00000678       0x68 Hw_SPI.o
 .debug_ranges  0x000006e0      0x4f0 Hw_N5110G.o
 .debug_ranges  0x00000bd0       0x20 Hw_DMA.o
 .debug_ranges  0x00000bf0      0x148 Hw_I2C_IMU.o
 .debug_ranges  0x00000d38       0x18 Hw_MPU6050.o
 .debug_ranges  0x00000d50       0x20 usb_endp.o
 .debug_ranges  0x00000d70       0x10 usb_istr.o
 .debug_ranges  0x00000d80       0x78 usb_prop.o
 .debug_ranges  0x00000df8       0x68 usb_pwr.o
 .debug_ranges  0x00000e60       0x80 hw_config.o
 .debug_ranges  0x00000ee0      0x190 usb_core.o
 .debug_ranges  0x00001070       0x10 usb_init.o
 .debug_ranges  0x00001080       0x18 usb_mem.o
 .debug_ranges  0x00001098      0x2a8 usb_regs.o
 .debug_ranges  0x00001340       0x20 usb_sil.o
 .debug_ranges  0x00001360       0x30 usb_int.o

.debug_line     0x00000000     0x31f4
 .debug_line    0x00000000       0x78 main.o
 .debug_line    0x00000078       0x3e Ap.o
 .debug_line    0x000000b6      0x11a Ap_GLcdMenu.o
 .debug_line    0x000001d0      0x480 Lb_Printf.o
 .debug_line    0x00000650       0x81 Hw_StartUp.o
 .debug_line    0x000006d1       0xe0 Hw.o
 .debug_line    0x000007b1      0x1a2 Hw_Uart.o
 .debug_line    0x00000953       0x62 Hw_PLL.o
 .debug_line    0x000009b5       0xaf Hw_Led.o
 .debug_line    0x00000a64      0x119 Hw_Uart_Q.o
 .debug_line    0x00000b7d       0x75 Hw_ISR.o
 .debug_line    0x00000bf2      0x19d Hw_Timer.o
 .debug_line    0x00000d8f       0x7d Hw_VCom.o
 .debug_line    0x00000e0c       0x78 Hw_I2C.o
 .debug_line    0x00000e84      0x28a Hw_I2C_HW.o
 .debug_line    0x0000110e      0x2cb Hw_Si47xx.o
 .debug_line    0x000013d9      0x14c Hw_SPI.o
 .debug_line    0x00001525      0x44d Hw_N5110G.o
 .debug_line    0x00001972       0xa5 Hw_DMA.o
 .debug_line    0x00001a17      0x2a4 Hw_I2C_IMU.o
 .debug_line    0x00001cbb       0xbf Hw_MPU6050.o
 .debug_line    0x00001d7a       0x4f usb_desc.o
 .debug_line    0x00001dc9       0xae usb_endp.o
 .debug_line    0x00001e77      0x120 usb_istr.o
 .debug_line    0x00001f97      0x1fe usb_prop.o
 .debug_line    0x00002195      0x1cc usb_pwr.o
 .debug_line    0x00002361      0x22a hw_config.o
 .debug_line    0x0000258b      0x48f usb_core.o
 .debug_line    0x00002a1a       0x7c usb_init.o
 .debug_line    0x00002a96       0xaf usb_mem.o
 .debug_line    0x00002b45      0x504 usb_regs.o
 .debug_line    0x00003049       0xa7 usb_sil.o
 .debug_line    0x000030f0      0x104 usb_int.o

.debug_str      0x00000000     0x257c
 .debug_str     0x00000000      0x16e main.o
                                0x191 (size before relaxing)
 .debug_str     0x0000016e       0x17 Ap.o
                                0x174 (size before relaxing)
 .debug_str     0x00000185       0xe0 Ap_GLcdMenu.o
                                0x24f (size before relaxing)
 .debug_str     0x00000265      0x134 Lb_Printf.o
                                0x2ab (size before relaxing)
 .debug_str     0x00000399       0x90 Hw_StartUp.o
                                0x1f6 (size before relaxing)
 .debug_str     0x00000429       0x52 Hw.o
                                0x1af (size before relaxing)
 .debug_str     0x0000047b      0x135 Hw_Uart.o
                                0x2a2 (size before relaxing)
 .debug_str     0x000005b0       0x1f Hw_PLL.o
                                0x17c (size before relaxing)
 .debug_str     0x000005cf       0x55 Hw_Led.o
                                0x1b8 (size before relaxing)
 .debug_str     0x00000624       0xc2 Hw_Uart_Q.o
                                0x228 (size before relaxing)
 .debug_str     0x000006e6       0x96 Hw_ISR.o
                                0x1fc (size before relaxing)
 .debug_str     0x0000077c      0x16b Hw_Timer.o
                                0x2e1 (size before relaxing)
 .debug_str     0x000008e7       0x3d Hw_VCom.o
                                0x1d2 (size before relaxing)
 .debug_str     0x00000924       0x47 Hw_I2C.o
                                0x1a4 (size before relaxing)
 .debug_str     0x0000096b       0xb2 Hw_I2C_HW.o
                                0x21e (size before relaxing)
 .debug_str     0x00000a1d      0x232 Hw_Si47xx.o
                                0x3de (size before relaxing)
 .debug_str     0x00000c4f       0xb8 Hw_SPI.o
                                0x21d (size before relaxing)
 .debug_str     0x00000d07      0x225 Hw_N5110G.o
                                0x3cc (size before relaxing)
 .debug_str     0x00000f2c       0x6e Hw_DMA.o
                                0x1d2 (size before relaxing)
 .debug_str     0x00000f9a      0x128 Hw_I2C_IMU.o
                                0x2ba (size before relaxing)
 .debug_str     0x000010c2       0xd7 Hw_MPU6050.o
                                0x28f (size before relaxing)
 .debug_str     0x00001199       0xd3 usb_desc.o
                                0x241 (size before relaxing)
 .debug_str     0x0000126c      0x128 usb_endp.o
                                0x296 (size before relaxing)
 .debug_str     0x00001394      0x1b6 usb_istr.o
                                0x3ae (size before relaxing)
 .debug_str     0x0000154a      0x4f1 usb_prop.o
                                0x94b (size before relaxing)
 .debug_str     0x00001a3b       0x81 usb_pwr.o
                                0x360 (size before relaxing)
 .debug_str     0x00001abc      0x176 hw_config.o
                                0x514 (size before relaxing)
 .debug_str     0x00001c32      0x42a usb_core.o
                                0xa54 (size before relaxing)
 .debug_str     0x0000205c       0x35 usb_init.o
                                0x533 (size before relaxing)
 .debug_str     0x00002091       0x71 usb_mem.o
                                0x1e8 (size before relaxing)
 .debug_str     0x00002102      0x3dd usb_regs.o
                                0x570 (size before relaxing)
 .debug_str     0x000024df       0x6f usb_sil.o
                                0x1f6 (size before relaxing)
 .debug_str     0x0000254e       0x2e usb_int.o
                                0x1f0 (size before relaxing)

.comment        0x00000000       0x70
 .comment       0x00000000       0x70 main.o
                                 0x71 (size before relaxing)
 .comment       0x00000000       0x71 Ap.o
 .comment       0x00000000       0x71 Ap_GLcdMenu.o
 .comment       0x00000000       0x71 Lb_Printf.o
 .comment       0x00000000       0x71 Hw_StartUp.o
 .comment       0x00000000       0x71 Hw.o
 .comment       0x00000000       0x71 Hw_Uart.o
 .comment       0x00000000       0x71 Hw_PLL.o
 .comment       0x00000000       0x71 Hw_Led.o
 .comment       0x00000000       0x71 Hw_Uart_Q.o
 .comment       0x00000000       0x71 Hw_ISR.o
 .comment       0x00000000       0x71 Hw_Timer.o
 .comment       0x00000000       0x71 Hw_VCom.o
 .comment       0x00000000       0x71 Hw_I2C.o
 .comment       0x00000000       0x71 Hw_I2C_HW.o
 .comment       0x00000000       0x71 Hw_Si47xx.o
 .comment       0x00000000       0x71 Hw_SPI.o
 .comment       0x00000000       0x71 Hw_N5110G.o
 .comment       0x00000000       0x71 Hw_DMA.o
 .comment       0x00000000       0x71 Hw_I2C_IMU.o
 .comment       0x00000000       0x71 Hw_MPU6050.o
 .comment       0x00000000       0x71 usb_desc.o
 .comment       0x00000000       0x71 usb_endp.o
 .comment       0x00000000       0x71 usb_istr.o
 .comment       0x00000000       0x71 usb_prop.o
 .comment       0x00000000       0x71 usb_pwr.o
 .comment       0x00000000       0x71 hw_config.o
 .comment       0x00000000       0x71 usb_core.o
 .comment       0x00000000       0x71 usb_init.o
 .comment       0x00000000       0x71 usb_mem.o
 .comment       0x00000000       0x71 usb_regs.o
 .comment       0x00000000       0x71 usb_sil.o
 .comment       0x00000000       0x71 usb_int.o

.debug_frame    0x00000000     0x1e00
 .debug_frame   0x00000000       0x48 main.o
 .debug_frame   0x00000048       0x20 Ap.o
 .debug_frame   0x00000068       0x8c Ap_GLcdMenu.o
 .debug_frame   0x000000f4      0x224 Lb_Printf.o
 .debug_frame   0x00000318       0x34 Hw_StartUp.o
 .debug_frame   0x0000034c       0x98 Hw.o
 .debug_frame   0x000003e4      0x184 Hw_Uart.o
 .debug_frame   0x00000568       0x20 Hw_PLL.o
 .debug_frame   0x00000588       0x68 Hw_Led.o
 .debug_frame   0x000005f0       0xc0 Hw_Uart_Q.o
 .debug_frame   0x000006b0       0x40 Hw_ISR.o
 .debug_frame   0x000006f0      0x130 Hw_Timer.o
 .debug_frame   0x00000820       0x68 Hw_VCom.o
 .debug_frame   0x00000888       0x58 Hw_I2C.o
 .debug_frame   0x000008e0      0x118 Hw_I2C_HW.o
 .debug_frame   0x000009f8      0x2fc Hw_Si47xx.o
 .debug_frame   0x00000cf4       0xbc Hw_SPI.o
 .debug_frame   0x00000db0      0x2a8 Hw_N5110G.o
 .debug_frame   0x00001058       0x58 Hw_DMA.o
 .debug_frame   0x000010b0      0x160 Hw_I2C_IMU.o
 .debug_frame   0x00001210       0x74 Hw_MPU6050.o
 .debug_frame   0x00001284       0x68 usb_endp.o
 .debug_frame   0x000012ec       0x38 usb_istr.o
 .debug_frame   0x00001324      0x148 usb_prop.o
 .debug_frame   0x0000146c       0xbc usb_pwr.o
 .debug_frame   0x00001528      0x184 hw_config.o
 .debug_frame   0x000016ac      0x210 usb_core.o
 .debug_frame   0x000018bc       0x38 usb_init.o
 .debug_frame   0x000018f4       0x40 usb_mem.o
 .debug_frame   0x00001934      0x3f4 usb_regs.o
 .debug_frame   0x00001d28       0x6c usb_sil.o
 .debug_frame   0x00001d94       0x6c usb_int.o

Cross Reference Table

Symbol                                            File
Ap_GLcdMenu_ExeCmd                                Ap_GLcdMenu.o
                                                  main.o
Ap_GLcdMenu_GetCmd                                Ap_GLcdMenu.o
Ap_GLcdMenu_ShowMenu                              Ap_GLcdMenu.o
Ap_Init                                           Ap.o
                                                  main.o
Ap_RadioMenu_ExeCmd                               Ap_RadioMenu.o
Ap_RadioMenu_GetCmd                               Ap_RadioMenu.o
Ap_RadioMenu_ShowMenu                             Ap_RadioMenu.o
Ap_Radio_AM_ChannelGet                            Ap_Radio.o
Ap_Radio_AM_ChannelSet                            Ap_Radio.o
Ap_Radio_ApiStart                                 Ap_Radio.o
Ap_Radio_BandGet                                  Ap_Radio.o
                                                  Ap_RadioMenu.o
Ap_Radio_BandSetAM                                Ap_Radio.o
                                                  Ap_RadioMenu.o
Ap_Radio_BandSetFM                                Ap_Radio.o
                                                  Ap_RadioMenu.o
Ap_Radio_ChannelGet                               Ap_Radio.o
                                                  Ap_RadioMenu.o
Ap_Radio_ChannelSet                               Ap_Radio.o
                                                  Ap_RadioMenu.o
Ap_Radio_ChannelSetFirst                          Ap_Radio.o
                                                  Ap_RadioMenu.o
Ap_Radio_ChannelSetLast                           Ap_Radio.o
Ap_Radio_ChannelSetNext                           Ap_Radio.o
                                                  Ap_RadioMenu.o
Ap_Radio_ChannelSetPrev                           Ap_Radio.o
                                                  Ap_RadioMenu.o
Ap_Radio_FM_ChannelGet                            Ap_Radio.o
Ap_Radio_FM_ChannelSet                            Ap_Radio.o
Ap_Radio_Init                                     Ap_Radio.o
Ap_Radio_Log                                      Ap_Radio.o
Ap_Radio_MuteSetOff                               Ap_Radio.o
Ap_Radio_MuteSetOn                                Ap_Radio.o
Ap_Radio_SeekFromFirst                            Ap_Radio.o
Ap_Radio_SeekFromLast                             Ap_Radio.o
Ap_Radio_SeekToFirst                              Ap_Radio.o
                                                  Ap_RadioMenu.o
Ap_Radio_SeekToLast                               Ap_Radio.o
                                                  Ap_RadioMenu.o
Ap_Radio_VolumeGet                                Ap_Radio.o
                                                  Ap_RadioMenu.o
Ap_Radio_VolumeSet                                Ap_Radio.o
Ap_Radio_VolumeSetDown                            Ap_Radio.o
                                                  Ap_RadioMenu.o
Ap_Radio_VolumeSetUp                              Ap_Radio.o
                                                  Ap_RadioMenu.o
ByteSwap                                          usb_regs.o
                                                  usb_core.o
CTR_HP                                            usb_int.o
CTR_LP                                            usb_int.o
                                                  usb_istr.o
ClearDTOG_RX                                      usb_regs.o
                                                  usb_core.o
ClearDTOG_TX                                      usb_regs.o
                                                  usb_core.o
ClearEPDoubleBuff                                 usb_regs.o
ClearEP_CTR_RX                                    usb_regs.o
ClearEP_CTR_TX                                    usb_regs.o
ClearEP_KIND                                      usb_regs.o
Clear_Status_Out                                  usb_regs.o
                                                  usb_prop.o
Config_Descriptor                                 usb_prop.o
Data_Mul_MaxPacketSize                            usb_core.o
DecToLong                                         Lb_Printf.o
Device_Descriptor                                 usb_prop.o
Device_Info                                       usb_init.o
                                                  hw_config.o
                                                  usb_prop.o
Device_Property                                   usb_prop.o
                                                  usb_init.o
                                                  usb_core.o
                                                  usb_istr.o
Device_Table                                      usb_prop.o
                                                  usb_core.o
EP                                                usb_pwr.o
EP1_IN_Callback                                   usb_endp.o
                                                  usb_istr.o
EP3_OUT_Callback                                  usb_endp.o
                                                  usb_istr.o
EPindex                                           usb_init.o
                                                  usb_int.o
Enter_LowPowerMode                                hw_config.o
FreeUserBuffer                                    usb_regs.o
GetBTABLE                                         usb_regs.o
GetCNTR                                           usb_regs.o
GetDADDR                                          usb_regs.o
GetENDPOINT                                       usb_regs.o
GetEPAddress                                      usb_regs.o
GetEPDblBuf0Addr                                  usb_regs.o
GetEPDblBuf0Count                                 usb_regs.o
GetEPDblBuf1Addr                                  usb_regs.o
GetEPDblBuf1Count                                 usb_regs.o
GetEPDblBufDir                                    usb_regs.o
GetEPRxAddr                                       usb_regs.o
                                                  usb_sil.o
                                                  usb_core.o
GetEPRxCount                                      usb_regs.o
                                                  usb_sil.o
GetEPRxStatus                                     usb_regs.o
GetEPTxAddr                                       usb_regs.o
                                                  usb_sil.o
                                                  usb_core.o
GetEPTxCount                                      usb_regs.o
GetEPTxStatus                                     usb_regs.o
GetEPType                                         usb_regs.o
GetFNR                                            usb_regs.o
GetISTR                                           usb_regs.o
GetRxStallStatus                                  usb_regs.o
GetTxStallStatus                                  usb_regs.o
Get_SerialNum                                     hw_config.o
                                                  usb_prop.o
HW_UART_Q_SIZE                                    Hw_Uart_Q.o
HW_UART_Q_VAILD                                   Hw_Uart_Q.o
                                                  Hw_VCom.o
                                                  Hw_Uart.o
Handle_USBAsynchXfer                              hw_config.o
                                                  usb_endp.o
Hw_DMA_Init                                       Hw_DMA.o
                                                  Hw.o
Hw_DMA_SPI2_IsTransFinished                       Hw_DMA.o
                                                  Hw_N5110G.o
Hw_DMA_SPI2_Setup                                 Hw_DMA.o
                                                  Hw_N5110G.o
Hw_I2C_HW_GetErrStatus                            Hw_I2C_HW.o
Hw_I2C_HW_IO_Setup                                Hw_I2C_HW.o
Hw_I2C_HW_Init                                    Hw_I2C_HW.o
                                                  Hw_I2C.o
Hw_I2C_HW_Read                                    Hw_I2C_HW.o
Hw_I2C_HW_WaitForBitSet                           Hw_I2C_HW.o
Hw_I2C_HW_Write                                   Hw_I2C_HW.o
                                                  Hw_I2C.o
Hw_I2C_IMU_GetErrStatus                           Hw_I2C_IMU.o
Hw_I2C_IMU_IO_Setup                               Hw_I2C_IMU.o
Hw_I2C_IMU_Init                                   Hw_I2C_IMU.o
                                                  Hw_MPU6050.o
Hw_I2C_IMU_MPU6050_ReadReg                        Hw_I2C_IMU.o
                                                  Hw_MPU6050.o
                                                  Ap_GLcdMenu.o
Hw_I2C_IMU_MPU6050_ReadRegs                       Hw_I2C_IMU.o
                                                  Hw_MPU6050.o
Hw_I2C_IMU_MPU6050_WriteReg                       Hw_I2C_IMU.o
                                                  Hw_MPU6050.o
Hw_I2C_IMU_MPU6050_WriteRegs                      Hw_I2C_IMU.o
Hw_I2C_IMU_ReadRegs                               Hw_I2C_IMU.o
Hw_I2C_IMU_WaitForBitSet                          Hw_I2C_IMU.o
Hw_I2C_IMU_WriteRegs                              Hw_I2C_IMU.o
Hw_I2C_Init                                       Hw_I2C.o
                                                  Hw_Si47xx.o
                                                  Hw.o
Hw_I2C_Read                                       Hw_I2C.o
                                                  Hw_Si47xx.o
Hw_I2C_SW_EndTransmit                             Hw_I2C_SW.o
Hw_I2C_SW_IO_Setup                                Hw_I2C_SW.o
Hw_I2C_SW_Init                                    Hw_I2C_SW.o
Hw_I2C_SW_Read                                    Hw_I2C_SW.o
Hw_I2C_SW_ReadByte_Ack                            Hw_I2C_SW.o
Hw_I2C_SW_ReadByte_NoAck                          Hw_I2C_SW.o
Hw_I2C_SW_SCL_HIGH                                Hw_I2C_SW.o
Hw_I2C_SW_SCL_LOW                                 Hw_I2C_SW.o
Hw_I2C_SW_SDA                                     Hw_I2C_SW.o
Hw_I2C_SW_SDA_HIGH                                Hw_I2C_SW.o
Hw_I2C_SW_SDA_LOW                                 Hw_I2C_SW.o
Hw_I2C_SW_SetDir_SDA_Input                        Hw_I2C_SW.o
Hw_I2C_SW_SetDir_SDA_Output                       Hw_I2C_SW.o
Hw_I2C_SW_StartTransmit                           Hw_I2C_SW.o
Hw_I2C_SW_Write                                   Hw_I2C_SW.o
Hw_I2C_SW_WriteByte_Ack                           Hw_I2C_SW.o
Hw_I2C_SW_WriteByte_NoAck                         Hw_I2C_SW.o
Hw_I2C_Write                                      Hw_I2C.o
                                                  Hw_Si47xx.o
Hw_ISR_Init                                       Hw_ISR.o
                                                  Hw.o
Hw_ISR_SetIRQFunc                                 Hw_ISR.o
                                                  Hw_Uart.o
Hw_ISR_SetIRQFuncByAddr                           Hw_ISR.o
                                                  hw_config.o
                                                  Hw_Timer.o
Hw_ISR_UART1_Handler                              Hw_Uart.o
Hw_ISR_VectorTable                                Hw_ISR.o
Hw_Init                                           Hw.o
                                                  main.o
Hw_Led_Init                                       Hw_Led.o
                                                  Hw.o
Hw_Led_Off                                        Hw_Led.o
Hw_Led_On                                         Hw_Led.o
Hw_Led_Toggle                                     Hw_Led.o
                                                  main.o
Hw_Led_Wait                                       Hw_Led.o
Hw_MPU6050_GetData                                Hw_MPU6050.o
                                                  Ap_GLcdMenu.o
Hw_MPU6050_Init                                   Hw_MPU6050.o
                                                  Hw.o
Hw_N5100G_FrameTick                               Hw_N5110G.o
Hw_N5110G_Clear                                   Hw_N5110G.o
                                                  Ap_GLcdMenu.o
Hw_N5110G_ClrPixel                                Hw_N5110G.o
Hw_N5110G_DrawCircle                              Hw_N5110G.o
                                                  Ap_GLcdMenu.o
Hw_N5110G_DrawClear                               Hw_N5110G.o
Hw_N5110G_DrawClearRect                           Hw_N5110G.o
Hw_N5110G_DrawPrint                               Hw_N5110G.o
Hw_N5110G_DrawRequest                             Hw_N5110G.o
                                                  Ap_GLcdMenu.o
Hw_N5110G_Font6_8                                 Hw_N5110G.o
Hw_N5110G_Frame_DrawReq                           Hw_N5110G.o
Hw_N5110G_Frame_Index                             Hw_N5110G.o
Hw_N5110G_GetPixel                                Hw_N5110G.o
Hw_N5110G_Goto                                    Hw_N5110G.o
Hw_N5110G_Init                                    Hw_N5110G.o
                                                  Hw.o
Hw_N5110G_Print                                   Hw_N5110G.o
                                                  Ap_GLcdMenu.o
Hw_N5110G_Reset                                   Hw_N5110G.o
Hw_N5110G_RxFrameBuf                              Hw_N5110G.o
Hw_N5110G_SetPixel                                Hw_N5110G.o
Hw_N5110G_TxFrameBuf                              Hw_N5110G.o
Hw_N5110G_WriteByte                               Hw_N5110G.o
Hw_N5110G_WriteChar                               Hw_N5110G.o
Hw_N5110G_WriteCmd                                Hw_N5110G.o
Hw_N5110G_WriteStr                                Hw_N5110G.o
Hw_N5110G_XorPixel                                Hw_N5110G.o
Hw_PLL_Init                                       Hw_PLL.o
                                                  Hw.o
Hw_SPI_Ch1_Init                                   Hw_SPI.o
Hw_SPI_Ch2_Init                                   Hw_SPI.o
Hw_SPI_Disable                                    Hw_SPI.o
Hw_SPI_Enable                                     Hw_SPI.o
Hw_SPI_Init                                       Hw_SPI.o
                                                  Hw_N5110G.o
Hw_SPI_StartDMA                                   Hw_SPI.o
                                                  Hw_N5110G.o
Hw_SPI_StopDMA                                    Hw_SPI.o
Hw_SPI_Write16Bit                                 Hw_SPI.o
Hw_SPI_Write8Bit                                  Hw_SPI.o
                                                  Hw_N5110G.o
Hw_Si47xx_AM_Config                               Hw_Si47xx.o
                                                  Ap_Radio.o
Hw_Si47xx_AM_SEEK_START                           Hw_Si47xx.o
                                                  Ap_Radio.o
Hw_Si47xx_AM_TUNE_FREQ                            Hw_Si47xx.o
                                                  Ap_Radio.o
Hw_Si47xx_AM_TUNE_STATUS                          Hw_Si47xx.o
                                                  Ap_Radio.o
Hw_Si47xx_CommandResp                             Hw_Si47xx.o
Hw_Si47xx_FM_Config                               Hw_Si47xx.o
                                                  Ap_Radio.o
Hw_Si47xx_FM_SEEK_START                           Hw_Si47xx.o
                                                  Ap_Radio.o
Hw_Si47xx_FM_TUNE_FREQ                            Hw_Si47xx.o
                                                  Ap_Radio.o
Hw_Si47xx_FM_TUNE_STATUS                          Hw_Si47xx.o
                                                  Ap_Radio.o
Hw_Si47xx_GET_INT_STATUS                          Hw_Si47xx.o
Hw_Si47xx_GET_PROPERTY                            Hw_Si47xx.o
                                                  Ap_Radio.o
Hw_Si47xx_Init                                    Hw_Si47xx.o
                                                  Hw.o
                                                  Ap_Radio.o
Hw_Si47xx_LastResp                                Hw_Si47xx.o
Hw_Si47xx_POWER_UP                                Hw_Si47xx.o
Hw_Si47xx_ReadResp                                Hw_Si47xx.o
                                                  Ap_Radio.o
Hw_Si47xx_ReceiveResponse                         Hw_Si47xx.o
Hw_Si47xx_Reset                                   Hw_Si47xx.o
Hw_Si47xx_SET_PROPERTY                            Hw_Si47xx.o
                                                  Ap_Radio.o
Hw_Si47xx_SendCommand                             Hw_Si47xx.o
Hw_Si47xx_WaitForCTS                              Hw_Si47xx.o
Hw_Si47xx_WaitForSTC                              Hw_Si47xx.o
                                                  Ap_Radio.o
Hw_StartUp_Init                                   Hw_StartUp.o
Hw_Timer_Delay_ms                                 Hw_Timer.o
                                                  Hw_N5110G.o
                                                  Hw_Si47xx.o
Hw_Timer_Get_CountValue                           Hw_Timer.o
                                                  Hw_Si47xx.o
Hw_Timer_Get_Handle                               Hw_Timer.o
Hw_Timer_ISR                                      Hw_Timer.o
Hw_Timer_Init                                     Hw_Timer.o
                                                  Hw.o
Hw_Timer_Reset                                    Hw_Timer.o
Hw_Timer_Set                                      Hw_Timer.o
                                                  Hw_N5110G.o
                                                  main.o
Hw_Timer_Setup                                    Hw_Timer.o
Hw_Timer_SetupISR                                 Hw_Timer.o
Hw_Timer_Start                                    Hw_Timer.o
                                                  Hw_N5110G.o
                                                  main.o
Hw_Timer_Stop                                     Hw_Timer.o
Hw_Timer_Tick                                     Hw_Timer.o
Hw_Uart_Ch                                        Hw_Uart.o
Hw_Uart_Getch                                     Hw_Uart.o
Hw_Uart_GetchNoWait                               Hw_Uart.o
Hw_Uart_Init                                      Hw_Uart.o
                                                  Hw.o
Hw_Uart_Open                                      Hw_Uart.o
Hw_Uart_Open_COM1                                 Hw_Uart.o
Hw_Uart_Print                                     Hw_Uart.o
Hw_Uart_PrintEx                                   Hw_Uart.o
Hw_Uart_Putch                                     Hw_Uart.o
Hw_Uart_Q_Buffer                                  Hw_Uart_Q.o
Hw_Uart_Q_End                                     Hw_Uart_Q.o
Hw_Uart_Q_Init                                    Hw_Uart_Q.o
                                                  Hw_Uart.o
Hw_Uart_Q_Pop                                     Hw_Uart_Q.o
                                                  Hw_VCom.o
                                                  Hw_Uart.o
Hw_Uart_Q_Push                                    Hw_Uart_Q.o
                                                  hw_config.o
                                                  Hw_Uart.o
Hw_Uart_Q_PushReady                               Hw_Uart_Q.o
Hw_Uart_Q_Size                                    Hw_Uart_Q.o
Hw_Uart_Q_Start                                   Hw_Uart_Q.o
Hw_VCom_Getch                                     Hw_VCom.o
Hw_VCom_Init                                      Hw_VCom.o
                                                  Hw.o
Hw_VCom_Putch                                     Hw_VCom.o
Hw_Wait                                           Hw.o
                                                  Hw_Si47xx.o
Hw_Wait_Usec                                      Hw.o
                                                  Hw_I2C_SW.o
Hw_Wait_ms                                        Hw.o
                                                  Hw_MPU6050.o
                                                  Ap_GLcdMenu.o
Hw_Wait_us                                        Hw.o
In0_Process                                       usb_core.o
                                                  usb_int.o
LED_Tick                                          main.o
Lb_Util_PaseArgs                                  Lb_Util.o
Lb_Util_atoi                                      Lb_Util.o
Lb_printf                                         Lb_Printf.o
                                                  Hw_MPU6050.o
                                                  Hw_I2C_HW.o
                                                  Ap_GLcdMenu.o
                                                  Ap_RadioMenu.o
Lb_sprintf                                        Lb_Printf.o
                                                  Hw_Uart.o
Lb_vsprintf                                       Lb_Printf.o
                                                  Hw_N5110G.o
Leave_LowPowerMode                                hw_config.o
                                                  usb_pwr.o
NOP_Process                                       usb_core.o
                                                  usb_prop.o
                                                  usb_istr.o
Out0_Process                                      usb_core.o
                                                  usb_int.o
PMAToUserBufferCopy                               usb_mem.o
                                                  usb_sil.o
                                                  usb_core.o
Post0_Process                                     usb_core.o
PowerOff                                          usb_pwr.o
PowerOn                                           usb_pwr.o
                                                  usb_prop.o
Request                                           usb_prop.o
Resume                                            usb_pwr.o
                                                  usb_istr.o
ResumeS                                           usb_pwr.o
Resume_Init                                       usb_pwr.o
SOF_Callback                                      usb_endp.o
                                                  usb_istr.o
SaveRState                                        usb_int.o
                                                  usb_core.o
SaveState                                         usb_init.o
SaveTState                                        usb_int.o
                                                  usb_core.o
SetBTABLE                                         usb_regs.o
                                                  usb_prop.o
SetCNTR                                           usb_regs.o
SetDADDR                                          usb_regs.o
SetDeviceAddress                                  usb_core.o
                                                  usb_prop.o
SetDouBleBuffEPStall                              usb_regs.o
SetENDPOINT                                       usb_regs.o
SetEPAddress                                      usb_regs.o
SetEPCountRxReg                                   usb_regs.o
SetEPDblBuf0Addr                                  usb_regs.o
SetEPDblBuf0Count                                 usb_regs.o
SetEPDblBuf1Addr                                  usb_regs.o
SetEPDblBuf1Count                                 usb_regs.o
SetEPDblBuffAddr                                  usb_regs.o
SetEPDblBuffCount                                 usb_regs.o
SetEPDoubleBuff                                   usb_regs.o
SetEPRxAddr                                       usb_regs.o
                                                  usb_prop.o
SetEPRxCount                                      usb_regs.o
                                                  usb_core.o
                                                  usb_prop.o
SetEPRxStatus                                     usb_regs.o
                                                  usb_prop.o
SetEPRxValid                                      usb_regs.o
                                                  usb_prop.o
                                                  usb_endp.o
SetEPTxAddr                                       usb_regs.o
                                                  usb_prop.o
SetEPTxCount                                      usb_regs.o
                                                  usb_sil.o
                                                  usb_core.o
                                                  hw_config.o
                                                  usb_endp.o
SetEPTxStatus                                     usb_regs.o
                                                  usb_core.o
                                                  usb_prop.o
SetEPTxValid                                      usb_regs.o
                                                  hw_config.o
                                                  usb_endp.o
SetEPType                                         usb_regs.o
                                                  usb_prop.o
SetEP_KIND                                        usb_regs.o
SetISTR                                           usb_regs.o
Set_Status_Out                                    usb_regs.o
Set_System                                        hw_config.o
                                                  Hw_VCom.o
Set_USBClock                                      hw_config.o
                                                  Hw_VCom.o
Setup0_Process                                    usb_core.o
                                                  usb_int.o
Standard_ClearFeature                             usb_core.o
Standard_GetConfiguration                         usb_core.o
Standard_GetDescriptorData                        usb_core.o
                                                  usb_prop.o
Standard_GetInterface                             usb_core.o
Standard_GetStatus                                usb_core.o
Standard_SetConfiguration                         usb_core.o
Standard_SetDeviceFeature                         usb_core.o
Standard_SetEndPointFeature                       usb_core.o
Standard_SetInterface                             usb_core.o
StatusInfo                                        usb_core.o
StrCmp                                            Lb_Printf.o
StrNCmp                                           Lb_Printf.o
StrPrintBufIndex                                  Lb_Printf.o
StrPrintMode                                      Lb_Printf.o
String_Descriptor                                 usb_prop.o
Suspend                                           usb_pwr.o
                                                  usb_istr.o
TimerDebug_Tick                                   Ap_RadioMenu.o
ToWord                                            usb_regs.o
ToggleDTOG_RX                                     usb_regs.o
ToggleDTOG_TX                                     usb_regs.o
USART_Rx_Buffer                                   hw_config.o
                                                  usb_endp.o
USART_Rx_length                                   hw_config.o
                                                  usb_endp.o
USART_Rx_ptr_in                                   hw_config.o
USART_Rx_ptr_out                                  hw_config.o
                                                  usb_endp.o
USART_To_USB_Send_Data                            hw_config.o
USBWakeUp_IRQHandler                              hw_config.o
USB_Cable_Config                                  hw_config.o
                                                  usb_pwr.o
USB_Init                                          usb_init.o
                                                  Hw_VCom.o
USB_Interrupts_Config                             hw_config.o
                                                  Hw_VCom.o
USB_Istr                                          usb_istr.o
                                                  hw_config.o
USB_LP_IRQHandler                                 hw_config.o
USB_Rx_Buffer                                     usb_endp.o
USB_SIL_Init                                      usb_sil.o
                                                  usb_prop.o
USB_SIL_Read                                      usb_sil.o
                                                  usb_endp.o
USB_SIL_Write                                     usb_sil.o
USB_Send_Data                                     hw_config.o
                                                  Hw_VCom.o
USB_To_USART_Send_Data                            hw_config.o
                                                  usb_endp.o
USB_Tx_State                                      hw_config.o
                                                  usb_endp.o
UserToPMABufferCopy                               usb_mem.o
                                                  usb_sil.o
                                                  usb_core.o
                                                  hw_config.o
                                                  usb_endp.o
User_Standard_Requests                            usb_prop.o
                                                  usb_init.o
Virtual_Com_Port_ConfigDescriptor                 usb_desc.o
                                                  usb_prop.o
Virtual_Com_Port_Data_Setup                       usb_prop.o
Virtual_Com_Port_DeviceDescriptor                 usb_desc.o
                                                  usb_prop.o
Virtual_Com_Port_GetConfigDescriptor              usb_prop.o
Virtual_Com_Port_GetDeviceDescriptor              usb_prop.o
Virtual_Com_Port_GetLineCoding                    usb_prop.o
Virtual_Com_Port_GetStringDescriptor              usb_prop.o
Virtual_Com_Port_Get_Interface_Setting            usb_prop.o
Virtual_Com_Port_NoData_Setup                     usb_prop.o
Virtual_Com_Port_Reset                            usb_prop.o
Virtual_Com_Port_SetConfiguration                 usb_prop.o
Virtual_Com_Port_SetDeviceAddress                 usb_prop.o
Virtual_Com_Port_SetLineCoding                    usb_prop.o
Virtual_Com_Port_Status_In                        usb_prop.o
Virtual_Com_Port_Status_Out                       usb_prop.o
Virtual_Com_Port_StringLangID                     usb_desc.o
                                                  usb_prop.o
Virtual_Com_Port_StringProduct                    usb_desc.o
                                                  usb_prop.o
Virtual_Com_Port_StringSerial                     usb_desc.o
                                                  hw_config.o
                                                  usb_prop.o
Virtual_Com_Port_StringVendor                     usb_desc.o
                                                  usb_prop.o
Virtual_Com_Port_init                             usb_prop.o
__WFI                                             hw_config.o
                                                  usb_pwr.o
__errno                                           c:/program files (x86)/gnu tools arm embedded/4.9 2015q1/bin/../lib/gcc/arm-none-eabi/4.9.3/../../../../arm-none-eabi/lib/armv7-m\libc.a(lib_a-errno.o)
                                                  Lb_Util.o
__get_MSP                                         Lb_Util.o
__strtok_r                                        c:/program files (x86)/gnu tools arm embedded/4.9 2015q1/bin/../lib/gcc/arm-none-eabi/4.9.3/../../../../arm-none-eabi/lib/armv7-m\libc.a(lib_a-strtok_r.o)
                                                  c:/program files (x86)/gnu tools arm embedded/4.9 2015q1/bin/../lib/gcc/arm-none-eabi/4.9.3/../../../../arm-none-eabi/lib/armv7-m\libc.a(lib_a-strtok.o)
_ebss                                             Hw_StartUp.o
                                                  Lb_Util.o
_edata                                            Hw_StartUp.o
_estack                                           Hw_StartUp.o
_global_impure_ptr                                c:/program files (x86)/gnu tools arm embedded/4.9 2015q1/bin/../lib/gcc/arm-none-eabi/4.9.3/../../../../arm-none-eabi/lib/armv7-m\libc.a(lib_a-impure.o)
_impure_ptr                                       c:/program files (x86)/gnu tools arm embedded/4.9 2015q1/bin/../lib/gcc/arm-none-eabi/4.9.3/../../../../arm-none-eabi/lib/armv7-m\libc.a(lib_a-impure.o)
                                                  c:/program files (x86)/gnu tools arm embedded/4.9 2015q1/bin/../lib/gcc/arm-none-eabi/4.9.3/../../../../arm-none-eabi/lib/armv7-m\libc.a(lib_a-strtok.o)
                                                  c:/program files (x86)/gnu tools arm embedded/4.9 2015q1/bin/../lib/gcc/arm-none-eabi/4.9.3/../../../../arm-none-eabi/lib/armv7-m\libc.a(lib_a-errno.o)
_sbrk                                             Lb_Util.o
_sbss                                             Hw_StartUp.o
_sdata                                            Hw_StartUp.o
_sidata                                           Hw_StartUp.o
bDeviceState                                      usb_pwr.o
                                                  hw_config.o
                                                  usb_prop.o
                                                  usb_endp.o
bIntPackSOF                                       usb_istr.o
delay                                             Lb_Util.o
delay_second                                      Lb_Util.o
esof_counter                                      usb_istr.o
fSuspendEnabled                                   usb_pwr.o
                                                  usb_istr.o
g_pfnVectors                                      Hw_StartUp.o
get_byte                                          Hw_Uart.o
                                                  Ap_GLcdMenu.o
                                                  Ap_RadioMenu.o
get_byte_check                                    Hw_Uart.o
                                                  Ap_GLcdMenu.o
linecoding                                        usb_prop.o
main                                              main.o
                                                  Hw_StartUp.o
pEpInt_IN                                         usb_istr.o
                                                  usb_int.o
pEpInt_OUT                                        usb_istr.o
                                                  usb_int.o
pInformation                                      usb_init.o
                                                  usb_core.o
                                                  usb_prop.o
pProperty                                         usb_init.o
                                                  usb_core.o
pStrPrintBuf                                      Lb_Printf.o
pUser_Standard_Requests                           usb_init.o
                                                  usb_core.o
print_byte                                        Hw_Uart.o
                                                  Lb_Printf.o
print_byte_out                                    Lb_Printf.o
remotewakeupon                                    usb_pwr.o
strtok                                            c:/program files (x86)/gnu tools arm embedded/4.9 2015q1/bin/../lib/gcc/arm-none-eabi/4.9.3/../../../../arm-none-eabi/lib/armv7-m\libc.a(lib_a-strtok.o)
                                                  Lb_Util.o
strtok_r                                          c:/program files (x86)/gnu tools arm embedded/4.9 2015q1/bin/../lib/gcc/arm-none-eabi/4.9.3/../../../../arm-none-eabi/lib/armv7-m\libc.a(lib_a-strtok_r.o)
wCNTR                                             usb_istr.o
wInterrupt_Mask                                   usb_init.o
                                                  usb_sil.o
                                                  usb_pwr.o
                                                  usb_istr.o
wIstr                                             usb_istr.o
                                                  usb_int.o
