
Discarded input sections

 .text          0x00000000        0x0 stm32md_startup.o
 .data          0x00000000        0x0 stm32md_startup.o
 .bss           0x00000000        0x0 stm32md_startup.o
 .text.__Init_Data
                0x00000000       0x60 stm32md_startup.o
 .text          0x00000000        0x0 main.o
 .data          0x00000000        0x0 main.o
 .bss           0x00000000        0x0 main.o
 .text.get_byte
                0x00000000       0x18 main.o
 .text.SerialOutputString
                0x00000000       0x30 main.o
 .text.StrNCmp  0x00000000       0x40 main.o
 .text.StrCmp   0x00000000       0x44 main.o
 .text.delay_us
                0x00000000       0x8c main.o
 .text.delay_ms
                0x00000000       0x9c main.o
 .text.change_duty31
                0x00000000        0xc main.o
 .text.change_duty32
                0x00000000        0xc main.o

Memory Configuration

Name             Origin             Length             Attributes
RAM              0x20000000         0x00005000         xrw
EXTSRAM          0x68000000         0x00000000         xrw
FLASH            0x08000000         0x0001f800         xr
EEMUL            0x0801f800         0x00000800         xrw
*default*        0x00000000         0xffffffff

Linker script and memory map

LOAD stm32md_startup.o
LOAD main.o
LOAD c:/program files (x86)/gnu tools arm embedded/4.8 2013q4/bin/../lib/gcc/arm-none-eabi/4.8.3/../../../../arm-none-eabi/lib/armv7-m\libc.a
LOAD c:/program files (x86)/gnu tools arm embedded/4.8 2013q4/bin/../lib/gcc/arm-none-eabi/4.8.3/../../../../arm-none-eabi/lib/armv7-m\libm.a
LOAD c:/program files (x86)/gnu tools arm embedded/4.8 2013q4/bin/../lib/gcc/arm-none-eabi/4.8.3/../../../../arm-none-eabi/lib/armv7-m\libc.a
LOAD c:/program files (x86)/gnu tools arm embedded/4.8 2013q4/bin/../lib/gcc/arm-none-eabi/4.8.3/armv7-m\libgcc.a
START GROUP
LOAD c:/program files (x86)/gnu tools arm embedded/4.8 2013q4/bin/../lib/gcc/arm-none-eabi/4.8.3/armv7-m\libgcc.a
LOAD c:/program files (x86)/gnu tools arm embedded/4.8 2013q4/bin/../lib/gcc/arm-none-eabi/4.8.3/../../../../arm-none-eabi/lib/armv7-m\libg.a
LOAD c:/program files (x86)/gnu tools arm embedded/4.8 2013q4/bin/../lib/gcc/arm-none-eabi/4.8.3/../../../../arm-none-eabi/lib/armv7-m\libc.a
END GROUP
                0x20005000                _estack = (ORIGIN (RAM) + 0x5000)
                0x0801f800                _seemul = ORIGIN (EEMUL)
                0x00000100                _Minimum_Stack_Size = 0x100
                0x00000001                ASSERT ((ORIGIN (FLASH) == ALIGN (ORIGIN (FLASH), 0x80)), Start of memory region flash not aligned for startup vector table)

.text           0x08000000      0x940
                0x08000000                . = ALIGN (0x80)
                0x00000000                _isr_vectorsflash_offs = (. - 0x8000000)
 *(.isr_vectorsflash)
 .isr_vectorsflash
                0x08000000      0x108 stm32md_startup.o
                0x08000000                g_pfnVectors
                0x08000108                . = ALIGN (0x4)
 *(.text)
 *(.text.*)
 .text.Default_Handler
                0x08000108        0x4 stm32md_startup.o
                0x08000108                EXTI2_IRQHandler
                0x08000108                DebugMon_Handler
                0x08000108                TIM1_CC_IRQHandler
                0x08000108                SysTick_Handler
                0x08000108                PVD_IRQHandler
                0x08000108                PendSV_Handler
                0x08000108                EXTI3_IRQHandler
                0x08000108                EXTI0_IRQHandler
                0x08000108                I2C2_EV_IRQHandler
                0x08000108                UsageFault_Handler
                0x08000108                ADC1_2_IRQHandler
                0x08000108                SPI1_IRQHandler
                0x08000108                TAMPER_IRQHandler
                0x08000108                DMA1_Channel4_IRQHandler
                0x08000108                USART3_IRQHandler
                0x08000108                RTC_IRQHandler
                0x08000108                DMA1_Channel7_IRQHandler
                0x08000108                CAN1_RX1_IRQHandler
                0x08000108                TIM4_IRQHandler
                0x08000108                I2C1_EV_IRQHandler
                0x08000108                DMA1_Channel6_IRQHandler
                0x08000108                TIM3_IRQHandler
                0x08000108                RCC_IRQHandler
                0x08000108                TIM1_TRG_COM_IRQHandler
                0x08000108                DMA1_Channel1_IRQHandler
                0x08000108                Default_Handler
                0x08000108                EXTI15_10_IRQHandler
                0x08000108                EXTI9_5_IRQHandler
                0x08000108                SPI2_IRQHandler
                0x08000108                MemManage_Handler
                0x08000108                SVC_Handler
                0x08000108                DMA1_Channel5_IRQHandler
                0x08000108                EXTI4_IRQHandler
                0x08000108                USB_LP_CAN1_RX0_IRQHandler
                0x08000108                USB_HP_CAN1_TX_IRQHandler
                0x08000108                DMA1_Channel3_IRQHandler
                0x08000108                TIM1_UP_IRQHandler
                0x08000108                WWDG_IRQHandler
                0x08000108                TIM2_IRQHandler
                0x08000108                TIM1_BRK_IRQHandler
                0x08000108                EXTI1_IRQHandler
                0x08000108                RTCAlarm_IRQHandler
                0x08000108                USART2_IRQHandler
                0x08000108                I2C2_ER_IRQHandler
                0x08000108                DMA1_Channel2_IRQHandler
                0x08000108                CAN1_SCE_IRQHandler
                0x08000108                FLASH_IRQHandler
                0x08000108                BusFault_Handler
                0x08000108                USART1_IRQHandler
                0x08000108                I2C1_ER_IRQHandler
                0x08000108                MMI_Handler
                0x08000108                USBWakeUp_IRQHandler
 .text.Reset_Handler
                0x0800010c      0x1c4 stm32md_startup.o
                0x0800010c                Reset_Handler
 .text.print_byte
                0x080002d0       0x28 main.o
                0x080002d0                print_byte
 .text.DecToLong
                0x080002f8       0x4c main.o
                0x080002f8                DecToLong
 .text.printf   0x08000344      0x474 main.o
                0x08000344                printf
 .text.init_TIM3
                0x080007b8       0x68 main.o
                0x080007b8                init_TIM3
 .text.startup.main
                0x08000820       0xe0 main.o
                0x08000820                main
 *(.stub .gnu.linkonce.t.*)
 *(.rodata .rodata.* .gnu.linkonce.r.*)
 .rodata.str1.4
                0x08000900       0x40 main.o
 *(.glue_7 .glue_7t)
 .glue_7        0x00000000        0x0 linker stubs
 .glue_7t       0x00000000        0x0 linker stubs
                0x08000940                . = ALIGN (0x4)
                0x08000940                _etext = .
                0x08000940                _sidata = _etext

.vfp11_veneer   0x08000940        0x0
 .vfp11_veneer  0x00000000        0x0 linker stubs

.v4_bx          0x08000940        0x0
 .v4_bx         0x00000000        0x0 linker stubs

.iplt           0x08000940        0x0
 .iplt          0x00000000        0x0 stm32md_startup.o

.rel.dyn        0x08000940        0x0
 .rel.iplt      0x00000000        0x0 stm32md_startup.o

.data           0x20000000        0x0 load address 0x08000940
                0x20000000                . = .
                0x20000000                . = ALIGN (0x4)
                0x20000000                _sdata = .
                0x20000000                . = ALIGN (0x80)
                0x00000000                _isr_vectorsram_offs = (. - 0x20000000)
 *(.isr_vectorsram)
                0x20000000                . = ALIGN (0x4)
 *(.ramfunc*)
                0x20000000                . = ALIGN (0x4)
 *(.data .data.* .gnu.linkonce.d.*)
                0x20000000                . = ALIGN (0x4)
                0x20000000                _edata = .

.igot.plt       0x20000000        0x0
 .igot.plt      0x00000000        0x0 stm32md_startup.o

.bss            0x20000000        0x0
                0x20000000                . = ALIGN (0x4)
                0x20000000                _sbss = .
 *(.bss .bss.*)
 *(COMMON)
                0x20000000                . = ALIGN (0x4)
                0x20000000                _ebss = .
                0x20000000                PROVIDE (end, _ebss)
                0x20000000                PROVIDE (_end, _ebss)

._usrstack      0x20000000      0x100
                0x20000000                . = ALIGN (0x4)
                0x20000000                _susrstack = .
                0x20000100                . = (. + _Minimum_Stack_Size)
 *fill*         0x20000000      0x100 
                0x20000100                . = ALIGN (0x4)
                0x20000100                _eusrstack = .
                0x00000400                __Stack_Size = 0x400
                0x00000400                PROVIDE (_Stack_Size, __Stack_Size)
                0x20004c00                __Stack_Init = (_estack - __Stack_Size)
                0x20004c00                PROVIDE (_Stack_Init, __Stack_Init)
OUTPUT(remote_ctrl.elf elf32-littlearm)

.debug_info     0x00000000      0xa02
 .debug_info    0x00000000      0x198 stm32md_startup.o
 .debug_info    0x00000198      0x86a main.o

.debug_abbrev   0x00000000      0x406
 .debug_abbrev  0x00000000      0x116 stm32md_startup.o
 .debug_abbrev  0x00000116      0x2f0 main.o

.debug_loc      0x00000000     0x1398
 .debug_loc     0x00000000      0x179 stm32md_startup.o
 .debug_loc     0x00000179     0x121f main.o

.debug_aranges  0x00000000       0xb0
 .debug_aranges
                0x00000000       0x30 stm32md_startup.o
 .debug_aranges
                0x00000030       0x80 main.o

.debug_ranges   0x00000000      0x1a8
 .debug_ranges  0x00000000       0x40 stm32md_startup.o
 .debug_ranges  0x00000040      0x168 main.o

.debug_line     0x00000000      0x4c8
 .debug_line    0x00000000      0x138 stm32md_startup.o
 .debug_line    0x00000138      0x390 main.o

.debug_str      0x00000000      0x2e3
 .debug_str     0x00000000      0x1a0 stm32md_startup.o
 .debug_str     0x000001a0      0x143 main.o
                                0x23b (size before relaxing)

.comment        0x00000000       0x70
 .comment       0x00000000       0x70 stm32md_startup.o
                                 0x71 (size before relaxing)
 .comment       0x00000000       0x71 main.o

.ARM.attributes
                0x00000000       0x33
 .ARM.attributes
                0x00000000       0x33 stm32md_startup.o
 .ARM.attributes
                0x00000033       0x33 main.o

.debug_frame    0x00000000      0x1d4
 .debug_frame   0x00000000       0x68 stm32md_startup.o
 .debug_frame   0x00000068      0x16c main.o

Cross Reference Table

Symbol                                            File
ADC1_2_IRQHandler                                 stm32md_startup.o
BusFault_Handler                                  stm32md_startup.o
CAN1_RX1_IRQHandler                               stm32md_startup.o
CAN1_SCE_IRQHandler                               stm32md_startup.o
DMA1_Channel1_IRQHandler                          stm32md_startup.o
DMA1_Channel2_IRQHandler                          stm32md_startup.o
DMA1_Channel3_IRQHandler                          stm32md_startup.o
DMA1_Channel4_IRQHandler                          stm32md_startup.o
DMA1_Channel5_IRQHandler                          stm32md_startup.o
DMA1_Channel6_IRQHandler                          stm32md_startup.o
DMA1_Channel7_IRQHandler                          stm32md_startup.o
DebugMon_Handler                                  stm32md_startup.o
DecToLong                                         main.o
Default_Handler                                   stm32md_startup.o
EXTI0_IRQHandler                                  stm32md_startup.o
EXTI15_10_IRQHandler                              stm32md_startup.o
EXTI1_IRQHandler                                  stm32md_startup.o
EXTI2_IRQHandler                                  stm32md_startup.o
EXTI3_IRQHandler                                  stm32md_startup.o
EXTI4_IRQHandler                                  stm32md_startup.o
EXTI9_5_IRQHandler                                stm32md_startup.o
FLASH_IRQHandler                                  stm32md_startup.o
HardFault_Handler                                 stm32md_startup.o
I2C1_ER_IRQHandler                                stm32md_startup.o
I2C1_EV_IRQHandler                                stm32md_startup.o
I2C2_ER_IRQHandler                                stm32md_startup.o
I2C2_EV_IRQHandler                                stm32md_startup.o
MMI_Handler                                       stm32md_startup.o
MemManage_Handler                                 stm32md_startup.o
NMI_Handler                                       stm32md_startup.o
PVD_IRQHandler                                    stm32md_startup.o
PendSV_Handler                                    stm32md_startup.o
RCC_IRQHandler                                    stm32md_startup.o
RTCAlarm_IRQHandler                               stm32md_startup.o
RTC_IRQHandler                                    stm32md_startup.o
Reset_Handler                                     stm32md_startup.o
SPI1_IRQHandler                                   stm32md_startup.o
SPI2_IRQHandler                                   stm32md_startup.o
SVC_Handler                                       stm32md_startup.o
SerialOutputString                                main.o
StrCmp                                            main.o
StrNCmp                                           main.o
SysTick_Handler                                   stm32md_startup.o
TAMPER_IRQHandler                                 stm32md_startup.o
TIM1_BRK_IRQHandler                               stm32md_startup.o
TIM1_CC_IRQHandler                                stm32md_startup.o
TIM1_TRG_COM_IRQHandler                           stm32md_startup.o
TIM1_UP_IRQHandler                                stm32md_startup.o
TIM2_IRQHandler                                   stm32md_startup.o
TIM3_IRQHandler                                   stm32md_startup.o
TIM4_IRQHandler                                   stm32md_startup.o
USART1_IRQHandler                                 stm32md_startup.o
USART2_IRQHandler                                 stm32md_startup.o
USART3_IRQHandler                                 stm32md_startup.o
USBWakeUp_IRQHandler                              stm32md_startup.o
USB_HP_CAN1_TX_IRQHandler                         stm32md_startup.o
USB_LP_CAN1_RX0_IRQHandler                        stm32md_startup.o
UsageFault_Handler                                stm32md_startup.o
WWDG_IRQHandler                                   stm32md_startup.o
__Init_Data                                       stm32md_startup.o
_ebss                                             stm32md_startup.o
_edata                                            stm32md_startup.o
_estack                                           stm32md_startup.o
_sbss                                             stm32md_startup.o
_sdata                                            stm32md_startup.o
_sidata                                           stm32md_startup.o
change_duty31                                     main.o
change_duty32                                     main.o
delay_ms                                          main.o
delay_us                                          main.o
g_pfnVectors                                      stm32md_startup.o
get_byte                                          main.o
init_TIM3                                         main.o
main                                              main.o
                                                  stm32md_startup.o
print_byte                                        main.o
printf                                            main.o
