Archive member included because of file (symbol)

c:/program files (x86)/gnu tools arm embedded/4.9 2015q1/bin/../lib/gcc/arm-none-eabi/4.9.3/../../../../arm-none-eabi/lib/armv7-m\libc.a(lib_a-ctype_.o)
                              Ap_StrCmd.o (__ctype_ptr__)
c:/program files (x86)/gnu tools arm embedded/4.9 2015q1/bin/../lib/gcc/arm-none-eabi/4.9.3/../../../../arm-none-eabi/lib/armv7-m\libc.a(lib_a-sscanf.o)
                              Ap_StrCmd.o (sscanf)
c:/program files (x86)/gnu tools arm embedded/4.9 2015q1/bin/../lib/gcc/arm-none-eabi/4.9.3/../../../../arm-none-eabi/lib/armv7-m\libc.a(lib_a-stdio.o)
                              c:/program files (x86)/gnu tools arm embedded/4.9 2015q1/bin/../lib/gcc/arm-none-eabi/4.9.3/../../../../arm-none-eabi/lib/armv7-m\libc.a(lib_a-sscanf.o) (__seofread)
c:/program files (x86)/gnu tools arm embedded/4.9 2015q1/bin/../lib/gcc/arm-none-eabi/4.9.3/../../../../arm-none-eabi/lib/armv7-m\libc.a(lib_a-strlen.o)
                              Ap_StrCmd.o (strlen)
c:/program files (x86)/gnu tools arm embedded/4.9 2015q1/bin/../lib/gcc/arm-none-eabi/4.9.3/../../../../arm-none-eabi/lib/armv7-m\libc.a(lib_a-strncmp.o)
                              Ap_StrCmd.o (strncmp)
c:/program files (x86)/gnu tools arm embedded/4.9 2015q1/bin/../lib/gcc/arm-none-eabi/4.9.3/../../../../arm-none-eabi/lib/armv7-m\libc.a(lib_a-svfscanf.o)
                              c:/program files (x86)/gnu tools arm embedded/4.9 2015q1/bin/../lib/gcc/arm-none-eabi/4.9.3/../../../../arm-none-eabi/lib/armv7-m\libc.a(lib_a-sscanf.o) (__ssvfscanf_r)
c:/program files (x86)/gnu tools arm embedded/4.9 2015q1/bin/../lib/gcc/arm-none-eabi/4.9.3/../../../../arm-none-eabi/lib/armv7-m\libc.a(lib_a-writer.o)
                              c:/program files (x86)/gnu tools arm embedded/4.9 2015q1/bin/../lib/gcc/arm-none-eabi/4.9.3/../../../../arm-none-eabi/lib/armv7-m\libc.a(lib_a-stdio.o) (_write_r)
c:/program files (x86)/gnu tools arm embedded/4.9 2015q1/bin/../lib/gcc/arm-none-eabi/4.9.3/../../../../arm-none-eabi/lib/armv7-m\libc.a(lib_a-closer.o)
                              c:/program files (x86)/gnu tools arm embedded/4.9 2015q1/bin/../lib/gcc/arm-none-eabi/4.9.3/../../../../arm-none-eabi/lib/armv7-m\libc.a(lib_a-stdio.o) (_close_r)
c:/program files (x86)/gnu tools arm embedded/4.9 2015q1/bin/../lib/gcc/arm-none-eabi/4.9.3/../../../../arm-none-eabi/lib/armv7-m\libc.a(lib_a-impure.o)
                              c:/program files (x86)/gnu tools arm embedded/4.9 2015q1/bin/../lib/gcc/arm-none-eabi/4.9.3/../../../../arm-none-eabi/lib/armv7-m\libc.a(lib_a-sscanf.o) (_impure_ptr)
c:/program files (x86)/gnu tools arm embedded/4.9 2015q1/bin/../lib/gcc/arm-none-eabi/4.9.3/../../../../arm-none-eabi/lib/armv7-m\libc.a(lib_a-iswspace.o)
                              c:/program files (x86)/gnu tools arm embedded/4.9 2015q1/bin/../lib/gcc/arm-none-eabi/4.9.3/../../../../arm-none-eabi/lib/armv7-m\libc.a(lib_a-svfscanf.o) (iswspace)
c:/program files (x86)/gnu tools arm embedded/4.9 2015q1/bin/../lib/gcc/arm-none-eabi/4.9.3/../../../../arm-none-eabi/lib/armv7-m\libc.a(lib_a-locale.o)
                              c:/program files (x86)/gnu tools arm embedded/4.9 2015q1/bin/../lib/gcc/arm-none-eabi/4.9.3/../../../../arm-none-eabi/lib/armv7-m\libc.a(lib_a-svfscanf.o) (__locale_mb_cur_max)
c:/program files (x86)/gnu tools arm embedded/4.9 2015q1/bin/../lib/gcc/arm-none-eabi/4.9.3/../../../../arm-none-eabi/lib/armv7-m\libc.a(lib_a-lseekr.o)
                              c:/program files (x86)/gnu tools arm embedded/4.9 2015q1/bin/../lib/gcc/arm-none-eabi/4.9.3/../../../../arm-none-eabi/lib/armv7-m\libc.a(lib_a-stdio.o) (_lseek_r)
c:/program files (x86)/gnu tools arm embedded/4.9 2015q1/bin/../lib/gcc/arm-none-eabi/4.9.3/../../../../arm-none-eabi/lib/armv7-m\libc.a(lib_a-mbrtowc.o)
                              c:/program files (x86)/gnu tools arm embedded/4.9 2015q1/bin/../lib/gcc/arm-none-eabi/4.9.3/../../../../arm-none-eabi/lib/armv7-m\libc.a(lib_a-svfscanf.o) (_mbrtowc_r)
c:/program files (x86)/gnu tools arm embedded/4.9 2015q1/bin/../lib/gcc/arm-none-eabi/4.9.3/../../../../arm-none-eabi/lib/armv7-m\libc.a(lib_a-mbtowc_r.o)
                              c:/program files (x86)/gnu tools arm embedded/4.9 2015q1/bin/../lib/gcc/arm-none-eabi/4.9.3/../../../../arm-none-eabi/lib/armv7-m\libc.a(lib_a-mbrtowc.o) (__mbtowc)
c:/program files (x86)/gnu tools arm embedded/4.9 2015q1/bin/../lib/gcc/arm-none-eabi/4.9.3/../../../../arm-none-eabi/lib/armv7-m\libc.a(lib_a-memset.o)
                              c:/program files (x86)/gnu tools arm embedded/4.9 2015q1/bin/../lib/gcc/arm-none-eabi/4.9.3/../../../../arm-none-eabi/lib/armv7-m\libc.a(lib_a-svfscanf.o) (memset)
c:/program files (x86)/gnu tools arm embedded/4.9 2015q1/bin/../lib/gcc/arm-none-eabi/4.9.3/../../../../arm-none-eabi/lib/armv7-m\libc.a(lib_a-readr.o)
[...]
Memory Configuration

Name             Origin             Length             Attributes
RAM              0x20000000         0x00005000         xrw
EXTSRAM          0x68000000         0x00000000         xrw
FLASH            0x08000000         0x0001f800         xr
EEMUL            0x0801f800         0x00000800         xrw
*default*        0x00000000         0xffffffff

Linker script and memory map

LOAD main.o
LOAD Ap.o
LOAD Ap_Radio.o
LOAD Ap_StrCmd.o
LOAD Ap_StrCmd_Q.o
LOAD Ap_RadioMenu.o
LOAD Ap_GLcdMenu.o
LOAD Ap_EduMenu.o
LOAD Lb_Util.o
LOAD Lb_Printf.o
LOAD Hw_StartUp.o
LOAD Hw.o
LOAD Hw_Uart.o
LOAD Hw_PLL.o
LOAD Hw_ISR.o
LOAD Hw_Timer.o
LOAD Hw_Uart_Q.o
LOAD Hw_I2C.o
LOAD Hw_I2C_SW.o
LOAD Hw_SPI.o
LOAD Hw_DMA.o
LOAD Hw_Adc.o
LOAD Hw_Led.o
LOAD Hw_VCom.o
LOAD Hw_Si47xx.o
LOAD Hw_N5110G.o
LOAD Hw_VBus.o
LOAD Hw_KeyPad.o
LOAD Hw_7Seg.o
LOAD Hw_CLcd.o
LOAD Hw_Cds.o
LOAD Hw_DHT11.o
LOAD usb_desc.o
LOAD usb_endp.o
LOAD usb_istr.o
LOAD usb_prop.o
LOAD usb_pwr.o
LOAD hw_config.o
LOAD usb_core.o
LOAD usb_init.o
LOAD usb_mem.o
LOAD usb_regs.o
LOAD usb_sil.o
LOAD usb_int.o
LOAD c:/program files (x86)/gnu tools arm embedded/4.9 2015q1/bin/../lib/gcc/arm-none-eabi/4.9.3/../../../../arm-none-eabi/lib/armv7-m\libc.a
LOAD c:/program files (x86)/gnu tools arm embedded/4.9 2015q1/bin/../lib/gcc/arm-none-eabi/4.9.3/../../../../arm-none-eabi/lib/armv7-m\libm.a
LOAD c:/program files (x86)/gnu tools arm embedded/4.9 2015q1/bin/../lib/gcc/arm-none-eabi/4.9.3/../../../../arm-none-eabi/lib/armv7-m\libc.a
LOAD c:/program files (x86)/gnu tools arm embedded/4.9 2015q1/bin/../lib/gcc/arm-none-eabi/4.9.3/armv7-m\libgcc.a
                0x20005000                _estack = (ORIGIN (RAM) + 0x5000)
                0x0801f800                _seemul = ORIGIN (EEMUL)
                0x00000100                _Minimum_Stack_Size = 0x100
                0x00000001                ASSERT ((ORIGIN (FLASH) == ALIGN (ORIGIN (FLASH), 0x80)), Start of memory region flash not aligned for startup vector table)

.text           0x08000000     0xc610
                0x08000000                . = ALIGN (0x80)
                0x00000000                _isr_vectorsflash_offs = (. - 0x8000000)
 *(.isr_vectorsflash)
 .isr_vectorsflash
                0x08000000        0x8 Hw_StartUp.o
                0x08000000                g_pfnVectors
                0x08000008                . = ALIGN (0x4)
 *(.text)
 .text          0x08000008       0xec c:/program files (x86)/gnu tools arm embedded/4.9 2015q1/bin/../lib/gcc/arm-none-eabi/4.9.3/../../../../arm-none-eabi/lib/armv7-m\libc.a(lib_a-memcpy.o)
                0x08000008                memcpy
 .text          0x080000f4      0x370 c:/program files (x86)/gnu tools arm embedded/4.9 2015q1/bin/../lib/gcc/arm-none-eabi/4.9.3/armv7-m\libgcc.a(_arm_addsubdf3.o)
                0x080000f4                __aeabi_drsub
                0x080000fc                __aeabi_dsub
                0x080000fc                __subdf3
                0x08000100                __aeabi_dadd
                0x08000100                __adddf3
                0x08000378                __floatunsidf
                0x08000378                __aeabi_ui2d
                0x08000398                __floatsidf
                0x08000398                __aeabi_i2d
                0x080003bc                __aeabi_f2d
                0x080003bc                __extendsfdf2
                0x080003f8                __floatundidf
                0x080003f8                __aeabi_ul2d
                0x08000408                __floatdidf
                0x08000408                __aeabi_l2d
 .text          0x08000464      0x424 c:/program files (x86)/gnu tools arm embedded/4.9 2015q1/bin/../lib/gcc/arm-none-eabi/4.9.3/armv7-m\libgcc.a(_arm_muldivdf3.o)
                0x08000464                __aeabi_dmul
                0x08000464                __muldf3
                0x080006b8                __divdf3
                0x080006b8                __aeabi_ddiv
 .text          0x08000888      0x110 c:/program files (x86)/gnu tools arm embedded/4.9 2015q1/bin/../lib/gcc/arm-none-eabi/4.9.3/armv7-m\libgcc.a(_arm_cmpdf2.o)
                0x08000888                __gtdf2
                0x08000888                __gedf2
                0x08000890                __ltdf2
                0x08000890                __ledf2
                0x08000898                __nedf2
                0x08000898                __eqdf2
                0x08000898                __cmpdf2
                0x08000914                __aeabi_cdrcmple
                0x08000924                __aeabi_cdcmpeq
                0x08000924                __aeabi_cdcmple
                0x08000934                __aeabi_dcmpeq
                0x08000948                __aeabi_dcmplt
                0x0800095c                __aeabi_dcmple
                0x08000970                __aeabi_dcmpge
                0x08000984                __aeabi_dcmpgt
 .text          0x08000998       0x50 c:/program files (x86)/gnu tools arm embedded/4.9 2015q1/bin/../lib/gcc/arm-none-eabi/4.9.3/armv7-m\libgcc.a(_arm_fixdfsi.o)
                0x08000998                __aeabi_d2iz
                0x08000998                __fixdfsi
 .text          0x080009e8       0x40 c:/program files (x86)/gnu tools arm embedded/4.9 2015q1/bin/../lib/gcc/arm-none-eabi/4.9.3/armv7-m\libgcc.a(_arm_fixunsdfsi.o)
                0x080009e8                __aeabi_d2uiz
                0x080009e8                __fixunsdfsi
 .text          0x08000a28       0xa0 c:/program files (x86)/gnu tools arm embedded/4.9 2015q1/bin/../lib/gcc/arm-none-eabi/4.9.3/armv7-m\libgcc.a(_arm_truncdfsf2.o)
                0x08000a28                __truncdfsf2
                0x08000a28                __aeabi_d2f
 .text          0x08000ac8       0x30 c:/program files (x86)/gnu tools arm embedded/4.9 2015q1/bin/../lib/gcc/arm-none-eabi/4.9.3/armv7-m\libgcc.a(_aeabi_uldivmod.o)
                0x08000ac8                __aeabi_uldivmod
 .text          0x08000af8       0x60 c:/program files (x86)/gnu tools arm embedded/4.9 2015q1/bin/../lib/gcc/arm-none-eabi/4.9.3/armv7-m\libgcc.a(bpabi.o)
                0x08000af8                __gnu_ldivmod_helper
                0x08000b28                __gnu_uldivmod_helper
 .text          0x08000b58        0x4 c:/program files (x86)/gnu tools arm embedded/4.9 2015q1/bin/../lib/gcc/arm-none-eabi/4.9.3/armv7-m\libgcc.a(_dvmd_tls.o)
                0x08000b58                __aeabi_idiv0
                0x08000b58                __aeabi_ldiv0
 .text          0x08000b5c      0x2ac c:/program files (x86)/gnu tools arm embedded/4.9 2015q1/bin/../lib/gcc/arm-none-eabi/4.9.3/armv7-m\libgcc.a(_divdi3.o)
                0x08000b5c                __divdi3
 .text          0x08000e08      0x270 c:/program files (x86)/gnu tools arm embedded/4.9 2015q1/bin/../lib/gcc/arm-none-eabi/4.9.3/armv7-m\libgcc.a(_udivdi3.o)
                0x08000e08                __udivdi3
 *(.text.*)
 .text.LED_Tick
                0x08001078       0x10 main.o
                0x08001078                LED_Tick
 .text.startup.main
                0x08001088       0x4c main.o
                0x08001088                main
 .text.Ap_Init  0x080010d4        0xc Ap.o
                0x080010d4                Ap_Init
 .text.Ap_StrCmd_PutFunc
                0x080010e0       0x10 Ap_StrCmd.o
                0x080010e0                Ap_StrCmd_PutFunc
 .text.Ap_StrCmd_CallBack_RxdISR
                0x080010f0       0xa0 Ap_StrCmd.o
                0x080010f0                Ap_StrCmd_CallBack_RxdISR
 .text.Ap_StrCmd_AddCmd.part.1
                0x08001190       0xac Ap_StrCmd.o
 .text.Ap_StrCmd_Init
                0x0800123c       0xf0 Ap_StrCmd.o
                0x0800123c                Ap_StrCmd_Init
 .text.Ap_StrCmd_Print
                0x0800132c       0x30 Ap_StrCmd.o
                0x0800132c                Ap_StrCmd_Print
 .text.Ap_StrCmd_ShowMenu
                0x0800135c       0x6c Ap_StrCmd.o
                0x0800135c                Ap_StrCmd_ShowMenu
 .text.Ap_StrCmd_ShowMenuHelp
                0x080013c8       0x78 Ap_StrCmd.o
                0x080013c8                Ap_StrCmd_ShowMenuHelp
 .text.Ap_StrCmd_ShowInfo
                0x08001440       0x8c Ap_StrCmd.o
                0x08001440                Ap_StrCmd_ShowInfo
 .text.Ap_StrCmd_Echo
                0x080014cc       0x8c Ap_StrCmd.o
                0x080014cc                Ap_StrCmd_Echo
 .text.Ap_StrCmd_ExeFunc
                0x08001558       0xd0 Ap_StrCmd.o
                0x08001558                Ap_StrCmd_ExeFunc
 .text.Ap_StrCmd_ExeCmd
                0x08001628       0x1c Ap_StrCmd.o
                0x08001628                Ap_StrCmd_ExeCmd
 .text.Ap_StrCmd_Q_Init
                0x08001644       0x14 Ap_StrCmd_Q.o
                0x08001644                Ap_StrCmd_Q_Init
 .text.Ap_StrCmd_Q_SIZE
                0x08001658       0x30 Ap_StrCmd_Q.o
                0x08001658                Ap_StrCmd_Q_SIZE
 .text.Ap_StrCmd_Q_Push
                0x08001688       0xa4 Ap_StrCmd_Q.o
                0x08001688                Ap_StrCmd_Q_Push
 .text.Ap_StrCmd_Q_Pop
                0x0800172c       0xa0 Ap_StrCmd_Q.o
                0x0800172c                Ap_StrCmd_Q_Pop
 .text.KeyPad_UpKeyEvent
                0x080017cc       0x28 Ap_EduMenu.o
                0x080017cc                KeyPad_UpKeyEvent
 .text.KeyPad_DownKeyEvent
                0x080017f4       0x2c Ap_EduMenu.o
                0x080017f4                KeyPad_DownKeyEvent
 .text.Ap_EduMenu_ShowMenu
                0x08001820       0x84 Ap_EduMenu.o
                0x08001820                Ap_EduMenu_ShowMenu
 .text.Ap_EduMenu_ExeCmd
                0x080018a4      0x348 Ap_EduMenu.o
                0x080018a4                Ap_EduMenu_ExeCmd
 .text.print_byte_out
                0x08001bec       0x38 Lb_Printf.o
                0x08001bec                print_byte_out
 .text.PrintString
                0x08001c24       0x20 Lb_Printf.o
 .text.DecToLong
                0x08001c44       0x4c Lb_Printf.o
                0x08001c44                DecToLong
 .text.PrintDec
                0x08001c90      0x194 Lb_Printf.o
 .text.PrintHex
                0x08001e24      0x1d0 Lb_Printf.o
 .text.Lb_printf
                0x08001ff4       0xe4 Lb_Printf.o
                0x08001ff4                Lb_printf
 .text.Lb_sprintf
                0x080020d8       0xf8 Lb_Printf.o
                0x080020d8                Lb_sprintf
 .text.Lb_vsprintf
                0x080021d0       0xf4 Lb_Printf.o
                0x080021d0                Lb_vsprintf
 .text.Hw_StartUp_Init
                0x080022c4       0xa4 Hw_StartUp.o
                0x080022c4                Hw_StartUp_Init
 .text.Hw_Init  0x08002368       0xa4 Hw.o
                0x08002368                Hw_Init
 .text.Hw_Wait_Usec
                0x0800240c       0x24 Hw.o
                0x0800240c                Hw_Wait_Usec
 .text.Hw_ISR_UART1_Handler
                0x08002430       0x34 Hw_Uart.o
                0x08002430                Hw_ISR_UART1_Handler
 .text.Hw_ISR_UART2_Handler
                0x08002464       0x34 Hw_Uart.o
                0x08002464                Hw_ISR_UART2_Handler
 .text.Hw_Uart_Putch.part.0
                0x08002498       0x18 Hw_Uart.o
 .text.Hw_Uart_Open_COM1
                0x080024b0       0x84 Hw_Uart.o
                0x080024b0                Hw_Uart_Open_COM1
 .text.Hw_Uart_Open_COM2
                0x08002534       0xb8 Hw_Uart.o
                0x08002534                Hw_Uart_Open_COM2
 .text.Hw_Uart_Init
                0x080025ec       0x40 Hw_Uart.o
                0x080025ec                Hw_Uart_Init
 .text.Hw_Uart_SetReceiveFuncISR
                0x0800262c       0x14 Hw_Uart.o
                0x0800262c                Hw_Uart_SetReceiveFuncISR
 .text.Hw_Uart_Putch
                0x08002640       0x2c Hw_Uart.o
                0x08002640                Hw_Uart_Putch
 .text.Hw_Uart_Printf
                0x0800266c       0x38 Hw_Uart.o
                0x0800266c                Hw_Uart_Printf
 .text.Hw_Uart_GetchNoWait
                0x080026a4       0x20 Hw_Uart.o
                0x080026a4                Hw_Uart_GetchNoWait
 .text.print_byte
                0x080026c4       0x20 Hw_Uart.o
                0x080026c4                print_byte
 .text.Hw_PLL_Init
                0x080026e4       0x88 Hw_PLL.o
                0x080026e4                Hw_PLL_Init
 .text.Hw_ISR_Init
                0x0800276c       0x10 Hw_ISR.o
                0x0800276c                Hw_ISR_Init
 .text.Hw_ISR_SetIRQFunc
                0x0800277c       0x10 Hw_ISR.o
                0x0800277c                Hw_ISR_SetIRQFunc
 .text.Hw_ISR_SetIRQFuncByAddr
                0x0800278c       0x10 Hw_ISR.o
                0x0800278c                Hw_ISR_SetIRQFuncByAddr
 .text.Hw_Timer_Init
                0x0800279c       0x78 Hw_Timer.o
                0x0800279c                Hw_Timer_Init
 .text.Hw_Timer_Tick
                0x08002814       0x70 Hw_Timer.o
                0x08002814                Hw_Timer_Tick
 .text.Hw_Timer_ISR
                0x08002884        0xc Hw_Timer.o
                0x08002884                Hw_Timer_ISR
 .text.Hw_Timer_Set
                0x08002890       0x1c Hw_Timer.o
                0x08002890                Hw_Timer_Set
 .text.Hw_Timer_Start
                0x080028ac       0x14 Hw_Timer.o
                0x080028ac                Hw_Timer_Start
 .text.Hw_Timer_Delay_ms
                0x080028c0       0x14 Hw_Timer.o
                0x080028c0                Hw_Timer_Delay_ms
 .text.Hw_Timer_Get_CountValue
                0x080028d4        0xc Hw_Timer.o
                0x080028d4                Hw_Timer_Get_CountValue
 .text.Hw_Uart_Q_Init
                0x080028e0       0x20 Hw_Uart_Q.o
                0x080028e0                Hw_Uart_Q_Init
 .text.HW_UART_Q_VAILD
                0x08002900       0x30 Hw_Uart_Q.o
                0x08002900                HW_UART_Q_VAILD
 .text.Hw_Uart_Q_Push
                0x08002930       0x78 Hw_Uart_Q.o
                0x08002930                Hw_Uart_Q_Push
 .text.Hw_Uart_Q_Pop
                0x080029a8       0x74 Hw_Uart_Q.o
                0x080029a8                Hw_Uart_Q_Pop
 .text.Hw_Adc_Init
                0x08002a1c       0x94 Hw_Adc.o
                0x08002a1c                Hw_Adc_Init
 .text.Hw_Adc_GetData
                0x08002ab0       0x88 Hw_Adc.o
                0x08002ab0                Hw_Adc_GetData
 .text.Hw_Led_Off
                0x08002b38       0x3c Hw_Led.o
                0x08002b38                Hw_Led_Off
 .text.Hw_Led_Init
                0x08002b74       0x24 Hw_Led.o
                0x08002b74                Hw_Led_Init
 .text.Hw_Led_Toggle
                0x08002b98       0x3c Hw_Led.o
                0x08002b98                Hw_Led_Toggle
 .text.Hw_VCom_Init
                0x08002bd4       0x24 Hw_VCom.o
                0x08002bd4                Hw_VCom_Init
 .text.Hw_VBus_SetDataPortOutput
                0x08002bf8       0xa8 Hw_VBus.o
                0x08002bf8                Hw_VBus_SetDataPortOutput
 .text.Hw_VBus_SetDataPortInput
                0x08002ca0       0xa8 Hw_VBus.o
                0x08002ca0                Hw_VBus_SetDataPortInput
 .text.Hw_VBus_SetAddress
                0x08002d48       0x64 Hw_VBus.o
                0x08002d48                Hw_VBus_SetAddress
 .text.Hw_VBus_SetIdle
                0x08002dac       0x3c Hw_VBus.o
                0x08002dac                Hw_VBus_SetIdle
 .text.Hw_VBus_Init
                0x08002de8       0xe8 Hw_VBus.o
                0x08002de8                Hw_VBus_Init
 .text.Hw_VBus_ReadData.part.1
                0x08002ed0       0x4c Hw_VBus.o
 .text.Hw_VBus_WriteData
                0x08002f1c       0x54 Hw_VBus.o
                0x08002f1c                Hw_VBus_WriteData
 .text.Hw_VBus_ReadData
                0x08002f70       0x24 Hw_VBus.o
                0x08002f70                Hw_VBus_ReadData
 .text.Hw_VBus_SetBit
                0x08002f94       0x3c Hw_VBus.o
                0x08002f94                Hw_VBus_SetBit
 .text.Hw_VBus_ClrBit
                0x08002fd0       0x44 Hw_VBus.o
                0x08002fd0                Hw_VBus_ClrBit
 .text.Hw_VBus_TglBit
                0x08003014       0x3c Hw_VBus.o
                0x08003014                Hw_VBus_TglBit
 .text.Hw_KeyPad_StateTick
                0x08003050      0x160 Hw_KeyPad.o
                0x08003050                Hw_KeyPad_StateTick
 .text.Hw_KeyPad_Tick
                0x080031b0       0x5c Hw_KeyPad.o
                0x080031b0                Hw_KeyPad_Tick
 .text.Hw_KeyPad_Init
                0x0800320c       0x68 Hw_KeyPad.o
                0x0800320c                Hw_KeyPad_Init
 .text.Hw_KeyPad_SetEventFunc
                0x08003274       0x18 Hw_KeyPad.o
                0x08003274                Hw_KeyPad_SetEventFunc
 .text.Hw_KeyPad_GetRepeatCnt
                0x0800328c       0x1c Hw_KeyPad.o
                0x0800328c                Hw_KeyPad_GetRepeatCnt
 .text.Hw_KeyPad_GetPressedCnt
                0x080032a8        0xc Hw_KeyPad.o
                0x080032a8                Hw_KeyPad_GetPressedCnt
 .text.Hw_KeyPad_WaitForEvent
                0x080032b4       0x30 Hw_KeyPad.o
                0x080032b4                Hw_KeyPad_WaitForEvent
 .text.Hw_KeyPad_GetEventKeyData
                0x080032e4       0x14 Hw_KeyPad.o
                0x080032e4                Hw_KeyPad_GetEventKeyData
 .text.Hw_KeyPad_GetEventKeyNum
                0x080032f8        0xc Hw_KeyPad.o
                0x080032f8                Hw_KeyPad_GetEventKeyNum
 .text.Hw_7Seg_Tick
                0x08003304       0x3c Hw_7Seg.o
                0x08003304                Hw_7Seg_Tick
 .text.Hw_7Seg_Init
                0x08003340       0x4c Hw_7Seg.o
                0x08003340                Hw_7Seg_Init
 .text.Hw_7Seg_SetNumber
                0x0800338c       0x8c Hw_7Seg.o
                0x0800338c                Hw_7Seg_SetNumber
 .text.Hw_7Seg_Printf
                0x08003418       0x6c Hw_7Seg.o
                0x08003418                Hw_7Seg_Printf
 .text.Hw_CLcd_WriteCmd
                0x08003484       0x3c Hw_CLcd.o
                0x08003484                Hw_CLcd_WriteCmd
 .text.Hw_CLcd_WriteByte
                0x080034c0       0x3c Hw_CLcd.o
                0x080034c0                Hw_CLcd_WriteByte
 .text.Hw_CLcd_WriteStr
                0x080034fc       0x28 Hw_CLcd.o
                0x080034fc                Hw_CLcd_WriteStr
 .text.Hw_CLcd_Printf
                0x08003524       0x44 Hw_CLcd.o
                0x08003524                Hw_CLcd_Printf
 .text.Hw_CLcd_Init
                0x08003568       0x6c Hw_CLcd.o
                0x08003568                Hw_CLcd_Init
 .text.Hw_Cds_Init
                0x080035d4        0x4 Hw_Cds.o
                0x080035d4                Hw_Cds_Init
 .text.Hw_Cds_GetData
                0x080035d8       0x28 Hw_Cds.o
                0x080035d8                Hw_Cds_GetData
 .text.Hw_DHT11_Tick
                0x08003600      0x164 Hw_DHT11.o
                0x08003600                Hw_DHT11_Tick
 .text.Hw_DHT11_IO_ISR
                0x08003764       0x50 Hw_DHT11.o
                0x08003764                Hw_DHT11_IO_ISR
 .text.Hw_DHT11_GetHumidity
                0x080037b4       0x10 Hw_DHT11.o
                0x080037b4                Hw_DHT11_GetHumidity
 .text.Hw_DHT11_GetTemperature
                0x080037c4       0x10 Hw_DHT11.o
                0x080037c4                Hw_DHT11_GetTemperature
 .text.Hw_DHT11_IO_SetupISR
                0x080037d4       0x44 Hw_DHT11.o
                0x080037d4                Hw_DHT11_IO_SetupISR
 .text.Hw_DHT11_Init
                0x08003818       0x94 Hw_DHT11.o
                0x08003818                Hw_DHT11_Init
 .text.EP1_IN_Callback
                0x080038ac       0x74 usb_endp.o
                0x080038ac                EP1_IN_Callback
 .text.EP3_OUT_Callback
                0x08003920       0x2c usb_endp.o
                0x08003920                EP3_OUT_Callback
 .text.SOF_Callback
                0x0800394c       0x34 usb_endp.o
                0x0800394c                SOF_Callback
 .text.USB_Istr
                0x08003980      0x1a4 usb_istr.o
                0x08003980                USB_Istr
 .text.Virtual_Com_Port_SetConfiguration
                0x08003b24       0x18 usb_prop.o
                0x08003b24                Virtual_Com_Port_SetConfiguration
 .text.Virtual_Com_Port_SetDeviceAddress
                0x08003b3c        0xc usb_prop.o
                0x08003b3c                Virtual_Com_Port_SetDeviceAddress
 .text.Virtual_Com_Port_Status_In
                0x08003b48       0x14 usb_prop.o
                0x08003b48                Virtual_Com_Port_Status_In
 .text.Virtual_Com_Port_Status_Out
                0x08003b5c        0x4 usb_prop.o
                0x08003b5c                Virtual_Com_Port_Status_Out
 .text.Virtual_Com_Port_Data_Setup
                0x08003b60       0x5c usb_prop.o
                0x08003b60                Virtual_Com_Port_Data_Setup
 .text.Virtual_Com_Port_NoData_Setup
                0x08003bbc       0x24 usb_prop.o
                0x08003bbc                Virtual_Com_Port_NoData_Setup
 .text.Virtual_Com_Port_Get_Interface_Setting
                0x08003be0       0x10 usb_prop.o
                0x08003be0                Virtual_Com_Port_Get_Interface_Setting
 .text.Virtual_Com_Port_GetLineCoding
                0x08003bf0       0x18 usb_prop.o
                0x08003bf0                Virtual_Com_Port_GetLineCoding
 .text.Virtual_Com_Port_SetLineCoding
                0x08003c08       0x18 usb_prop.o
                0x08003c08                Virtual_Com_Port_SetLineCoding
 .text.Virtual_Com_Port_init
                0x08003c20       0x30 usb_prop.o
                0x08003c20                Virtual_Com_Port_init
 .text.Virtual_Com_Port_Reset
                0x08003c50       0xfc usb_prop.o
                0x08003c50                Virtual_Com_Port_Reset
 .text.Virtual_Com_Port_GetDeviceDescriptor
                0x08003d4c       0x14 usb_prop.o
                0x08003d4c                Virtual_Com_Port_GetDeviceDescriptor
 .text.Virtual_Com_Port_GetConfigDescriptor
                0x08003d60       0x14 usb_prop.o
                0x08003d60                Virtual_Com_Port_GetConfigDescriptor
 .text.Virtual_Com_Port_GetStringDescriptor
                0x08003d74       0x28 usb_prop.o
                0x08003d74                Virtual_Com_Port_GetStringDescriptor
 .text.PowerOn  0x08003d9c       0x34 usb_pwr.o
                0x08003d9c                PowerOn
 .text.Suspend  0x08003dd0       0xe8 usb_pwr.o
                0x08003dd0                Suspend
 .text.Resume   0x08003eb8       0xdc usb_pwr.o
                0x08003eb8                Resume
 .text.USBWakeUp_IRQHandler
                0x08003f94       0x10 hw_config.o
                0x08003f94                USBWakeUp_IRQHandler
 .text.IntToUnicode
                0x08003fa4       0x34 hw_config.o
 .text.USB_LP_IRQHandler
                0x08003fd8        0xc hw_config.o
                0x08003fd8                USB_LP_IRQHandler
 .text.Set_System
                0x08003fe4       0x1c hw_config.o
                0x08003fe4                Set_System
 .text.Set_USBClock
                0x08004000       0x20 hw_config.o
                0x08004000                Set_USBClock
 .text.Leave_LowPowerMode
                0x08004020       0x20 hw_config.o
                0x08004020                Leave_LowPowerMode
 .text.USB_Interrupts_Config
                0x08004040       0x94 hw_config.o
                0x08004040                USB_Interrupts_Config
 .text.USB_Cable_Config
                0x080040d4       0x1c hw_config.o
                0x080040d4                USB_Cable_Config
 .text.USB_To_USART_Send_Data
                0x080040f0       0x2c hw_config.o
                0x080040f0                USB_To_USART_Send_Data
 .text.Handle_USBAsynchXfer
                0x0800411c       0xa4 hw_config.o
                0x0800411c                Handle_USBAsynchXfer
 .text.Get_SerialNum
                0x080041c0       0x38 hw_config.o
                0x080041c0                Get_SerialNum
 .text.__WFI    0x080041f8        0x4 hw_config.o
                0x080041f8                __WFI
 .text.Standard_GetConfiguration
                0x080041fc       0x28 usb_core.o
                0x080041fc                Standard_GetConfiguration
 .text.Standard_GetInterface
                0x08004224       0x28 usb_core.o
                0x08004224                Standard_GetInterface
 .text.Standard_GetStatus
                0x0800424c       0x8c usb_core.o
                0x0800424c                Standard_GetStatus
 .text.DataStageIn
                0x080042d8       0xbc usb_core.o
 .text.Standard_SetConfiguration
                0x08004394       0x3c usb_core.o
                0x08004394                Standard_SetConfiguration
 .text.Standard_SetInterface
                0x080043d0       0x50 usb_core.o
                0x080043d0                Standard_SetInterface
 .text.Standard_ClearFeature
                0x08004420       0xe8 usb_core.o
                0x08004420                Standard_ClearFeature
 .text.Standard_SetEndPointFeature
                0x08004508       0x98 usb_core.o
                0x08004508                Standard_SetEndPointFeature
 .text.Standard_GetDescriptorData
                0x080045a0       0x1c usb_core.o
                0x080045a0                Standard_GetDescriptorData
 .text.Post0_Process
                0x080045bc       0x48 usb_core.o
                0x080045bc                Post0_Process
 .text.Setup0_Process
                0x08004604      0x3a0 usb_core.o
                0x08004604                Setup0_Process
 .text.Out0_Process
                0x080049a4       0xf4 usb_core.o
                0x080049a4                Out0_Process
 .text.SetDeviceAddress
                0x08004a98       0x40 usb_core.o
                0x08004a98                SetDeviceAddress
 .text.In0_Process
                0x08004ad8       0x78 usb_core.o
                0x08004ad8                In0_Process
 .text.NOP_Process
                0x08004b50        0x4 usb_core.o
                0x08004b50                NOP_Process
 .text.USB_Init
                0x08004b54       0x38 usb_init.o
                0x08004b54                USB_Init
 .text.UserToPMABufferCopy
                0x08004b8c       0x34 usb_mem.o
                0x08004b8c                UserToPMABufferCopy
 .text.PMAToUserBufferCopy
                0x08004bc0       0x20 usb_mem.o
                0x08004bc0                PMAToUserBufferCopy
 .text.SetBTABLE
                0x08004be0       0x10 usb_regs.o
                0x08004be0                SetBTABLE
 .text.SetEPType
                0x08004bf0       0x1c usb_regs.o
                0x08004bf0                SetEPType
 .text.SetEPTxStatus
                0x08004c0c       0x34 usb_regs.o
                0x08004c0c                SetEPTxStatus
 .text.SetEPRxStatus
                0x08004c40       0x34 usb_regs.o
                0x08004c40                SetEPRxStatus
 .text.SetEPTxValid
                0x08004c74       0x28 usb_regs.o
                0x08004c74                SetEPTxValid
 .text.SetEPRxValid
                0x08004c9c       0x28 usb_regs.o
                0x08004c9c                SetEPRxValid
 .text.Clear_Status_Out
                0x08004cc4       0x20 usb_regs.o
                0x08004cc4                Clear_Status_Out
 .text.ClearDTOG_RX
                0x08004ce4       0x24 usb_regs.o
                0x08004ce4                ClearDTOG_RX
 .text.ClearDTOG_TX
                0x08004d08       0x24 usb_regs.o
                0x08004d08                ClearDTOG_TX
 .text.SetEPTxAddr
                0x08004d2c       0x20 usb_regs.o
                0x08004d2c                SetEPTxAddr
 .text.SetEPRxAddr
                0x08004d4c       0x20 usb_regs.o
                0x08004d4c                SetEPRxAddr
 .text.GetEPTxAddr
                0x08004d6c       0x20 usb_regs.o
                0x08004d6c                GetEPTxAddr
 .text.GetEPRxAddr
                0x08004d8c       0x20 usb_regs.o
                0x08004d8c                GetEPRxAddr
 .text.SetEPTxCount
                0x08004dac       0x1c usb_regs.o
                0x08004dac                SetEPTxCount
 .text.SetEPRxCount
                0x08004dc8       0x44 usb_regs.o
                0x08004dc8                SetEPRxCount
 .text.GetEPRxCount
                0x08004e0c       0x20 usb_regs.o
                0x08004e0c                GetEPRxCount
 .text.ByteSwap
                0x08004e2c        0xc usb_regs.o
                0x08004e2c                ByteSwap
 .text.USB_SIL_Init
                0x08004e38       0x28 usb_sil.o
                0x08004e38                USB_SIL_Init
 .text.USB_SIL_Read
                0x08004e60       0x30 usb_sil.o
                0x08004e60                USB_SIL_Read
 .text.CTR_LP   0x08004e90      0x180 usb_int.o
                0x08004e90                CTR_LP
 .text.sscanf   0x08005010       0x58 c:/program files (x86)/gnu tools arm embedded/4.9 2015q1/bin/../lib/gcc/arm-none-eabi/4.9.3/../../../../arm-none-eabi/lib/armv7-m\libc.a(lib_a-sscanf.o)
                0x08005010                sscanf
 .text.__seofread
                0x08005068        0x4 c:/program files (x86)/gnu tools arm embedded/4.9 2015q1/bin/../lib/gcc/arm-none-eabi/4.9.3/../../../../arm-none-eabi/lib/armv7-m\libc.a(lib_a-stdio.o)
                0x08005068                __seofread
 .text.strlen   0x0800506c       0x5c c:/program files (x86)/gnu tools arm embedded/4.9 2015q1/bin/../lib/gcc/arm-none-eabi/4.9.3/../../../../arm-none-eabi/lib/armv7-m\libc.a(lib_a-strlen.o)
                0x0800506c                strlen
 .text.strncmp  0x080050c8       0x94 c:/program files (x86)/gnu tools arm embedded/4.9 2015q1/bin/../lib/gcc/arm-none-eabi/4.9.3/../../../../arm-none-eabi/lib/armv7-m\libc.a(lib_a-strncmp.o)
                0x080050c8                strncmp
 .text.__ssvfscanf_r
                0x0800515c      0xdf4 c:/program files (x86)/gnu tools arm embedded/4.9 2015q1/bin/../lib/gcc/arm-none-eabi/4.9.3/../../../../arm-none-eabi/lib/armv7-m\libc.a(lib_a-svfscanf.o)
                0x0800515c                __ssvfscanf_r
 .text.iswspace
                0x08005f50       0x1c c:/program files (x86)/gnu tools arm embedded/4.9 2015q1/bin/../lib/gcc/arm-none-eabi/4.9.3/../../../../arm-none-eabi/lib/armv7-m\libc.a(lib_a-iswspace.o)
                0x08005f50                iswspace
 .text.__locale_charset
                0x08005f6c        0x8 c:/program files (x86)/gnu tools arm embedded/4.9 2015q1/bin/../lib/gcc/arm-none-eabi/4.9.3/../../../../arm-none-eabi/lib/armv7-m\libc.a(lib_a-locale.o)
                0x08005f6c                __locale_charset
 .text.__locale_mb_cur_max
                0x08005f74        0xc c:/program files (x86)/gnu tools arm embedded/4.9 2015q1/bin/../lib/gcc/arm-none-eabi/4.9.3/../../../../arm-none-eabi/lib/armv7-m\libc.a(lib_a-locale.o)
                0x08005f74                __locale_mb_cur_max
 .text._localeconv_r
                0x08005f80        0x8 c:/program files (x86)/gnu tools arm embedded/4.9 2015q1/bin/../lib/gcc/arm-none-eabi/4.9.3/../../../../arm-none-eabi/lib/armv7-m\libc.a(lib_a-locale.o)
                0x08005f80                _localeconv_r
 .text._mbrtowc_r
                0x08005f88       0x5c c:/program files (x86)/gnu tools arm embedded/4.9 2015q1/bin/../lib/gcc/arm-none-eabi/4.9.3/../../../../arm-none-eabi/lib/armv7-m\libc.a(lib_a-mbrtowc.o)
                0x08005f88                _mbrtowc_r
 .text.__ascii_mbtowc
                0x08005fe4       0x2c c:/program files (x86)/gnu tools arm embedded/4.9 2015q1/bin/../lib/gcc/arm-none-eabi/4.9.3/../../../../arm-none-eabi/lib/armv7-m\libc.a(lib_a-mbtowc_r.o)
                0x08005fe4                __ascii_mbtowc
 .text.memset   0x08006010       0x9c c:/program files (x86)/gnu tools arm embedded/4.9 2015q1/bin/../lib/gcc/arm-none-eabi/4.9.3/../../../../arm-none-eabi/lib/armv7-m\libc.a(lib_a-memset.o)
                0x08006010                memset
 .text.__fpclassifyd
                0x080060ac       0x58 c:/program files (x86)/gnu tools arm embedded/4.9 2015q1/bin/../lib/gcc/arm-none-eabi/4.9.3/../../../../arm-none-eabi/lib/armv7-m\libc.a(lib_a-s_fpclassify.o)
                0x080060ac                __fpclassifyd
 .text.__sccl   0x08006104       0x78 c:/program files (x86)/gnu tools arm embedded/4.9 2015q1/bin/../lib/gcc/arm-none-eabi/4.9.3/../../../../arm-none-eabi/lib/armv7-m\libc.a(lib_a-sccl.o)
                0x08006104                __sccl
 .text.nanf     0x0800617c        0x8 c:/program files (x86)/gnu tools arm embedded/4.9 2015q1/bin/../lib/gcc/arm-none-eabi/4.9.3/../../../../arm-none-eabi/lib/armv7-m\libc.a(lib_a-sf_nan.o)
                0x0800617c                nanf
 .text.sprintf  0x08006184       0x4c c:/program files (x86)/gnu tools arm embedded/4.9 2015q1/bin/../lib/gcc/arm-none-eabi/4.9.3/../../../../arm-none-eabi/lib/armv7-m\libc.a(lib_a-sprintf.o)
                0x08006184                sprintf
 .text.sulp     0x080061d0       0x44 c:/program files (x86)/gnu tools arm embedded/4.9 2015q1/bin/../lib/gcc/arm-none-eabi/4.9.3/../../../../arm-none-eabi/lib/armv7-m\libc.a(lib_a-strtod.o)
 *fill*         0x08006214        0x4 
 .text._strtod_r
                0x08006218      0xf30 c:/program files (x86)/gnu tools arm embedded/4.9 2015q1/bin/../lib/gcc/arm-none-eabi/4.9.3/../../../../arm-none-eabi/lib/armv7-m\libc.a(lib_a-strtod.o)
                0x08006218                _strtod_r
 .text._strtol_r
                0x08007148      0x11c c:/program files (x86)/gnu tools arm embedded/4.9 2015q1/bin/../lib/gcc/arm-none-eabi/4.9.3/../../../../arm-none-eabi/lib/armv7-m\libc.a(lib_a-strtol.o)
                0x08007148                _strtol_r
 .text._strtoll_r
                0x08007264      0x1cc c:/program files (x86)/gnu tools arm embedded/4.9 2015q1/bin/../lib/gcc/arm-none-eabi/4.9.3/../../../../arm-none-eabi/lib/armv7-m\libc.a(lib_a-strtoll_r.o)
                0x08007264                _strtoll_r
 .text._strtoul_r
                0x08007430      0x134 c:/program files (x86)/gnu tools arm embedded/4.9 2015q1/bin/../lib/gcc/arm-none-eabi/4.9.3/../../../../arm-none-eabi/lib/armv7-m\libc.a(lib_a-strtoul.o)
                0x08007430                _strtoul_r
 .text._strtoull_r
                0x08007564      0x1e8 c:/program files (x86)/gnu tools arm embedded/4.9 2015q1/bin/../lib/gcc/arm-none-eabi/4.9.3/../../../../arm-none-eabi/lib/armv7-m\libc.a(lib_a-strtoull_r.o)
                0x08007564                _strtoull_r
 .text._sungetc_r
                0x0800774c       0x88 c:/program files (x86)/gnu tools arm embedded/4.9 2015q1/bin/../lib/gcc/arm-none-eabi/4.9.3/../../../../arm-none-eabi/lib/armv7-m\libc.a(lib_a-svfiscanf.o)
                0x0800774c                _sungetc_r
 .text.__ssrefill_r
                0x080077d4       0x3c c:/program files (x86)/gnu tools arm embedded/4.9 2015q1/bin/../lib/gcc/arm-none-eabi/4.9.3/../../../../arm-none-eabi/lib/armv7-m\libc.a(lib_a-svfiscanf.o)
                0x080077d4                __ssrefill_r
 .text._sfread_r
                0x08007810       0x80 c:/program files (x86)/gnu tools arm embedded/4.9 2015q1/bin/../lib/gcc/arm-none-eabi/4.9.3/../../../../arm-none-eabi/lib/armv7-m\libc.a(lib_a-svfiscanf.o)
                0x08007810                _sfread_r
 .text._svfprintf_r
                0x08007890     0x14f4 c:/program files (x86)/gnu tools arm embedded/4.9 2015q1/bin/../lib/gcc/arm-none-eabi/4.9.3/../../../../arm-none-eabi/lib/armv7-m\libc.a(lib_a-svfprintf.o)
                0x08007890                _svfprintf_r
 .text.__submore
                0x08008d84       0x7c c:/program files (x86)/gnu tools arm embedded/4.9 2015q1/bin/../lib/gcc/arm-none-eabi/4.9.3/../../../../arm-none-eabi/lib/armv7-m\libc.a(lib_a-ungetc.o)
                0x08008d84                __submore
 .text.quorem   0x08008e00      0x130 c:/program files (x86)/gnu tools arm embedded/4.9 2015q1/bin/../lib/gcc/arm-none-eabi/4.9.3/../../../../arm-none-eabi/lib/armv7-m\libc.a(lib_a-dtoa.o)
 .text._dtoa_r  0x08008f30      0xea8 c:/program files (x86)/gnu tools arm embedded/4.9 2015q1/bin/../lib/gcc/arm-none-eabi/4.9.3/../../../../arm-none-eabi/lib/armv7-m\libc.a(lib_a-dtoa.o)
                0x08008f30                _dtoa_r
 .text._malloc_trim_r
                0x08009dd8       0x9c c:/program files (x86)/gnu tools arm embedded/4.9 2015q1/bin/../lib/gcc/arm-none-eabi/4.9.3/../../../../arm-none-eabi/lib/armv7-m\libc.a(lib_a-freer.o)
                0x08009dd8                _malloc_trim_r
 .text._free_r  0x08009e74      0x1b0 c:/program files (x86)/gnu tools arm embedded/4.9 2015q1/bin/../lib/gcc/arm-none-eabi/4.9.3/../../../../arm-none-eabi/lib/armv7-m\libc.a(lib_a-freer.o)
                0x08009e74                _free_r
 .text.rshift   0x0800a024       0xa0 c:/program files (x86)/gnu tools arm embedded/4.9 2015q1/bin/../lib/gcc/arm-none-eabi/4.9.3/../../../../arm-none-eabi/lib/armv7-m\libc.a(lib_a-gdtoa-gethex.o)
 .text.__gethex
                0x0800a0c4      0x514 c:/program files (x86)/gnu tools arm embedded/4.9 2015q1/bin/../lib/gcc/arm-none-eabi/4.9.3/../../../../arm-none-eabi/lib/armv7-m\libc.a(lib_a-gdtoa-gethex.o)
                0x0800a0c4                __gethex
 .text.__hexnan
                0x0800a5d8      0x184 c:/program files (x86)/gnu tools arm embedded/4.9 2015q1/bin/../lib/gcc/arm-none-eabi/4.9.3/../../../../arm-none-eabi/lib/armv7-m\libc.a(lib_a-gdtoa-hexnan.o)
                0x0800a5d8                __hexnan
 .text._malloc_r
                0x0800a75c      0x50c c:/program files (x86)/gnu tools arm embedded/4.9 2015q1/bin/../lib/gcc/arm-none-eabi/4.9.3/../../../../arm-none-eabi/lib/armv7-m\libc.a(lib_a-mallocr.o)
                0x0800a75c                _malloc_r
 .text.memchr   0x0800ac68       0x94 c:/program files (x86)/gnu tools arm embedded/4.9 2015q1/bin/../lib/gcc/arm-none-eabi/4.9.3/../../../../arm-none-eabi/lib/armv7-m\libc.a(lib_a-memchr.o)
                0x0800ac68                memchr
 .text.__malloc_lock
                0x0800acfc        0x4 c:/program files (x86)/gnu tools arm embedded/4.9 2015q1/bin/../lib/gcc/arm-none-eabi/4.9.3/../../../../arm-none-eabi/lib/armv7-m\libc.a(lib_a-mlock.o)
                0x0800acfc                __malloc_lock
 .text.__malloc_unlock
                0x0800ad00        0x4 c:/program files (x86)/gnu tools arm embedded/4.9 2015q1/bin/../lib/gcc/arm-none-eabi/4.9.3/../../../../arm-none-eabi/lib/armv7-m\libc.a(lib_a-mlock.o)
                0x0800ad00                __malloc_unlock
 .text._Balloc  0x0800ad04       0x50 c:/program files (x86)/gnu tools arm embedded/4.9 2015q1/bin/../lib/gcc/arm-none-eabi/4.9.3/../../../../arm-none-eabi/lib/armv7-m\libc.a(lib_a-mprec.o)
                0x0800ad04                _Balloc
 .text._Bfree   0x0800ad54       0x14 c:/program files (x86)/gnu tools arm embedded/4.9 2015q1/bin/../lib/gcc/arm-none-eabi/4.9.3/../../../../arm-none-eabi/lib/armv7-m\libc.a(lib_a-mprec.o)
                0x0800ad54                _Bfree
 .text.__multadd
                0x0800ad68       0x84 c:/program files (x86)/gnu tools arm embedded/4.9 2015q1/bin/../lib/gcc/arm-none-eabi/4.9.3/../../../../arm-none-eabi/lib/armv7-m\libc.a(lib_a-mprec.o)
                0x0800ad68                __multadd
 .text.__s2b    0x0800adec       0x98 c:/program files (x86)/gnu tools arm embedded/4.9 2015q1/bin/../lib/gcc/arm-none-eabi/4.9.3/../../../../arm-none-eabi/lib/armv7-m\libc.a(lib_a-mprec.o)
                0x0800adec                __s2b
 .text.__hi0bits
                0x0800ae84       0x40 c:/program files (x86)/gnu tools arm embedded/4.9 2015q1/bin/../lib/gcc/arm-none-eabi/4.9.3/../../../../arm-none-eabi/lib/armv7-m\libc.a(lib_a-mprec.o)
                0x0800ae84                __hi0bits
 .text.__lo0bits
                0x0800aec4       0x5c c:/program files (x86)/gnu tools arm embedded/4.9 2015q1/bin/../lib/gcc/arm-none-eabi/4.9.3/../../../../arm-none-eabi/lib/armv7-m\libc.a(lib_a-mprec.o)
                0x0800aec4                __lo0bits
 .text.__i2b    0x0800af20       0x14 c:/program files (x86)/gnu tools arm embedded/4.9 2015q1/bin/../lib/gcc/arm-none-eabi/4.9.3/../../../../arm-none-eabi/lib/armv7-m\libc.a(lib_a-mprec.o)
                0x0800af20                __i2b
 .text.__multiply
                0x0800af34      0x140 c:/program files (x86)/gnu tools arm embedded/4.9 2015q1/bin/../lib/gcc/arm-none-eabi/4.9.3/../../../../arm-none-eabi/lib/armv7-m\libc.a(lib_a-mprec.o)
                0x0800af34                __multiply
 .text.__pow5mult
                0x0800b074       0xa0 c:/program files (x86)/gnu tools arm embedded/4.9 2015q1/bin/../lib/gcc/arm-none-eabi/4.9.3/../../../../arm-none-eabi/lib/armv7-m\libc.a(lib_a-mprec.o)
                0x0800b074                __pow5mult
 .text.__lshift
                0x0800b114       0xb0 c:/program files (x86)/gnu tools arm embedded/4.9 2015q1/bin/../lib/gcc/arm-none-eabi/4.9.3/../../../../arm-none-eabi/lib/armv7-m\libc.a(lib_a-mprec.o)
                0x0800b114                __lshift
 .text.__mcmp   0x0800b1c4       0x48 c:/program files (x86)/gnu tools arm embedded/4.9 2015q1/bin/../lib/gcc/arm-none-eabi/4.9.3/../../../../arm-none-eabi/lib/armv7-m\libc.a(lib_a-mprec.o)
                0x0800b1c4                __mcmp
 .text.__mdiff  0x0800b20c       0xe4 c:/program files (x86)/gnu tools arm embedded/4.9 2015q1/bin/../lib/gcc/arm-none-eabi/4.9.3/../../../../arm-none-eabi/lib/armv7-m\libc.a(lib_a-mprec.o)
                0x0800b20c                __mdiff
 .text.__ulp    0x0800b2f0       0x44 c:/program files (x86)/gnu tools arm embedded/4.9 2015q1/bin/../lib/gcc/arm-none-eabi/4.9.3/../../../../arm-none-eabi/lib/armv7-m\libc.a(lib_a-mprec.o)
                0x0800b2f0                __ulp
 .text.__b2d    0x0800b334       0xd0 c:/program files (x86)/gnu tools arm embedded/4.9 2015q1/bin/../lib/gcc/arm-none-eabi/4.9.3/../../../../arm-none-eabi/lib/armv7-m\libc.a(lib_a-mprec.o)
                0x0800b334                __b2d
 .text.__d2b    0x0800b404       0xa8 c:/program files (x86)/gnu tools arm embedded/4.9 2015q1/bin/../lib/gcc/arm-none-eabi/4.9.3/../../../../arm-none-eabi/lib/armv7-m\libc.a(lib_a-mprec.o)
                0x0800b404                __d2b
 .text.__ratio  0x0800b4ac       0x58 c:/program files (x86)/gnu tools arm embedded/4.9 2015q1/bin/../lib/gcc/arm-none-eabi/4.9.3/../../../../arm-none-eabi/lib/armv7-m\libc.a(lib_a-mprec.o)
                0x0800b4ac                __ratio
 .text.__copybits
                0x0800b504       0x48 c:/program files (x86)/gnu tools arm embedded/4.9 2015q1/bin/../lib/gcc/arm-none-eabi/4.9.3/../../../../arm-none-eabi/lib/armv7-m\libc.a(lib_a-mprec.o)
                0x0800b504                __copybits
 .text.__any_on
                0x0800b54c       0x5c c:/program files (x86)/gnu tools arm embedded/4.9 2015q1/bin/../lib/gcc/arm-none-eabi/4.9.3/../../../../arm-none-eabi/lib/armv7-m\libc.a(lib_a-mprec.o)
                0x0800b54c                __any_on
 .text._realloc_r
                0x0800b5a8      0x3e0 c:/program files (x86)/gnu tools arm embedded/4.9 2015q1/bin/../lib/gcc/arm-none-eabi/4.9.3/../../../../arm-none-eabi/lib/armv7-m\libc.a(lib_a-reallocr.o)
                0x0800b5a8                _realloc_r
 .text._sbrk_r  0x0800b988       0x24 c:/program files (x86)/gnu tools arm embedded/4.9 2015q1/bin/../lib/gcc/arm-none-eabi/4.9.3/../../../../arm-none-eabi/lib/armv7-m\libc.a(lib_a-sbrkr.o)
                0x0800b988                _sbrk_r
 .text.__ssprint_r
                0x0800b9ac      0x104 c:/program files (x86)/gnu tools arm embedded/4.9 2015q1/bin/../lib/gcc/arm-none-eabi/4.9.3/../../../../arm-none-eabi/lib/armv7-m\libc.a(lib_a-svfiprintf.o)
                0x0800b9ac                __ssprint_r
 .text._calloc_r
                0x0800bab0       0x60 c:/program files (x86)/gnu tools arm embedded/4.9 2015q1/bin/../lib/gcc/arm-none-eabi/4.9.3/../../../../arm-none-eabi/lib/armv7-m\libc.a(lib_a-callocr.o)
                0x0800bab0                _calloc_r
 .text.memmove  0x0800bb10       0xc8 c:/program files (x86)/gnu tools arm embedded/4.9 2015q1/bin/../lib/gcc/arm-none-eabi/4.9.3/../../../../arm-none-eabi/lib/armv7-m\libc.a(lib_a-memmove.o)
                0x0800bb10                memmove
 *(.stub .gnu.linkonce.t.*)
 *(.rodata .rodata.* .gnu.linkonce.r.*)
 .rodata.str1.4
                0x0800bbd8      0x148 Ap_StrCmd.o
 .rodata.str1.4
                0x0800bd20      0x40b Ap_EduMenu.o
                                0x414 (size before relaxing)
 *fill*         0x0800c12b        0x1 
 .rodata.str1.4
                0x0800c12c       0x16 Hw_CLcd.o
                                 0x18 (size before relaxing)
 *fill*         0x0800c142        0x2 
 .rodata.Virtual_Com_Port_StringVendor
                0x0800c144       0x28 usb_desc.o
                0x0800c144                Virtual_Com_Port_StringVendor
 .rodata.Virtual_Com_Port_DeviceDescriptor
                0x0800c16c       0x14 usb_desc.o
                0x0800c16c                Virtual_Com_Port_DeviceDescriptor
 .rodata.Virtual_Com_Port_StringLangID
                0x0800c180        0x4 usb_desc.o
                0x0800c180                Virtual_Com_Port_StringLangID
 .rodata.Virtual_Com_Port_StringProduct
                0x0800c184       0x34 usb_desc.o
                0x0800c184                Virtual_Com_Port_StringProduct
 .rodata.Virtual_Com_Port_ConfigDescriptor
                0x0800c1b8       0x44 usb_desc.o
                0x0800c1b8                Virtual_Com_Port_ConfigDescriptor
 .rodata._ctype_
                0x0800c1fc      0x104 c:/program files (x86)/gnu tools arm embedded/4.9 2015q1/bin/../lib/gcc/arm-none-eabi/4.9.3/../../../../arm-none-eabi/lib/armv7-m\libc.a(lib_a-ctype_.o)
                0x0800c1fc                _ctype_
 .rodata.basefix.6867
                0x0800c300       0x24 c:/program files (x86)/gnu tools arm embedded/4.9 2015q1/bin/../lib/gcc/arm-none-eabi/4.9.3/../../../../arm-none-eabi/lib/armv7-m\libc.a(lib_a-svfscanf.o)
 .rodata.str1.4
                0x0800c324        0x5 c:/program files (x86)/gnu tools arm embedded/4.9 2015q1/bin/../lib/gcc/arm-none-eabi/4.9.3/../../../../arm-none-eabi/lib/armv7-m\libc.a(lib_a-svfscanf.o)
                                  0x8 (size before relaxing)
 *fill*         0x0800c329        0x3 
 .rodata.str1.4
                0x0800c32c        0x2 c:/program files (x86)/gnu tools arm embedded/4.9 2015q1/bin/../lib/gcc/arm-none-eabi/4.9.3/../../../../arm-none-eabi/lib/armv7-m\libc.a(lib_a-impure.o)
                                  0x4 (size before relaxing)
 *fill*         0x0800c32e        0x2 
 .rodata.str1.4
                0x0800c330        0xa c:/program files (x86)/gnu tools arm embedded/4.9 2015q1/bin/../lib/gcc/arm-none-eabi/4.9.3/../../../../arm-none-eabi/lib/armv7-m\libc.a(lib_a-locale.o)
                                 0x14 (size before relaxing)
 .rodata.str1.4
                0x00000000        0x4 c:/program files (x86)/gnu tools arm embedded/4.9 2015q1/bin/../lib/gcc/arm-none-eabi/4.9.3/../../../../arm-none-eabi/lib/armv7-m\libc.a(lib_a-mbrtowc.o)
 *fill*         0x0800c33a        0x2 
 .rodata.fpinan.5301
                0x0800c33c       0x14 c:/program files (x86)/gnu tools arm embedded/4.9 2015q1/bin/../lib/gcc/arm-none-eabi/4.9.3/../../../../arm-none-eabi/lib/armv7-m\libc.a(lib_a-strtod.o)
 .rodata.str1.4
                0x0800c350        0xf c:/program files (x86)/gnu tools arm embedded/4.9 2015q1/bin/../lib/gcc/arm-none-eabi/4.9.3/../../../../arm-none-eabi/lib/armv7-m\libc.a(lib_a-strtod.o)
                                 0x10 (size before relaxing)
 *fill*         0x0800c35f        0x1 
 .rodata.fpi.5265
                0x0800c360       0x14 c:/program files (x86)/gnu tools arm embedded/4.9 2015q1/bin/../lib/gcc/arm-none-eabi/4.9.3/../../../../arm-none-eabi/lib/armv7-m\libc.a(lib_a-strtod.o)
 *fill*         0x0800c374        0x4 
 .rodata.tinytens
                0x0800c378       0x28 c:/program files (x86)/gnu tools arm embedded/4.9 2015q1/bin/../lib/gcc/arm-none-eabi/4.9.3/../../../../arm-none-eabi/lib/armv7-m\libc.a(lib_a-strtod.o)
 .rodata.zeroes.6916
                0x0800c3a0       0x10 c:/program files (x86)/gnu tools arm embedded/4.9 2015q1/bin/../lib/gcc/arm-none-eabi/4.9.3/../../../../arm-none-eabi/lib/armv7-m\libc.a(lib_a-svfprintf.o)
 .rodata.str1.4
                0x0800c3b0       0x42 c:/program files (x86)/gnu tools arm embedded/4.9 2015q1/bin/../lib/gcc/arm-none-eabi/4.9.3/../../../../arm-none-eabi/lib/armv7-m\libc.a(lib_a-svfprintf.o)
                                 0x44 (size before relaxing)
 *fill*         0x0800c3f2        0x2 
 .rodata.blanks.6915
                0x0800c3f4       0x10 c:/program files (x86)/gnu tools arm embedded/4.9 2015q1/bin/../lib/gcc/arm-none-eabi/4.9.3/../../../../arm-none-eabi/lib/armv7-m\libc.a(lib_a-svfprintf.o)
 .rodata.str1.4
                0x0800c404       0x10 c:/program files (x86)/gnu tools arm embedded/4.9 2015q1/bin/../lib/gcc/arm-none-eabi/4.9.3/../../../../arm-none-eabi/lib/armv7-m\libc.a(lib_a-dtoa.o)
                                 0x14 (size before relaxing)
 .rodata.__hexdig
                0x0800c414      0x100 c:/program files (x86)/gnu tools arm embedded/4.9 2015q1/bin/../lib/gcc/arm-none-eabi/4.9.3/../../../../arm-none-eabi/lib/armv7-m\libc.a(lib_a-gdtoa-gethex.o)
                0x0800c414                __hexdig
 .rodata.p05.5296
                0x0800c514        0xc c:/program files (x86)/gnu tools arm embedded/4.9 2015q1/bin/../lib/gcc/arm-none-eabi/4.9.3/../../../../arm-none-eabi/lib/armv7-m\libc.a(lib_a-mprec.o)
 .rodata.__mprec_tens
                0x0800c520       0xc8 c:/program files (x86)/gnu tools arm embedded/4.9 2015q1/bin/../lib/gcc/arm-none-eabi/4.9.3/../../../../arm-none-eabi/lib/armv7-m\libc.a(lib_a-mprec.o)
                0x0800c520                __mprec_tens
 .rodata.__mprec_bigtens
                0x0800c5e8       0x28 c:/program files (x86)/gnu tools arm embedded/4.9 2015q1/bin/../lib/gcc/arm-none-eabi/4.9.3/../../../../arm-none-eabi/lib/armv7-m\libc.a(lib_a-mprec.o)
                0x0800c5e8                __mprec_bigtens
 *(.glue_7 .glue_7t)
 .glue_7        0x00000000        0x0 linker stubs
 .glue_7t       0x00000000        0x0 linker stubs
                0x0800c610                . = ALIGN (0x4)
                0x0800c610                _etext = .
                0x0800c610                _sidata = _etext

.vfp11_veneer   0x0800c610        0x0
 .vfp11_veneer  0x00000000        0x0 linker stubs

.v4_bx          0x0800c610        0x0
 .v4_bx         0x00000000        0x0 linker stubs

.iplt           0x0800c610        0x0
 .iplt          0x00000000        0x0 main.o

.rel.dyn        0x0800c610        0x0
 .rel.iplt      0x00000000        0x0 main.o

.ARM.exidx      0x0800c610        0x8
 .ARM.exidx     0x0800c610        0x8 c:/program files (x86)/gnu tools arm embedded/4.9 2015q1/bin/../lib/gcc/arm-none-eabi/4.9.3/armv7-m\libgcc.a(_divdi3.o)
 .ARM.exidx     0x0800c618        0x0 c:/program files (x86)/gnu tools arm embedded/4.9 2015q1/bin/../lib/gcc/arm-none-eabi/4.9.3/armv7-m\libgcc.a(_udivdi3.o)
                                  0x8 (size before relaxing)

.data           0x20000000      0x99c load address 0x0800c610
                0x20000000                . = .
                0x20000000                . = ALIGN (0x4)
                0x20000000                _sdata = .
                0x20000000                . = ALIGN (0x80)
                0x00000000                _isr_vectorsram_offs = (. - 0x20000000)
 *(.isr_vectorsram)
                0x20000000                . = ALIGN (0x4)
 *(.ramfunc*)
                0x20000000                . = ALIGN (0x4)
 *(.data .data.* .gnu.linkonce.d.*)
 .data.ExeFirst.4543
                0x20000000        0x1 Ap_EduMenu.o
 *fill*         0x20000001        0x3 
 .data.Hw_7Seg_DotTbl
                0x20000004       0x10 Hw_7Seg.o
                0x20000004                Hw_7Seg_DotTbl
 .data.Virtual_Com_Port_StringSerial
                0x20000014       0x1c usb_desc.o
                0x20000014                Virtual_Com_Port_StringSerial
 .data.pEpInt_IN
                0x20000030       0x1c usb_istr.o
                0x20000030                pEpInt_IN
 .data.pEpInt_OUT
                0x2000004c       0x1c usb_istr.o
                0x2000004c                pEpInt_OUT
 .data.Config_Descriptor
                0x20000068        0x8 usb_prop.o
                0x20000068                Config_Descriptor
 .data.Device_Property
                0x20000070       0x30 usb_prop.o
                0x20000070                Device_Property
 .data.User_Standard_Requests
                0x200000a0       0x24 usb_prop.o
                0x200000a0                User_Standard_Requests
 .data.Device_Descriptor
                0x200000c4        0x8 usb_prop.o
                0x200000c4                Device_Descriptor
 .data.String_Descriptor
                0x200000cc       0x20 usb_prop.o
                0x200000cc                String_Descriptor
 .data.linecoding
                0x200000ec        0x8 usb_prop.o
                0x200000ec                linecoding
 .data.Device_Table
                0x200000f4        0x4 usb_prop.o
                0x200000f4                Device_Table
 .data.__ctype_ptr__
                0x200000f8        0x4 c:/program files (x86)/gnu tools arm embedded/4.9 2015q1/bin/../lib/gcc/arm-none-eabi/4.9.3/../../../../arm-none-eabi/lib/armv7-m\libc.a(lib_a-ctype_.o)
                0x200000f8                __ctype_ptr__
 *fill*         0x200000fc        0x4 
 .data.impure_data
                0x20000100      0x428 c:/program files (x86)/gnu tools arm embedded/4.9 2015q1/bin/../lib/gcc/arm-none-eabi/4.9.3/../../../../arm-none-eabi/lib/armv7-m\libc.a(lib_a-impure.o)
 .data._impure_ptr
                0x20000528        0x4 c:/program files (x86)/gnu tools arm embedded/4.9 2015q1/bin/../lib/gcc/arm-none-eabi/4.9.3/../../../../arm-none-eabi/lib/armv7-m\libc.a(lib_a-impure.o)
                0x20000528                _impure_ptr
 .data.lconv    0x2000052c       0x38 c:/program files (x86)/gnu tools arm embedded/4.9 2015q1/bin/../lib/gcc/arm-none-eabi/4.9.3/../../../../arm-none-eabi/lib/armv7-m\libc.a(lib_a-locale.o)
 .data.lc_ctype_charset
                0x20000564       0x20 c:/program files (x86)/gnu tools arm embedded/4.9 2015q1/bin/../lib/gcc/arm-none-eabi/4.9.3/../../../../arm-none-eabi/lib/armv7-m\libc.a(lib_a-locale.o)
 .data.__mb_cur_max
                0x20000584        0x4 c:/program files (x86)/gnu tools arm embedded/4.9 2015q1/bin/../lib/gcc/arm-none-eabi/4.9.3/../../../../arm-none-eabi/lib/armv7-m\libc.a(lib_a-locale.o)
                0x20000584                __mb_cur_max
 .data.__mbtowc
                0x20000588        0x4 c:/program files (x86)/gnu tools arm embedded/4.9 2015q1/bin/../lib/gcc/arm-none-eabi/4.9.3/../../../../arm-none-eabi/lib/armv7-m\libc.a(lib_a-mbtowc_r.o)
                0x20000588                __mbtowc
 .data.__malloc_av_
                0x2000058c      0x408 c:/program files (x86)/gnu tools arm embedded/4.9 2015q1/bin/../lib/gcc/arm-none-eabi/4.9.3/../../../../arm-none-eabi/lib/armv7-m\libc.a(lib_a-mallocr.o)
                0x2000058c                __malloc_av_
 .data.__malloc_trim_threshold
                0x20000994        0x4 c:/program files (x86)/gnu tools arm embedded/4.9 2015q1/bin/../lib/gcc/arm-none-eabi/4.9.3/../../../../arm-none-eabi/lib/armv7-m\libc.a(lib_a-mallocr.o)
                0x20000994                __malloc_trim_threshold
 .data.__malloc_sbrk_base
                0x20000998        0x4 c:/program files (x86)/gnu tools arm embedded/4.9 2015q1/bin/../lib/gcc/arm-none-eabi/4.9.3/../../../../arm-none-eabi/lib/armv7-m\libc.a(lib_a-mallocr.o)
                0x20000998                __malloc_sbrk_base
                0x2000099c                . = ALIGN (0x4)
                0x2000099c                _edata = .

.igot.plt       0x2000099c        0x0 load address 0x0800cfac
 .igot.plt      0x00000000        0x0 main.o

.bss            0x20000a00     0x169c load address 0x0800d200
                0x20000a00                . = ALIGN (0x4)
                0x20000a00                _sbss = .
 *(.bss .bss.*)
 .bss.Ap_StrCmd_EchoEnable
                0x20000a00        0x1 Ap_StrCmd.o
                0x20000a00                Ap_StrCmd_EchoEnable
 *fill*         0x20000a01        0x1 
 .bss.Seg_Count
                0x20000a02        0x2 Ap_EduMenu.o
                0x20000a02                Seg_Count
 .bss.StrPrintBufIndex
                0x20000a04        0x4 Lb_Printf.o
                0x20000a04                StrPrintBufIndex
 .bss.StrPrintMode
                0x20000a08        0x1 Lb_Printf.o
                0x20000a08                StrPrintMode
 *fill*         0x20000a09        0x3 
 .bss.Timer_Tbl
                0x20000a0c       0xa0 Hw_Timer.o
 .bss.Excute.4427
                0x20000aac        0x1 Hw_Timer.o
 *fill*         0x20000aad        0x3 
 .bss.Hw_Timer_Counter
                0x20000ab0        0x4 Hw_Timer.o
 .bss.Tmr_Ctn   0x20000ab4        0x2 Hw_Timer.o
 *fill*         0x20000ab6        0x2 
 .bss.Hw_KeyPad_EventFlag
                0x20000ab8        0x4 Hw_KeyPad.o
                0x20000ab8                Hw_KeyPad_EventFlag
 .bss.Hw_KeyPad_PressedCount
                0x20000abc        0x4 Hw_KeyPad.o
                0x20000abc                Hw_KeyPad_PressedCount
 .bss.Column_Cnt.4417
                0x20000ac0        0x1 Hw_7Seg.o
 *fill*         0x20000ac1        0x3 
 .bss.State.4438
                0x20000ac4        0x4 Hw_DHT11.o
 .bss.Hw_DHT11_BitIndex
                0x20000ac8        0x4 Hw_DHT11.o
                0x20000ac8                Hw_DHT11_BitIndex
 .bss.Cnt.4439  0x20000acc        0x4 Hw_DHT11.o
 .bss.TimerCntSaved.4457
                0x20000ad0        0x2 Hw_DHT11.o
 *fill*         0x20000ad2        0x2 
 .bss.FrameCount.4875
                0x20000ad4        0x4 usb_endp.o
 .bss.wCNTR     0x20000ad8        0x4 usb_istr.o
                0x20000ad8                wCNTR
 .bss.bIntPackSOF
                0x20000adc        0x1 usb_istr.o
                0x20000adc                bIntPackSOF
 *fill*         0x20000add        0x3 
 .bss.esof_counter
                0x20000ae0        0x4 usb_istr.o
                0x20000ae0                esof_counter
 .bss.Request   0x20000ae4        0x1 usb_prop.o
                0x20000ae4                Request
 *fill*         0x20000ae5        0x3 
 .bss.bDeviceState
                0x20000ae8        0x4 usb_pwr.o
                0x20000ae8                bDeviceState
 .bss.fSuspendEnabled
                0x20000aec        0x1 usb_pwr.o
                0x20000aec                fSuspendEnabled
 *fill*         0x20000aed        0x3 
 .bss.remotewakeupon
                0x20000af0        0x4 usb_pwr.o
                0x20000af0                remotewakeupon
 .bss.USB_Tx_State
                0x20000af4        0x1 hw_config.o
                0x20000af4                USB_Tx_State
 *fill*         0x20000af5        0x3 
 .bss.USART_Rx_ptr_in
                0x20000af8        0x4 hw_config.o
                0x20000af8                USART_Rx_ptr_in
 .bss.USART_Rx_ptr_out
                0x20000afc        0x4 hw_config.o
                0x20000afc                USART_Rx_ptr_out
 .bss.USART_Rx_length
                0x20000b00        0x4 hw_config.o
                0x20000b00                USART_Rx_length
 .bss.Data_Mul_MaxPacketSize
                0x20000b04        0x1 usb_core.o
                0x20000b04                Data_Mul_MaxPacketSize
 *fill*         0x20000b05        0x3 
 .bss.__malloc_max_total_mem
                0x20000b08        0x4 c:/program files (x86)/gnu tools arm embedded/4.9 2015q1/bin/../lib/gcc/arm-none-eabi/4.9.3/../../../../arm-none-eabi/lib/armv7-m\libc.a(lib_a-mallocr.o)
                0x20000b08                __malloc_max_total_mem
 .bss.__malloc_max_sbrked_mem
                0x20000b0c        0x4 c:/program files (x86)/gnu tools arm embedded/4.9 2015q1/bin/../lib/gcc/arm-none-eabi/4.9.3/../../../../arm-none-eabi/lib/armv7-m\libc.a(lib_a-mallocr.o)
                0x20000b0c                __malloc_max_sbrked_mem
 .bss.__malloc_top_pad
                0x20000b10        0x4 c:/program files (x86)/gnu tools arm embedded/4.9 2015q1/bin/../lib/gcc/arm-none-eabi/4.9.3/../../../../arm-none-eabi/lib/armv7-m\libc.a(lib_a-mallocr.o)
                0x20000b10                __malloc_top_pad
 .bss.__malloc_current_mallinfo
                0x20000b14       0x28 c:/program files (x86)/gnu tools arm embedded/4.9 2015q1/bin/../lib/gcc/arm-none-eabi/4.9.3/../../../../arm-none-eabi/lib/armv7-m\libc.a(lib_a-mallocr.o)
                0x20000b14                __malloc_current_mallinfo
 *(COMMON)
 COMMON         0x20000b3c      0x3fd Ap_StrCmd.o
                0x20000b3c                Ap_StrCmd_Dic_Ptr
                0x20000eac                Ap_StrCmd_CmdStrExe
                0x20000ee8                Ap_StrCmd_ChSize
                0x20000eea                Ap_StrCmd_CmdCheck
                0x20000eec                Ap_StrCmd_CmdStr
                0x20000f28                Ap_StrCmd_DlyCheck
                0x20000f2c                Ap_StrCmd_PrintPtr
                0x20000f30                Ap_StrCmd_Size
                0x20000f34                Ap_StrCmd_PutchPtr
                0x20000f38                Ap_StrCmd_LoopCheck
 *fill*         0x20000f39        0x3 
 COMMON         0x20000f3c      0x172 Ap_StrCmd_Q.o
                0x20000f3c                Ap_StrCmd_Q_Start
                0x20000f40                Ap_StrCmd_Q_Buffer
                0x200010a8                Ap_StrCmd_Q_End
                0x200010ac                Ap_StrCmd_Q_Size
 *fill*         0x200010ae        0x2 
 COMMON         0x200010b0        0x4 Lb_Printf.o
                0x200010b0                pStrPrintBuf
 COMMON         0x200010b4       0x3c Hw_Uart.o
                0x200010b4                Hw_Uart_Ch
 *fill*         0x200010f0      0x110 
 COMMON         0x20001200      0x190 Hw_ISR.o
                0x20001200                Hw_ISR_VectorTable
 COMMON         0x20001390      0x116 Hw_Uart_Q.o
                0x20001390                Hw_Uart_Q_Buffer
                0x20001478                Hw_Uart_Q_Size
                0x20001488                Hw_Uart_Q_End
                0x20001498                Hw_Uart_Q_Start
 *fill*         0x200014a6        0x2 
 COMMON         0x200014a8      0x200 Hw_VBus.o
                0x200014a8                Hw_VBus_AddrTbl
 COMMON         0x200016a8       0xe0 Hw_KeyPad.o
                0x200016a8                Hw_KeyPad_Data
                0x200016ac                Hw_KeyPad_EventList
                0x200016b8                Hw_KeyPad_Log
                0x20001778                Hw_KeyPad_PressedList
 COMMON         0x20001788        0x4 Hw_7Seg.o
                0x20001788                Hw_7Seg_Data
 COMMON         0x2000178c       0x65 Hw_DHT11.o
                0x2000178c                Hw_DHT11_BitTbl
                0x200017e8                Hw_DHT11_Log
 *fill*         0x200017f1        0x3 
 COMMON         0x200017f4       0x40 usb_endp.o
                0x200017f4                USB_Rx_Buffer
 COMMON         0x20001834        0x2 usb_istr.o
                0x20001834                wIstr
 *fill*         0x20001836        0x2 
 COMMON         0x20001838       0x24 usb_pwr.o
                0x20001838                ResumeS
                0x2000183c                EP
 COMMON         0x2000185c      0x800 hw_config.o
                0x2000185c                USART_Rx_Buffer
 COMMON         0x2000205c        0x2 usb_core.o
                0x2000205c                StatusInfo
 *fill*         0x2000205e        0x2 
 COMMON         0x20002060       0x32 usb_init.o
                0x20002060                SaveState
                0x20002064                pProperty
                0x20002068                EPindex
                0x2000206c                Device_Info
                0x20002088                pUser_Standard_Requests
                0x2000208c                pInformation
                0x20002090                wInterrupt_Mask
 COMMON         0x20002092        0x4 usb_int.o
                0x20002092                SaveRState
                0x20002094                SaveTState
 *fill*         0x20002096        0x2 
 COMMON         0x20002098        0x4 c:/program files (x86)/gnu tools arm embedded/4.9 2015q1/bin/../lib/gcc/arm-none-eabi/4.9.3/../../../../arm-none-eabi/lib/armv7-m\libc.a(lib_a-reent.o)
                0x20002098                errno
                0x2000209c                . = ALIGN (0x4)
                0x2000209c                _ebss = .
                0x2000209c                PROVIDE (end, _ebss)
                0x2000209c                PROVIDE (_end, _ebss)

._usrstack      0x2000209c      0x100 load address 0x0800e89c
                0x2000209c                . = ALIGN (0x4)
                0x2000209c                _susrstack = .
                0x2000219c                . = (. + _Minimum_Stack_Size)
 *fill*         0x2000209c      0x100 
                0x2000219c                . = ALIGN (0x4)
                0x2000219c                _eusrstack = .
                0x00000400                __Stack_Size = 0x400
                0x00000400                PROVIDE (_Stack_Size, __Stack_Size)
                0x20004c00                __Stack_Init = (_estack - __Stack_Size)
                0x20004c00                PROVIDE (_Stack_Init, __Stack_Init)
OUTPUT(main.elf elf32-littlearm)

.debug_info     0x00000000     0x993e
 .debug_info    0x00000000      0x10f main.o
 .debug_info    0x0000010f       0x8c Ap.o
 .debug_info    0x0000019b     0x1064 Ap_StrCmd.o
 .debug_info    0x000011ff      0x2d4 Ap_StrCmd_Q.o
 .debug_info    0x000014d3      0x74f Ap_EduMenu.o
 .debug_info    0x00001c22      0x901 Lb_Printf.o
 .debug_info    0x00002523      0x14e Hw_StartUp.o
 .debug_info    0x00002671      0x170 Hw.o
 .debug_info    0x000027e1      0x6da Hw_Uart.o
 .debug_info    0x00002ebb       0x85 Hw_PLL.o
 .debug_info    0x00002f40      0x160 Hw_ISR.o
 .debug_info    0x000030a0      0x455 Hw_Timer.o
 .debug_info    0x000034f5      0x282 Hw_Uart_Q.o
 .debug_info    0x00003777      0x178 Hw_Adc.o
 .debug_info    0x000038ef      0x2c4 Hw_Led.o
 .debug_info    0x00003bb3      0x151 Hw_VCom.o
 .debug_info    0x00003d04      0x600 Hw_VBus.o
 .debug_info    0x00004304      0x5cb Hw_KeyPad.o
 .debug_info    0x000048cf      0x307 Hw_7Seg.o
 .debug_info    0x00004bd6      0x6d0 Hw_CLcd.o
 .debug_info    0x000052a6       0xd4 Hw_Cds.o
 .debug_info    0x0000537a      0x50b Hw_DHT11.o
 .debug_info    0x00005885      0x154 usb_desc.o
 .debug_info    0x000059d9      0x22f usb_endp.o
 .debug_info    0x00005c08      0x372 usb_istr.o
 .debug_info    0x00005f7a      0xad3 usb_prop.o
 .debug_info    0x00006a4d      0x391 usb_pwr.o
 .debug_info    0x00006dde      0x61d hw_config.o
 .debug_info    0x000073fb      0xe4d usb_core.o
 .debug_info    0x00008248      0x473 usb_init.o
 .debug_info    0x000086bb      0x1a2 usb_mem.o
 .debug_info    0x0000885d      0xd95 usb_regs.o
 .debug_info    0x000095f2      0x1c0 usb_sil.o
 .debug_info    0x000097b2      0x18c usb_int.o

.debug_abbrev   0x00000000     0x345e
 .debug_abbrev  0x00000000       0xaa main.o
 .debug_abbrev  0x000000aa       0x4d Ap.o
 .debug_abbrev  0x000000f7      0x3fe Ap_StrCmd.o
 .debug_abbrev  0x000004f5      0x159 Ap_StrCmd_Q.o
 .debug_abbrev  0x0000064e      0x187 Ap_EduMenu.o
 .debug_abbrev  0x000007d5      0x31b Lb_Printf.o
 .debug_abbrev  0x00000af0       0xd0 Hw_StartUp.o
 .debug_abbrev  0x00000bc0       0xf1 Hw.o
 .debug_abbrev  0x00000cb1      0x2d2 Hw_Uart.o
 .debug_abbrev  0x00000f83       0x44 Hw_PLL.o
 .debug_abbrev  0x00000fc7       0xd1 Hw_ISR.o
 .debug_abbrev  0x00001098      0x252 Hw_Timer.o
 .debug_abbrev  0x000012ea      0x130 Hw_Uart_Q.o
 .debug_abbrev  0x0000141a      0x10d Hw_Adc.o
 .debug_abbrev  0x00001527      0x12a Hw_Led.o
 .debug_abbrev  0x00001651       0xe6 Hw_VCom.o
 .debug_abbrev  0x00001737      0x225 Hw_VBus.o
 .debug_abbrev  0x0000195c      0x268 Hw_KeyPad.o
 .debug_abbrev  0x00001bc4      0x1ad Hw_7Seg.o
 .debug_abbrev  0x00001d71      0x229 Hw_CLcd.o
 .debug_abbrev  0x00001f9a       0x8f Hw_Cds.o
 .debug_abbrev  0x00002029      0x201 Hw_DHT11.o
 .debug_abbrev  0x0000222a       0x5d usb_desc.o
 .debug_abbrev  0x00002287       0xf2 usb_endp.o
 .debug_abbrev  0x00002379      0x138 usb_istr.o
 .debug_abbrev  0x000024b1      0x214 usb_prop.o
 .debug_abbrev  0x000026c5      0x1f0 usb_pwr.o
 .debug_abbrev  0x000028b5      0x2ae hw_config.o
 .debug_abbrev  0x00002b63      0x391 usb_core.o
 .debug_abbrev  0x00002ef4      0x107 usb_init.o
 .debug_abbrev  0x00002ffb       0xa3 usb_mem.o
 .debug_abbrev  0x0000309e      0x21a usb_regs.o
 .debug_abbrev  0x000032b8       0xc7 usb_sil.o
 .debug_abbrev  0x0000337f       0xdf usb_int.o

.debug_loc      0x00000000     0x7224
 .debug_loc     0x00000000       0x4c main.o
 .debug_loc     0x0000004c       0x20 Ap.o
 .debug_loc     0x0000006c      0xd06 Ap_StrCmd.o
 .debug_loc     0x00000d72      0x178 Ap_StrCmd_Q.o
 .debug_loc     0x00000eea      0x2ad Ap_EduMenu.o
 .debug_loc     0x00001197     0x1672 Lb_Printf.o
 .debug_loc     0x00002809       0xc3 Hw_StartUp.o
 .debug_loc     0x000028cc       0x99 Hw.o
 .debug_loc     0x00002965      0x5b9 Hw_Uart.o
 .debug_loc     0x00002f1e       0x42 Hw_ISR.o
 .debug_loc     0x00002f60      0x1dd Hw_Timer.o
 .debug_loc     0x0000313d      0x215 Hw_Uart_Q.o
 .debug_loc     0x00003352      0x122 Hw_Adc.o
 .debug_loc     0x00003474      0x1f0 Hw_Led.o
 .debug_loc     0x00003664       0x99 Hw_VCom.o
 .debug_loc     0x000036fd      0x6c3 Hw_VBus.o
 .debug_loc     0x00003dc0      0x59d Hw_KeyPad.o
 .debug_loc     0x0000435d      0x1d1 Hw_7Seg.o
 .debug_loc     0x0000452e      0x3a4 Hw_CLcd.o
 .debug_loc     0x000048d2       0x53 Hw_Cds.o
 .debug_loc     0x00004925      0x228 Hw_DHT11.o
 .debug_loc     0x00004b4d       0xb1 usb_endp.o
 .debug_loc     0x00004bfe       0x86 usb_istr.o
 .debug_loc     0x00004c84      0x2cd usb_prop.o
 .debug_loc     0x00004f51      0x271 usb_pwr.o
 .debug_loc     0x000051c2      0x2b5 hw_config.o
 .debug_loc     0x00005477      0xc5e usb_core.o
 .debug_loc     0x000060d5       0x2c usb_init.o
 .debug_loc     0x00006101      0x2a3 usb_mem.o
 .debug_loc     0x000063a4      0xc33 usb_regs.o
 .debug_loc     0x00006fd7      0x157 usb_sil.o
 .debug_loc     0x0000712e       0xf6 usb_int.o

.debug_aranges  0x00000000      0xbf0
 .debug_aranges
                0x00000000       0x28 main.o
 .debug_aranges
                0x00000028       0x20 Ap.o
 .debug_aranges
                0x00000048       0xc0 Ap_StrCmd.o
 .debug_aranges
                0x00000108       0x48 Ap_StrCmd_Q.o
 .debug_aranges
                0x00000150       0x40 Ap_EduMenu.o
 .debug_aranges
                0x00000190       0x68 Lb_Printf.o
 .debug_aranges
                0x000001f8       0x20 Hw_StartUp.o
 .debug_aranges
                0x00000218       0x30 Hw.o
 .debug_aranges
                0x00000248       0x90 Hw_Uart.o
 .debug_aranges
                0x000002d8       0x20 Hw_PLL.o
 .debug_aranges
                0x000002f8       0x30 Hw_ISR.o
 .debug_aranges
                0x00000328       0x88 Hw_Timer.o
 .debug_aranges
                0x000003b0       0x48 Hw_Uart_Q.o
 .debug_aranges
                0x000003f8       0x40 Hw_Adc.o
 .debug_aranges
                0x00000438       0x40 Hw_Led.o
 .debug_aranges
                0x00000478       0x30 Hw_VCom.o
 .debug_aranges
                0x000004a8       0x80 Hw_VBus.o
 .debug_aranges
                0x00000528       0x78 Hw_KeyPad.o
 .debug_aranges
                0x000005a0       0x40 Hw_7Seg.o
 .debug_aranges
                0x000005e0       0x60 Hw_CLcd.o
 .debug_aranges
                0x00000640       0x28 Hw_Cds.o
 .debug_aranges
                0x00000668       0xa0 Hw_DHT11.o
 .debug_aranges
                0x00000708       0x18 usb_desc.o
 .debug_aranges
                0x00000720       0x30 usb_endp.o
 .debug_aranges
                0x00000750       0x20 usb_istr.o
 .debug_aranges
                0x00000770       0x88 usb_prop.o
 .debug_aranges
                0x000007f8       0x40 usb_pwr.o
 .debug_aranges
                0x00000838       0x90 hw_config.o
 .debug_aranges
                0x000008c8       0x98 usb_core.o
 .debug_aranges
                0x00000960       0x20 usb_init.o
 .debug_aranges
                0x00000980       0x28 usb_mem.o
 .debug_aranges
                0x000009a8      0x1f0 usb_regs.o
 .debug_aranges
                0x00000b98       0x30 usb_sil.o
 .debug_aranges
                0x00000bc8       0x28 usb_int.o

.debug_ranges   0x00000000     0x11e8
 .debug_ranges  0x00000000       0x30 main.o
 .debug_ranges  0x00000030       0x10 Ap.o
 .debug_ranges  0x00000040      0x280 Ap_StrCmd.o
 .debug_ranges  0x000002c0       0x38 Ap_StrCmd_Q.o
 .debug_ranges  0x000002f8       0x30 Ap_EduMenu.o
 .debug_ranges  0x00000328      0x108 Lb_Printf.o
 .debug_ranges  0x00000430       0x10 Hw_StartUp.o
 .debug_ranges  0x00000440       0x40 Hw.o
 .debug_ranges  0x00000480       0x98 Hw_Uart.o
 .debug_ranges  0x00000518       0x10 Hw_PLL.o
 .debug_ranges  0x00000528       0x20 Hw_ISR.o
 .debug_ranges  0x00000548       0x90 Hw_Timer.o
 .debug_ranges  0x000005d8       0x80 Hw_Uart_Q.o
 .debug_ranges  0x00000658       0x60 Hw_Adc.o
 .debug_ranges  0x000006b8       0x30 Hw_Led.o
 .debug_ranges  0x000006e8       0x20 Hw_VCom.o
 .debug_ranges  0x00000708      0x140 Hw_VBus.o
 .debug_ranges  0x00000848       0x80 Hw_KeyPad.o
 .debug_ranges  0x000008c8       0x30 Hw_7Seg.o
 .debug_ranges  0x000008f8       0x68 Hw_CLcd.o
 .debug_ranges  0x00000960       0x18 Hw_Cds.o
 .debug_ranges  0x00000978      0x230 Hw_DHT11.o
 .debug_ranges  0x00000ba8       0x20 usb_endp.o
 .debug_ranges  0x00000bc8       0x10 usb_istr.o
 .debug_ranges  0x00000bd8       0x78 usb_prop.o
 .debug_ranges  0x00000c50       0x68 usb_pwr.o
 .debug_ranges  0x00000cb8       0x80 hw_config.o
 .debug_ranges  0x00000d38      0x190 usb_core.o
 .debug_ranges  0x00000ec8       0x10 usb_init.o
 .debug_ranges  0x00000ed8       0x18 usb_mem.o
 .debug_ranges  0x00000ef0      0x2a8 usb_regs.o
 .debug_ranges  0x00001198       0x20 usb_sil.o
 .debug_ranges  0x000011b8       0x30 usb_int.o

.debug_line     0x00000000     0x35cb
 .debug_line    0x00000000       0x68 main.o
 .debug_line    0x00000068       0x46 Ap.o
 .debug_line    0x000000ae      0x48b Ap_StrCmd.o
 .debug_line    0x00000539      0x10e Ap_StrCmd_Q.o
 .debug_line    0x00000647      0x148 Ap_EduMenu.o
 .debug_line    0x0000078f      0x44b Lb_Printf.o
 .debug_line    0x00000bda       0x86 Hw_StartUp.o
 .debug_line    0x00000c60       0xa8 Hw.o
 .debug_line    0x00000d08      0x226 Hw_Uart.o
 .debug_line    0x00000f2e       0x67 Hw_PLL.o
 .debug_line    0x00000f95       0x7a Hw_ISR.o
 .debug_line    0x0000100f      0x1c5 Hw_Timer.o
 .debug_line    0x000011d4      0x11e Hw_Uart_Q.o
 .debug_line    0x000012f2      0x120 Hw_Adc.o
 .debug_line    0x00001412       0xd4 Hw_Led.o
 .debug_line    0x000014e6       0x93 Hw_VCom.o
 .debug_line    0x00001579      0x26c Hw_VBus.o
 .debug_line    0x000017e5      0x275 Hw_KeyPad.o
 .debug_line    0x00001a5a      0x12e Hw_7Seg.o
 .debug_line    0x00001b88      0x166 Hw_CLcd.o
 .debug_line    0x00001cee       0x7a Hw_Cds.o
 .debug_line    0x00001d68      0x2cd Hw_DHT11.o
 .debug_line    0x00002035       0x62 usb_desc.o
 .debug_line    0x00002097       0xc1 usb_endp.o
 .debug_line    0x00002158      0x141 usb_istr.o
 .debug_line    0x00002299      0x21f usb_prop.o
 .debug_line    0x000024b8      0x1ed usb_pwr.o
 .debug_line    0x000026a5      0x24b hw_config.o
 .debug_line    0x000028f0      0x4a2 usb_core.o
 .debug_line    0x00002d92       0x8f usb_init.o
 .debug_line    0x00002e21       0xc2 usb_mem.o
 .debug_line    0x00002ee3      0x517 usb_regs.o
 .debug_line    0x000033fa       0xba usb_sil.o
 .debug_line    0x000034b4      0x117 usb_int.o

.debug_str      0x00000000     0x296e
 .debug_str     0x00000000      0x160 main.o
                                0x17e (size before relaxing)
 .debug_str     0x00000160       0x1c Ap.o
                                0x178 (size before relaxing)
 .debug_str     0x0000017c      0x338 Ap_StrCmd.o
                                0x4d1 (size before relaxing)
 .debug_str     0x000004b4       0xf7 Ap_StrCmd_Q.o
                                0x265 (size before relaxing)
 .debug_str     0x000005ab       0xaf Ap_EduMenu.o
                                0x226 (size before relaxing)
 .debug_str     0x0000065a      0x11d Lb_Printf.o
                                0x29c (size before relaxing)
 .debug_str     0x00000777       0x83 Hw_StartUp.o
                                0x1f1 (size before relaxing)
 .debug_str     0x000007fa       0x3c Hw.o
                                0x198 (size before relaxing)
 .debug_str     0x00000836      0x164 Hw_Uart.o
                                0x2d0 (size before relaxing)
 .debug_str     0x0000099a       0x24 Hw_PLL.o
                                0x180 (size before relaxing)
 .debug_str     0x000009be       0x9b Hw_ISR.o
                                0x1f7 (size before relaxing)
 .debug_str     0x00000a59      0x1b9 Hw_Timer.o
                                0x32b (size before relaxing)
 .debug_str     0x00000c12       0xc7 Hw_Uart_Q.o
                                0x223 (size before relaxing)
 .debug_str     0x00000cd9       0x74 Hw_Adc.o
                                0x1d0 (size before relaxing)
 .debug_str     0x00000d4d       0x55 Hw_Led.o
                                0x1b7 (size before relaxing)
 .debug_str     0x00000da2       0x44 Hw_VCom.o
                                0x1d8 (size before relaxing)
 .debug_str     0x00000de6      0x123 Hw_VBus.o
                                0x28c (size before relaxing)
 .debug_str     0x00000f09      0x256 Hw_KeyPad.o
                                0x3ef (size before relaxing)
 .debug_str     0x0000115f       0x9b Hw_7Seg.o
                                0x21e (size before relaxing)
 .debug_str     0x000011fa       0xc3 Hw_CLcd.o
                                0x247 (size before relaxing)
 .debug_str     0x000012bd       0x47 Hw_Cds.o
                                0x1a3 (size before relaxing)
 .debug_str     0x00001304      0x1d8 Hw_DHT11.o
                                0x35b (size before relaxing)
 .debug_str     0x000014dc       0xe1 usb_desc.o
                                0x245 (size before relaxing)
 .debug_str     0x000015bd      0x136 usb_endp.o
                                0x29a (size before relaxing)
 .debug_str     0x000016f3      0x1c4 usb_istr.o
                                0x3b2 (size before relaxing)
 .debug_str     0x000018b7      0x4ff usb_prop.o
                                0x94f (size before relaxing)
 .debug_str     0x00001db6       0x8f usb_pwr.o
                                0x364 (size before relaxing)
 .debug_str     0x00001e45      0x184 hw_config.o
                                0x518 (size before relaxing)
 .debug_str     0x00001fc9      0x43f usb_core.o
                                0xa61 (size before relaxing)
 .debug_str     0x00002408       0x43 usb_init.o
                                0x540 (size before relaxing)
 .debug_str     0x0000244b       0x7f usb_mem.o
                                0x1f5 (size before relaxing)
 .debug_str     0x000024ca      0x3eb usb_regs.o
                                0x57d (size before relaxing)
 .debug_str     0x000028b5       0x7d usb_sil.o
                                0x203 (size before relaxing)
 .debug_str     0x00002932       0x3c usb_int.o
                                0x1f4 (size before relaxing)

.comment        0x00000000       0x70
 .comment       0x00000000       0x70 main.o
                                 0x71 (size before relaxing)
 .comment       0x00000000       0x71 Ap.o
 .comment       0x00000000       0x71 Ap_StrCmd.o
 .comment       0x00000000       0x71 Ap_StrCmd_Q.o
 .comment       0x00000000       0x71 Ap_EduMenu.o
 .comment       0x00000000       0x71 Lb_Printf.o
 .comment       0x00000000       0x71 Hw_StartUp.o
 .comment       0x00000000       0x71 Hw.o
 .comment       0x00000000       0x71 Hw_Uart.o
 .comment       0x00000000       0x71 Hw_PLL.o
 .comment       0x00000000       0x71 Hw_ISR.o
 .comment       0x00000000       0x71 Hw_Timer.o
 .comment       0x00000000       0x71 Hw_Uart_Q.o
 .comment       0x00000000       0x71 Hw_Adc.o
 .comment       0x00000000       0x71 Hw_Led.o
 .comment       0x00000000       0x71 Hw_VCom.o
 .comment       0x00000000       0x71 Hw_VBus.o
 .comment       0x00000000       0x71 Hw_KeyPad.o
 .comment       0x00000000       0x71 Hw_7Seg.o
 .comment       0x00000000       0x71 Hw_CLcd.o
 .comment       0x00000000       0x71 Hw_Cds.o
 .comment       0x00000000       0x71 Hw_DHT11.o
 .comment       0x00000000       0x71 usb_desc.o
 .comment       0x00000000       0x71 usb_endp.o
 .comment       0x00000000       0x71 usb_istr.o
 .comment       0x00000000       0x71 usb_prop.o
 .comment       0x00000000       0x71 usb_pwr.o
 .comment       0x00000000       0x71 hw_config.o
 .comment       0x00000000       0x71 usb_core.o
 .comment       0x00000000       0x71 usb_init.o
 .comment       0x00000000       0x71 usb_mem.o
 .comment       0x00000000       0x71 usb_regs.o
 .comment       0x00000000       0x71 usb_sil.o
 .comment       0x00000000       0x71 usb_int.o

.ARM.attributes
                0x00000000       0x31
 .ARM.attributes
                0x00000000       0x33 main.o
 .ARM.attributes
                0x00000033       0x33 Ap.o
 .ARM.attributes
                0x00000066       0x33 Ap_StrCmd.o
 .ARM.attributes
                0x00000099       0x33 Ap_StrCmd_Q.o
 .ARM.attributes
                0x000000cc       0x33 Ap_EduMenu.o
 .ARM.attributes
                0x000000ff       0x33 Lb_Printf.o
 .ARM.attributes
                0x00000132       0x33 Hw_StartUp.o
 .ARM.attributes
                0x00000165       0x33 Hw.o
 .ARM.attributes
                0x00000198       0x33 Hw_Uart.o
 .ARM.attributes
                0x000001cb       0x33 Hw_PLL.o
 .ARM.attributes
                0x000001fe       0x33 Hw_ISR.o
 .ARM.attributes
                0x00000231       0x33 Hw_Timer.o
 .ARM.attributes
                0x00000264       0x33 Hw_Uart_Q.o
 .ARM.attributes
                0x00000297       0x33 Hw_Adc.o
 .ARM.attributes
                0x000002ca       0x33 Hw_Led.o
 .ARM.attributes
                0x000002fd       0x33 Hw_VCom.o
 .ARM.attributes
                0x00000330       0x33 Hw_VBus.o
 .ARM.attributes
                0x00000363       0x33 Hw_KeyPad.o
 .ARM.attributes
                0x00000396       0x33 Hw_7Seg.o
 .ARM.attributes
                0x000003c9       0x33 Hw_CLcd.o
 .ARM.attributes
                0x000003fc       0x33 Hw_Cds.o
 .ARM.attributes
                0x0000042f       0x33 Hw_DHT11.o
 .ARM.attributes
                0x00000462       0x33 usb_desc.o
 .ARM.attributes
                0x00000495       0x33 usb_endp.o
 .ARM.attributes
                0x000004c8       0x33 usb_istr.o
 .ARM.attributes
                0x000004fb       0x33 usb_prop.o
 .ARM.attributes
                0x0000052e       0x33 usb_pwr.o
 .ARM.attributes
                0x00000561       0x33 hw_config.o
 .ARM.attributes
                0x00000594       0x33 usb_core.o
 .ARM.attributes
                0x000005c7       0x33 usb_init.o
 .ARM.attributes
                0x000005fa       0x33 usb_mem.o
 .ARM.attributes
                0x0000062d       0x33 usb_regs.o
 .ARM.attributes
                0x00000660       0x33 usb_sil.o
 .ARM.attributes
                0x00000693       0x33 usb_int.o
 .ARM.attributes
                0x000006c6       0x2d c:/program files (x86)/gnu tools arm embedded/4.9 2015q1/bin/../lib/gcc/arm-none-eabi/4.9.3/../../../../arm-none-eabi/lib/armv7-m\libc.a(lib_a-ctype_.o)
 .ARM.attributes
                0x000006f3       0x2d c:/program files (x86)/gnu tools arm embedded/4.9 2015q1/bin/../lib/gcc/arm-none-eabi/4.9.3/../../../../arm-none-eabi/lib/armv7-m\libc.a(lib_a-sscanf.o)
 .ARM.attributes
                0x00000720       0x2d c:/program files (x86)/gnu tools arm embedded/4.9 2015q1/bin/../lib/gcc/arm-none-eabi/4.9.3/../../../../arm-none-eabi/lib/armv7-m\libc.a(lib_a-stdio.o)
 .ARM.attributes
                0x0000074d       0x2d c:/program files (x86)/gnu tools arm embedded/4.9 2015q1/bin/../lib/gcc/arm-none-eabi/4.9.3/../../../../arm-none-eabi/lib/armv7-m\libc.a(lib_a-strlen.o)
 .ARM.attributes
                0x0000077a       0x2d c:/program files (x86)/gnu tools arm embedded/4.9 2015q1/bin/../lib/gcc/arm-none-eabi/4.9.3/../../../../arm-none-eabi/lib/armv7-m\libc.a(lib_a-strncmp.o)
 .ARM.attributes
                0x000007a7       0x2d c:/program files (x86)/gnu tools arm embedded/4.9 2015q1/bin/../lib/gcc/arm-none-eabi/4.9.3/../../../../arm-none-eabi/lib/armv7-m\libc.a(lib_a-svfscanf.o)
 .ARM.attributes
                0x000007d4       0x2d c:/program files (x86)/gnu tools arm embedded/4.9 2015q1/bin/../lib/gcc/arm-none-eabi/4.9.3/../../../../arm-none-eabi/lib/armv7-m\libc.a(lib_a-impure.o)
 .ARM.attributes
                0x00000801       0x2d c:/program files (x86)/gnu tools arm embedded/4.9 2015q1/bin/../lib/gcc/arm-none-eabi/4.9.3/../../../../arm-none-eabi/lib/armv7-m\libc.a(lib_a-iswspace.o)
 .ARM.attributes
                0x0000082e       0x2d c:/program files (x86)/gnu tools arm embedded/4.9 2015q1/bin/../lib/gcc/arm-none-eabi/4.9.3/../../../../arm-none-eabi/lib/armv7-m\libc.a(lib_a-locale.o)
 .ARM.attributes
                0x0000085b       0x2d c:/program files (x86)/gnu tools arm embedded/4.9 2015q1/bin/../lib/gcc/arm-none-eabi/4.9.3/../../../../arm-none-eabi/lib/armv7-m\libc.a(lib_a-mbrtowc.o)
 .ARM.attributes
                0x00000888       0x2d c:/program files (x86)/gnu tools arm embedded/4.9 2015q1/bin/../lib/gcc/arm-none-eabi/4.9.3/../../../../arm-none-eabi/lib/armv7-m\libc.a(lib_a-mbtowc_r.o)
 .ARM.attributes
                0x000008b5       0x2d c:/program files (x86)/gnu tools arm embedded/4.9 2015q1/bin/../lib/gcc/arm-none-eabi/4.9.3/../../../../arm-none-eabi/lib/armv7-m\libc.a(lib_a-memset.o)
 .ARM.attributes
                0x000008e2       0x2d c:/program files (x86)/gnu tools arm embedded/4.9 2015q1/bin/../lib/gcc/arm-none-eabi/4.9.3/../../../../arm-none-eabi/lib/armv7-m\libc.a(lib_a-reent.o)
 .ARM.attributes
                0x0000090f       0x2d c:/program files (x86)/gnu tools arm embedded/4.9 2015q1/bin/../lib/gcc/arm-none-eabi/4.9.3/../../../../arm-none-eabi/lib/armv7-m\libc.a(lib_a-s_fpclassify.o)
 .ARM.attributes
                0x0000093c       0x2d c:/program files (x86)/gnu tools arm embedded/4.9 2015q1/bin/../lib/gcc/arm-none-eabi/4.9.3/../../../../arm-none-eabi/lib/armv7-m\libc.a(lib_a-sccl.o)
 .ARM.attributes
                0x00000969       0x2d c:/program files (x86)/gnu tools arm embedded/4.9 2015q1/bin/../lib/gcc/arm-none-eabi/4.9.3/../../../../arm-none-eabi/lib/armv7-m\libc.a(lib_a-sf_nan.o)
 .ARM.attributes
                0x00000996       0x2d c:/program files (x86)/gnu tools arm embedded/4.9 2015q1/bin/../lib/gcc/arm-none-eabi/4.9.3/../../../../arm-none-eabi/lib/armv7-m\libc.a(lib_a-sprintf.o)
 .ARM.attributes
                0x000009c3       0x2d c:/program files (x86)/gnu tools arm embedded/4.9 2015q1/bin/../lib/gcc/arm-none-eabi/4.9.3/../../../../arm-none-eabi/lib/armv7-m\libc.a(lib_a-strtod.o)
 .ARM.attributes
                0x000009f0       0x2d c:/program files (x86)/gnu tools arm embedded/4.9 2015q1/bin/../lib/gcc/arm-none-eabi/4.9.3/../../../../arm-none-eabi/lib/armv7-m\libc.a(lib_a-strtol.o)
 .ARM.attributes
                0x00000a1d       0x2d c:/program files (x86)/gnu tools arm embedded/4.9 2015q1/bin/../lib/gcc/arm-none-eabi/4.9.3/../../../../arm-none-eabi/lib/armv7-m\libc.a(lib_a-strtoll_r.o)
 .ARM.attributes
                0x00000a4a       0x2d c:/program files (x86)/gnu tools arm embedded/4.9 2015q1/bin/../lib/gcc/arm-none-eabi/4.9.3/../../../../arm-none-eabi/lib/armv7-m\libc.a(lib_a-strtoul.o)
 .ARM.attributes
                0x00000a77       0x2d c:/program files (x86)/gnu tools arm embedded/4.9 2015q1/bin/../lib/gcc/arm-none-eabi/4.9.3/../../../../arm-none-eabi/lib/armv7-m\libc.a(lib_a-strtoull_r.o)
 .ARM.attributes
                0x00000aa4       0x2d c:/program files (x86)/gnu tools arm embedded/4.9 2015q1/bin/../lib/gcc/arm-none-eabi/4.9.3/../../../../arm-none-eabi/lib/armv7-m\libc.a(lib_a-svfiscanf.o)
 .ARM.attributes
                0x00000ad1       0x2d c:/program files (x86)/gnu tools arm embedded/4.9 2015q1/bin/../lib/gcc/arm-none-eabi/4.9.3/../../../../arm-none-eabi/lib/armv7-m\libc.a(lib_a-svfprintf.o)
 .ARM.attributes
                0x00000afe       0x2d c:/program files (x86)/gnu tools arm embedded/4.9 2015q1/bin/../lib/gcc/arm-none-eabi/4.9.3/../../../../arm-none-eabi/lib/armv7-m\libc.a(lib_a-ungetc.o)
 .ARM.attributes
                0x00000b2b       0x2d c:/program files (x86)/gnu tools arm embedded/4.9 2015q1/bin/../lib/gcc/arm-none-eabi/4.9.3/../../../../arm-none-eabi/lib/armv7-m\libc.a(lib_a-dtoa.o)
 .ARM.attributes
                0x00000b58       0x2d c:/program files (x86)/gnu tools arm embedded/4.9 2015q1/bin/../lib/gcc/arm-none-eabi/4.9.3/../../../../arm-none-eabi/lib/armv7-m\libc.a(lib_a-freer.o)
 .ARM.attributes
                0x00000b85       0x2d c:/program files (x86)/gnu tools arm embedded/4.9 2015q1/bin/../lib/gcc/arm-none-eabi/4.9.3/../../../../arm-none-eabi/lib/armv7-m\libc.a(lib_a-gdtoa-gethex.o)
 .ARM.attributes
                0x00000bb2       0x2d c:/program files (x86)/gnu tools arm embedded/4.9 2015q1/bin/../lib/gcc/arm-none-eabi/4.9.3/../../../../arm-none-eabi/lib/armv7-m\libc.a(lib_a-gdtoa-hexnan.o)
 .ARM.attributes
                0x00000bdf       0x2d c:/program files (x86)/gnu tools arm embedded/4.9 2015q1/bin/../lib/gcc/arm-none-eabi/4.9.3/../../../../arm-none-eabi/lib/armv7-m\libc.a(lib_a-mallocr.o)
 .ARM.attributes
                0x00000c0c       0x2d c:/program files (x86)/gnu tools arm embedded/4.9 2015q1/bin/../lib/gcc/arm-none-eabi/4.9.3/../../../../arm-none-eabi/lib/armv7-m\libc.a(lib_a-memchr.o)
 .ARM.attributes
                0x00000c39       0x1b c:/program files (x86)/gnu tools arm embedded/4.9 2015q1/bin/../lib/gcc/arm-none-eabi/4.9.3/../../../../arm-none-eabi/lib/armv7-m\libc.a(lib_a-memcpy.o)
 .ARM.attributes
                0x00000c54       0x2d c:/program files (x86)/gnu tools arm embedded/4.9 2015q1/bin/../lib/gcc/arm-none-eabi/4.9.3/../../../../arm-none-eabi/lib/armv7-m\libc.a(lib_a-mlock.o)
 .ARM.attributes
                0x00000c81       0x2d c:/program files (x86)/gnu tools arm embedded/4.9 2015q1/bin/../lib/gcc/arm-none-eabi/4.9.3/../../../../arm-none-eabi/lib/armv7-m\libc.a(lib_a-mprec.o)
 .ARM.attributes
                0x00000cae       0x2d c:/program files (x86)/gnu tools arm embedded/4.9 2015q1/bin/../lib/gcc/arm-none-eabi/4.9.3/../../../../arm-none-eabi/lib/armv7-m\libc.a(lib_a-reallocr.o)
 .ARM.attributes
                0x00000cdb       0x2d c:/program files (x86)/gnu tools arm embedded/4.9 2015q1/bin/../lib/gcc/arm-none-eabi/4.9.3/../../../../arm-none-eabi/lib/armv7-m\libc.a(lib_a-sbrkr.o)
 .ARM.attributes
                0x00000d08       0x2d c:/program files (x86)/gnu tools arm embedded/4.9 2015q1/bin/../lib/gcc/arm-none-eabi/4.9.3/../../../../arm-none-eabi/lib/armv7-m\libc.a(lib_a-svfiprintf.o)
 .ARM.attributes
                0x00000d35       0x2d c:/program files (x86)/gnu tools arm embedded/4.9 2015q1/bin/../lib/gcc/arm-none-eabi/4.9.3/../../../../arm-none-eabi/lib/armv7-m\libc.a(lib_a-callocr.o)
 .ARM.attributes
                0x00000d62       0x2d c:/program files (x86)/gnu tools arm embedded/4.9 2015q1/bin/../lib/gcc/arm-none-eabi/4.9.3/../../../../arm-none-eabi/lib/armv7-m\libc.a(lib_a-memmove.o)
 .ARM.attributes
                0x00000d8f       0x1d c:/program files (x86)/gnu tools arm embedded/4.9 2015q1/bin/../lib/gcc/arm-none-eabi/4.9.3/armv7-m\libgcc.a(_arm_addsubdf3.o)
 .ARM.attributes
                0x00000dac       0x1d c:/program files (x86)/gnu tools arm embedded/4.9 2015q1/bin/../lib/gcc/arm-none-eabi/4.9.3/armv7-m\libgcc.a(_arm_muldivdf3.o)
 .ARM.attributes
                0x00000dc9       0x1d c:/program files (x86)/gnu tools arm embedded/4.9 2015q1/bin/../lib/gcc/arm-none-eabi/4.9.3/armv7-m\libgcc.a(_arm_cmpdf2.o)
 .ARM.attributes
                0x00000de6       0x1d c:/program files (x86)/gnu tools arm embedded/4.9 2015q1/bin/../lib/gcc/arm-none-eabi/4.9.3/armv7-m\libgcc.a(_arm_fixdfsi.o)
 .ARM.attributes
                0x00000e03       0x1d c:/program files (x86)/gnu tools arm embedded/4.9 2015q1/bin/../lib/gcc/arm-none-eabi/4.9.3/armv7-m\libgcc.a(_arm_fixunsdfsi.o)
 .ARM.attributes
                0x00000e20       0x1d c:/program files (x86)/gnu tools arm embedded/4.9 2015q1/bin/../lib/gcc/arm-none-eabi/4.9.3/armv7-m\libgcc.a(_arm_truncdfsf2.o)
 .ARM.attributes
                0x00000e3d       0x1d c:/program files (x86)/gnu tools arm embedded/4.9 2015q1/bin/../lib/gcc/arm-none-eabi/4.9.3/armv7-m\libgcc.a(_aeabi_uldivmod.o)
 .ARM.attributes
                0x00000e5a       0x2d c:/program files (x86)/gnu tools arm embedded/4.9 2015q1/bin/../lib/gcc/arm-none-eabi/4.9.3/armv7-m\libgcc.a(bpabi.o)
 .ARM.attributes
                0x00000e87       0x1d c:/program files (x86)/gnu tools arm embedded/4.9 2015q1/bin/../lib/gcc/arm-none-eabi/4.9.3/armv7-m\libgcc.a(_dvmd_tls.o)
 .ARM.attributes
                0x00000ea4       0x2d c:/program files (x86)/gnu tools arm embedded/4.9 2015q1/bin/../lib/gcc/arm-none-eabi/4.9.3/armv7-m\libgcc.a(_divdi3.o)
 .ARM.attributes
                0x00000ed1       0x2d c:/program files (x86)/gnu tools arm embedded/4.9 2015q1/bin/../lib/gcc/arm-none-eabi/4.9.3/armv7-m\libgcc.a(_udivdi3.o)

.debug_frame    0x00000000     0x2ea0
 .debug_frame   0x00000000       0x48 main.o
 .debug_frame   0x00000048       0x2c Ap.o
 .debug_frame   0x00000074      0x2c8 Ap_StrCmd.o
 .debug_frame   0x0000033c       0x98 Ap_StrCmd_Q.o
 .debug_frame   0x000003d4       0xc8 Ap_EduMenu.o
 .debug_frame   0x0000049c      0x224 Lb_Printf.o
 .debug_frame   0x000006c0       0x34 Hw_StartUp.o